Archive member included to satisfy reference by file (symbol)

C:/ST/STM32CubeIDE_1.10.1/STM32CubeIDE/plugins/com.st.stm32cube.ide.mcu.externaltools.gnu-tools-for-stm32.12.3.rel1.win32_1.0.100.202403111256/tools/bin/../lib/gcc/arm-none-eabi/12.3.1/../../../../arm-none-eabi/lib/thumb/v7e-m+fp/hard\libc_nano.a(libc_a-exit.o)
                              C:/ST/STM32CubeIDE_1.10.1/STM32CubeIDE/plugins/com.st.stm32cube.ide.mcu.externaltools.gnu-tools-for-stm32.12.3.rel1.win32_1.0.100.202403111256/tools/bin/../lib/gcc/arm-none-eabi/12.3.1/../../../../arm-none-eabi/lib/thumb/v7e-m+fp/hard/crt0.o (exit)
C:/ST/STM32CubeIDE_1.10.1/STM32CubeIDE/plugins/com.st.stm32cube.ide.mcu.externaltools.gnu-tools-for-stm32.12.3.rel1.win32_1.0.100.202403111256/tools/bin/../lib/gcc/arm-none-eabi/12.3.1/../../../../arm-none-eabi/lib/thumb/v7e-m+fp/hard\libc_nano.a(libc_a-findfp.o)
                              C:/ST/STM32CubeIDE_1.10.1/STM32CubeIDE/plugins/com.st.stm32cube.ide.mcu.externaltools.gnu-tools-for-stm32.12.3.rel1.win32_1.0.100.202403111256/tools/bin/../lib/gcc/arm-none-eabi/12.3.1/../../../../arm-none-eabi/lib/thumb/v7e-m+fp/hard\libc_nano.a(libc_a-exit.o) (__stdio_exit_handler)
C:/ST/STM32CubeIDE_1.10.1/STM32CubeIDE/plugins/com.st.stm32cube.ide.mcu.externaltools.gnu-tools-for-stm32.12.3.rel1.win32_1.0.100.202403111256/tools/bin/../lib/gcc/arm-none-eabi/12.3.1/../../../../arm-none-eabi/lib/thumb/v7e-m+fp/hard\libc_nano.a(libc_a-fwalk.o)
                              C:/ST/STM32CubeIDE_1.10.1/STM32CubeIDE/plugins/com.st.stm32cube.ide.mcu.externaltools.gnu-tools-for-stm32.12.3.rel1.win32_1.0.100.202403111256/tools/bin/../lib/gcc/arm-none-eabi/12.3.1/../../../../arm-none-eabi/lib/thumb/v7e-m+fp/hard\libc_nano.a(libc_a-findfp.o) (_fwalk_sglue)
C:/ST/STM32CubeIDE_1.10.1/STM32CubeIDE/plugins/com.st.stm32cube.ide.mcu.externaltools.gnu-tools-for-stm32.12.3.rel1.win32_1.0.100.202403111256/tools/bin/../lib/gcc/arm-none-eabi/12.3.1/../../../../arm-none-eabi/lib/thumb/v7e-m+fp/hard\libc_nano.a(libc_a-stdio.o)
                              C:/ST/STM32CubeIDE_1.10.1/STM32CubeIDE/plugins/com.st.stm32cube.ide.mcu.externaltools.gnu-tools-for-stm32.12.3.rel1.win32_1.0.100.202403111256/tools/bin/../lib/gcc/arm-none-eabi/12.3.1/../../../../arm-none-eabi/lib/thumb/v7e-m+fp/hard\libc_nano.a(libc_a-findfp.o) (__sread)
C:/ST/STM32CubeIDE_1.10.1/STM32CubeIDE/plugins/com.st.stm32cube.ide.mcu.externaltools.gnu-tools-for-stm32.12.3.rel1.win32_1.0.100.202403111256/tools/bin/../lib/gcc/arm-none-eabi/12.3.1/../../../../arm-none-eabi/lib/thumb/v7e-m+fp/hard\libc_nano.a(libc_a-memset.o)
                              C:/ST/STM32CubeIDE_1.10.1/STM32CubeIDE/plugins/com.st.stm32cube.ide.mcu.externaltools.gnu-tools-for-stm32.12.3.rel1.win32_1.0.100.202403111256/tools/bin/../lib/gcc/arm-none-eabi/12.3.1/../../../../arm-none-eabi/lib/thumb/v7e-m+fp/hard/crt0.o (memset)
C:/ST/STM32CubeIDE_1.10.1/STM32CubeIDE/plugins/com.st.stm32cube.ide.mcu.externaltools.gnu-tools-for-stm32.12.3.rel1.win32_1.0.100.202403111256/tools/bin/../lib/gcc/arm-none-eabi/12.3.1/../../../../arm-none-eabi/lib/thumb/v7e-m+fp/hard\libc_nano.a(libc_a-closer.o)
                              C:/ST/STM32CubeIDE_1.10.1/STM32CubeIDE/plugins/com.st.stm32cube.ide.mcu.externaltools.gnu-tools-for-stm32.12.3.rel1.win32_1.0.100.202403111256/tools/bin/../lib/gcc/arm-none-eabi/12.3.1/../../../../arm-none-eabi/lib/thumb/v7e-m+fp/hard\libc_nano.a(libc_a-stdio.o) (_close_r)
C:/ST/STM32CubeIDE_1.10.1/STM32CubeIDE/plugins/com.st.stm32cube.ide.mcu.externaltools.gnu-tools-for-stm32.12.3.rel1.win32_1.0.100.202403111256/tools/bin/../lib/gcc/arm-none-eabi/12.3.1/../../../../arm-none-eabi/lib/thumb/v7e-m+fp/hard\libc_nano.a(libc_a-reent.o)
                              C:/ST/STM32CubeIDE_1.10.1/STM32CubeIDE/plugins/com.st.stm32cube.ide.mcu.externaltools.gnu-tools-for-stm32.12.3.rel1.win32_1.0.100.202403111256/tools/bin/../lib/gcc/arm-none-eabi/12.3.1/../../../../arm-none-eabi/lib/thumb/v7e-m+fp/hard\libc_nano.a(libc_a-closer.o) (errno)
C:/ST/STM32CubeIDE_1.10.1/STM32CubeIDE/plugins/com.st.stm32cube.ide.mcu.externaltools.gnu-tools-for-stm32.12.3.rel1.win32_1.0.100.202403111256/tools/bin/../lib/gcc/arm-none-eabi/12.3.1/../../../../arm-none-eabi/lib/thumb/v7e-m+fp/hard\libc_nano.a(libc_a-impure.o)
                              C:/ST/STM32CubeIDE_1.10.1/STM32CubeIDE/plugins/com.st.stm32cube.ide.mcu.externaltools.gnu-tools-for-stm32.12.3.rel1.win32_1.0.100.202403111256/tools/bin/../lib/gcc/arm-none-eabi/12.3.1/../../../../arm-none-eabi/lib/thumb/v7e-m+fp/hard\libc_nano.a(libc_a-reent.o) (_impure_ptr)
C:/ST/STM32CubeIDE_1.10.1/STM32CubeIDE/plugins/com.st.stm32cube.ide.mcu.externaltools.gnu-tools-for-stm32.12.3.rel1.win32_1.0.100.202403111256/tools/bin/../lib/gcc/arm-none-eabi/12.3.1/../../../../arm-none-eabi/lib/thumb/v7e-m+fp/hard\libc_nano.a(libc_a-lseekr.o)
[...]
Memory Configuration

Name             Origin             Length             Attributes
RAM              0x20000000         0x00008000         xrw
FLASH            0x08000000         0x00010000         xr
*default*        0x00000000         0xffffffff

Linker script and memory map

LOAD C:/ST/STM32CubeIDE_1.10.1/STM32CubeIDE/plugins/com.st.stm32cube.ide.mcu.externaltools.gnu-tools-for-stm32.12.3.rel1.win32_1.0.100.202403111256/tools/bin/../lib/gcc/arm-none-eabi/12.3.1/thumb/v7e-m+fp/hard/crti.o
LOAD C:/ST/STM32CubeIDE_1.10.1/STM32CubeIDE/plugins/com.st.stm32cube.ide.mcu.externaltools.gnu-tools-for-stm32.12.3.rel1.win32_1.0.100.202403111256/tools/bin/../lib/gcc/arm-none-eabi/12.3.1/thumb/v7e-m+fp/hard/crtbegin.o
LOAD C:/ST/STM32CubeIDE_1.10.1/STM32CubeIDE/plugins/com.st.stm32cube.ide.mcu.externaltools.gnu-tools-for-stm32.12.3.rel1.win32_1.0.100.202403111256/tools/bin/../lib/gcc/arm-none-eabi/12.3.1/../../../../arm-none-eabi/lib/thumb/v7e-m+fp/hard/crt0.o
LOAD ./Core/Src/Flash/Flash.o
LOAD ./Core/Src/USB/USBCom.o
LOAD ./Core/Src/adc.o
LOAD ./Core/Src/dac.o
LOAD ./Core/Src/gpio.o
LOAD ./Core/Src/main.o
LOAD ./Core/Src/stm32g4xx_hal_msp.o
LOAD ./Core/Src/stm32g4xx_it.o
LOAD ./Core/Src/syscalls.o
LOAD ./Core/Src/sysmem.o
LOAD ./Core/Src/system_stm32g4xx.o
LOAD ./Core/Src/tim.o
LOAD ./Core/Startup/startup_stm32g431k8tx.o
LOAD ./Drivers/STM32G4xx_HAL_Driver/Src/stm32g4xx_hal.o
LOAD ./Drivers/STM32G4xx_HAL_Driver/Src/stm32g4xx_hal_adc.o
LOAD ./Drivers/STM32G4xx_HAL_Driver/Src/stm32g4xx_hal_adc_ex.o
LOAD ./Drivers/STM32G4xx_HAL_Driver/Src/stm32g4xx_hal_cortex.o
LOAD ./Drivers/STM32G4xx_HAL_Driver/Src/stm32g4xx_hal_dac.o
LOAD ./Drivers/STM32G4xx_HAL_Driver/Src/stm32g4xx_hal_dac_ex.o
LOAD ./Drivers/STM32G4xx_HAL_Driver/Src/stm32g4xx_hal_dma.o
LOAD ./Drivers/STM32G4xx_HAL_Driver/Src/stm32g4xx_hal_dma_ex.o
LOAD ./Drivers/STM32G4xx_HAL_Driver/Src/stm32g4xx_hal_exti.o
LOAD ./Drivers/STM32G4xx_HAL_Driver/Src/stm32g4xx_hal_flash.o
LOAD ./Drivers/STM32G4xx_HAL_Driver/Src/stm32g4xx_hal_flash_ex.o
LOAD ./Drivers/STM32G4xx_HAL_Driver/Src/stm32g4xx_hal_flash_ramfunc.o
LOAD ./Drivers/STM32G4xx_HAL_Driver/Src/stm32g4xx_hal_gpio.o
LOAD ./Drivers/STM32G4xx_HAL_Driver/Src/stm32g4xx_hal_pcd.o
LOAD ./Drivers/STM32G4xx_HAL_Driver/Src/stm32g4xx_hal_pcd_ex.o
LOAD ./Drivers/STM32G4xx_HAL_Driver/Src/stm32g4xx_hal_pwr.o
LOAD ./Drivers/STM32G4xx_HAL_Driver/Src/stm32g4xx_hal_pwr_ex.o
LOAD ./Drivers/STM32G4xx_HAL_Driver/Src/stm32g4xx_hal_rcc.o
LOAD ./Drivers/STM32G4xx_HAL_Driver/Src/stm32g4xx_hal_rcc_ex.o
LOAD ./Drivers/STM32G4xx_HAL_Driver/Src/stm32g4xx_hal_tim.o
LOAD ./Drivers/STM32G4xx_HAL_Driver/Src/stm32g4xx_hal_tim_ex.o
LOAD ./Drivers/STM32G4xx_HAL_Driver/Src/stm32g4xx_ll_adc.o
LOAD ./Drivers/STM32G4xx_HAL_Driver/Src/stm32g4xx_ll_usb.o
LOAD ./Middlewares/ST/STM32_USB_Device_Library/Class/CDC/Src/usbd_cdc.o
LOAD ./Middlewares/ST/STM32_USB_Device_Library/Core/Src/usbd_core.o
LOAD ./Middlewares/ST/STM32_USB_Device_Library/Core/Src/usbd_ctlreq.o
LOAD ./Middlewares/ST/STM32_USB_Device_Library/Core/Src/usbd_ioreq.o
LOAD ./USB_Device/App/usb_device.o
LOAD ./USB_Device/App/usbd_cdc_if.o
LOAD ./USB_Device/App/usbd_desc.o
LOAD ./USB_Device/Target/usbd_conf.o
START GROUP
LOAD C:/ST/STM32CubeIDE_1.10.1/STM32CubeIDE/plugins/com.st.stm32cube.ide.mcu.externaltools.gnu-tools-for-stm32.12.3.rel1.win32_1.0.100.202403111256/tools/bin/../lib/gcc/arm-none-eabi/12.3.1/../../../../arm-none-eabi/lib/thumb/v7e-m+fp/hard\libstdc++_nano.a
LOAD C:/ST/STM32CubeIDE_1.10.1/STM32CubeIDE/plugins/com.st.stm32cube.ide.mcu.externaltools.gnu-tools-for-stm32.12.3.rel1.win32_1.0.100.202403111256/tools/bin/../lib/gcc/arm-none-eabi/12.3.1/../../../../arm-none-eabi/lib/thumb/v7e-m+fp/hard\libsupc++_nano.a
END GROUP
LOAD C:/ST/STM32CubeIDE_1.10.1/STM32CubeIDE/plugins/com.st.stm32cube.ide.mcu.externaltools.gnu-tools-for-stm32.12.3.rel1.win32_1.0.100.202403111256/tools/bin/../lib/gcc/arm-none-eabi/12.3.1/../../../../arm-none-eabi/lib/thumb/v7e-m+fp/hard\libstdc++_nano.a
LOAD C:/ST/STM32CubeIDE_1.10.1/STM32CubeIDE/plugins/com.st.stm32cube.ide.mcu.externaltools.gnu-tools-for-stm32.12.3.rel1.win32_1.0.100.202403111256/tools/bin/../lib/gcc/arm-none-eabi/12.3.1/../../../../arm-none-eabi/lib/thumb/v7e-m+fp/hard\libm.a
LOAD C:/ST/STM32CubeIDE_1.10.1/STM32CubeIDE/plugins/com.st.stm32cube.ide.mcu.externaltools.gnu-tools-for-stm32.12.3.rel1.win32_1.0.100.202403111256/tools/bin/../lib/gcc/arm-none-eabi/12.3.1/../../../../arm-none-eabi/lib/thumb/v7e-m+fp/hard\libc_nano.a
START GROUP
LOAD C:/ST/STM32CubeIDE_1.10.1/STM32CubeIDE/plugins/com.st.stm32cube.ide.mcu.externaltools.gnu-tools-for-stm32.12.3.rel1.win32_1.0.100.202403111256/tools/bin/../lib/gcc/arm-none-eabi/12.3.1/thumb/v7e-m+fp/hard\libgcc.a
LOAD C:/ST/STM32CubeIDE_1.10.1/STM32CubeIDE/plugins/com.st.stm32cube.ide.mcu.externaltools.gnu-tools-for-stm32.12.3.rel1.win32_1.0.100.202403111256/tools/bin/../lib/gcc/arm-none-eabi/12.3.1/../../../../arm-none-eabi/lib/thumb/v7e-m+fp/hard\libc_nano.a
END GROUP
START GROUP
LOAD C:/ST/STM32CubeIDE_1.10.1/STM32CubeIDE/plugins/com.st.stm32cube.ide.mcu.externaltools.gnu-tools-for-stm32.12.3.rel1.win32_1.0.100.202403111256/tools/bin/../lib/gcc/arm-none-eabi/12.3.1/thumb/v7e-m+fp/hard\libgcc.a
LOAD C:/ST/STM32CubeIDE_1.10.1/STM32CubeIDE/plugins/com.st.stm32cube.ide.mcu.externaltools.gnu-tools-for-stm32.12.3.rel1.win32_1.0.100.202403111256/tools/bin/../lib/gcc/arm-none-eabi/12.3.1/../../../../arm-none-eabi/lib/thumb/v7e-m+fp/hard\libc_nano.a
LOAD C:/ST/STM32CubeIDE_1.10.1/STM32CubeIDE/plugins/com.st.stm32cube.ide.mcu.externaltools.gnu-tools-for-stm32.12.3.rel1.win32_1.0.100.202403111256/tools/bin/../lib/gcc/arm-none-eabi/12.3.1/../../../../arm-none-eabi/lib/thumb/v7e-m+fp/hard\libnosys.a
END GROUP
START GROUP
LOAD C:/ST/STM32CubeIDE_1.10.1/STM32CubeIDE/plugins/com.st.stm32cube.ide.mcu.externaltools.gnu-tools-for-stm32.12.3.rel1.win32_1.0.100.202403111256/tools/bin/../lib/gcc/arm-none-eabi/12.3.1/thumb/v7e-m+fp/hard\libgcc.a
LOAD C:/ST/STM32CubeIDE_1.10.1/STM32CubeIDE/plugins/com.st.stm32cube.ide.mcu.externaltools.gnu-tools-for-stm32.12.3.rel1.win32_1.0.100.202403111256/tools/bin/../lib/gcc/arm-none-eabi/12.3.1/../../../../arm-none-eabi/lib/thumb/v7e-m+fp/hard\libc_nano.a
LOAD C:/ST/STM32CubeIDE_1.10.1/STM32CubeIDE/plugins/com.st.stm32cube.ide.mcu.externaltools.gnu-tools-for-stm32.12.3.rel1.win32_1.0.100.202403111256/tools/bin/../lib/gcc/arm-none-eabi/12.3.1/../../../../arm-none-eabi/lib/thumb/v7e-m+fp/hard\libnosys.a
END GROUP
LOAD C:/ST/STM32CubeIDE_1.10.1/STM32CubeIDE/plugins/com.st.stm32cube.ide.mcu.externaltools.gnu-tools-for-stm32.12.3.rel1.win32_1.0.100.202403111256/tools/bin/../lib/gcc/arm-none-eabi/12.3.1/thumb/v7e-m+fp/hard/crtend.o
LOAD C:/ST/STM32CubeIDE_1.10.1/STM32CubeIDE/plugins/com.st.stm32cube.ide.mcu.externaltools.gnu-tools-for-stm32.12.3.rel1.win32_1.0.100.202403111256/tools/bin/../lib/gcc/arm-none-eabi/12.3.1/thumb/v7e-m+fp/hard/crtn.o
                0x20008000                        _estack = (ORIGIN (RAM) + LENGTH (RAM))
                0x00000200                        _Min_Heap_Size = 0x200
                0x00000400                        _Min_Stack_Size = 0x400

.isr_vector     0x08000000      0x1d8
                0x08000000                        . = ALIGN (0x4)
 *(.isr_vector)
 .isr_vector    0x08000000      0x1d8 ./Core/Startup/startup_stm32g431k8tx.o
                0x08000000                g_pfnVectors
                0x080001d8                        . = ALIGN (0x4)

.text           0x080001d8     0xbd2c
                0x080001d8                        . = ALIGN (0x4)
 *(.text)
 .text          0x080001d8       0x40 C:/ST/STM32CubeIDE_1.10.1/STM32CubeIDE/plugins/com.st.stm32cube.ide.mcu.externaltools.gnu-tools-for-stm32.12.3.rel1.win32_1.0.100.202403111256/tools/bin/../lib/gcc/arm-none-eabi/12.3.1/thumb/v7e-m+fp/hard/crtbegin.o
 *(.text*)
 .text._ZN5FlashC2Ev
                0x08000218       0x4e ./Core/Src/Flash/Flash.o
                0x08000218                Flash::Flash()
                0x08000218                Flash::Flash()
 .text._ZN5Flash4SaveEv
                0x08000266       0xc6 ./Core/Src/Flash/Flash.o
                0x08000266                Flash::Save()
 .text._ZN5Flash12GetDacOutputEv
                0x0800032c       0x1c ./Core/Src/Flash/Flash.o
                0x0800032c                Flash::GetDacOutput()
 .text._ZN5Flash12SetDacOutputEy
                0x08000348       0x22 ./Core/Src/Flash/Flash.o
                0x08000348                Flash::SetDacOutput(unsigned long long)
 .text._ZN5Flash14GetFetOffValueEv
                0x0800036a       0x1c ./Core/Src/Flash/Flash.o
                0x0800036a                Flash::GetFetOffValue()
 .text._ZN5Flash14SetFetOffValueEy
                0x08000386       0x22 ./Core/Src/Flash/Flash.o
                0x08000386                Flash::SetFetOffValue(unsigned long long)
 .text._ZN5Flash13GetFetOnValueEv
                0x080003a8       0x1c ./Core/Src/Flash/Flash.o
                0x080003a8                Flash::GetFetOnValue()
 .text._ZN5Flash13SetFetOnValueEy
                0x080003c4       0x22 ./Core/Src/Flash/Flash.o
                0x080003c4                Flash::SetFetOnValue(unsigned long long)
 .text._ZN5Flash15IsRelayInvertedEv
                0x080003e6       0x1c ./Core/Src/Flash/Flash.o
                0x080003e6                Flash::IsRelayInverted()
 .text._ZN5Flash16SetRelayInvertedEy
                0x08000402       0x22 ./Core/Src/Flash/Flash.o
                0x08000402                Flash::SetRelayInverted(unsigned long long)
 .text._ZN7USB_ComC2EP5Flash
                0x08000424       0x1e ./Core/Src/USB/USBCom.o
                0x08000424                USB_Com::USB_Com(Flash*)
                0x08000424                USB_Com::USB_Com(Flash*)
 .text._ZN7USB_Com8TransmitEPhh
                0x08000442       0x36 ./Core/Src/USB/USBCom.o
                0x08000442                USB_Com::Transmit(unsigned char*, unsigned char)
 .text._ZN7USB_Com7ReceiveEPhh
                0x08000478      0x1ec ./Core/Src/USB/USBCom.o
                0x08000478                USB_Com::Receive(unsigned char*, unsigned char)
 .text.MX_ADC2_Init
                0x08000664       0xd0 ./Core/Src/adc.o
                0x08000664                MX_ADC2_Init
 .text.HAL_ADC_MspInit
                0x08000734       0xbc ./Core/Src/adc.o
                0x08000734                HAL_ADC_MspInit
 .text.MX_DAC1_Init
                0x080007f0       0x74 ./Core/Src/dac.o
                0x080007f0                MX_DAC1_Init
 .text.HAL_DAC_MspInit
                0x08000864       0x7c ./Core/Src/dac.o
                0x08000864                HAL_DAC_MspInit
 .text.MX_GPIO_Init
                0x080008e0      0x120 ./Core/Src/gpio.o
                0x080008e0                MX_GPIO_Init
 .text.main     0x08000a00      0x100 ./Core/Src/main.o
                0x08000a00                main
 .text._Z18SystemClock_Configv
                0x08000b00       0xb0 ./Core/Src/main.o
                0x08000b00                SystemClock_Config()
 .text.HAL_ADC_ConvCpltCallback
                0x08000bb0       0x30 ./Core/Src/main.o
                0x08000bb0                HAL_ADC_ConvCpltCallback
 .text.HAL_TIM_PeriodElapsedCallback
                0x08000be0       0x58 ./Core/Src/main.o
                0x08000be0                HAL_TIM_PeriodElapsedCallback
 .text.USB_CDC_RX_Interrupt
                0x08000c38       0x24 ./Core/Src/main.o
                0x08000c38                USB_CDC_RX_Interrupt
 .text.Error_Handler
                0x08000c5c        0xc ./Core/Src/main.o
                0x08000c5c                Error_Handler
 .text._Z41__static_initialization_and_destruction_0ii
                0x08000c68       0x38 ./Core/Src/main.o
 .text._GLOBAL__sub_I_flash
                0x08000ca0       0x10 ./Core/Src/main.o
 .text.HAL_MspInit
                0x08000cb0       0x48 ./Core/Src/stm32g4xx_hal_msp.o
                0x08000cb0                HAL_MspInit
 .text.NMI_Handler
                0x08000cf8        0x8 ./Core/Src/stm32g4xx_it.o
                0x08000cf8                NMI_Handler
 .text.HardFault_Handler
                0x08000d00        0x8 ./Core/Src/stm32g4xx_it.o
                0x08000d00                HardFault_Handler
 .text.MemManage_Handler
                0x08000d08        0x8 ./Core/Src/stm32g4xx_it.o
                0x08000d08                MemManage_Handler
 .text.BusFault_Handler
                0x08000d10        0x8 ./Core/Src/stm32g4xx_it.o
                0x08000d10                BusFault_Handler
 .text.UsageFault_Handler
                0x08000d18        0x8 ./Core/Src/stm32g4xx_it.o
                0x08000d18                UsageFault_Handler
 .text.SVC_Handler
                0x08000d20        0xe ./Core/Src/stm32g4xx_it.o
                0x08000d20                SVC_Handler
 .text.DebugMon_Handler
                0x08000d2e        0xe ./Core/Src/stm32g4xx_it.o
                0x08000d2e                DebugMon_Handler
 .text.PendSV_Handler
                0x08000d3c        0xe ./Core/Src/stm32g4xx_it.o
                0x08000d3c                PendSV_Handler
 .text.SysTick_Handler
                0x08000d4a        0xc ./Core/Src/stm32g4xx_it.o
                0x08000d4a                SysTick_Handler
 *fill*         0x08000d56        0x2 
 .text.ADC1_2_IRQHandler
                0x08000d58       0x14 ./Core/Src/stm32g4xx_it.o
                0x08000d58                ADC1_2_IRQHandler
 .text.USB_LP_IRQHandler
                0x08000d6c       0x14 ./Core/Src/stm32g4xx_it.o
                0x08000d6c                USB_LP_IRQHandler
 .text.TIM1_TRG_COM_TIM17_IRQHandler
                0x08000d80       0x14 ./Core/Src/stm32g4xx_it.o
                0x08000d80                TIM1_TRG_COM_TIM17_IRQHandler
 .text.TIM2_IRQHandler
                0x08000d94       0x14 ./Core/Src/stm32g4xx_it.o
                0x08000d94                TIM2_IRQHandler
 .text.SystemInit
                0x08000da8       0x24 ./Core/Src/system_stm32g4xx.o
                0x08000da8                SystemInit
 .text.MX_TIM1_Init
                0x08000dcc      0x15c ./Core/Src/tim.o
                0x08000dcc                MX_TIM1_Init
 .text.MX_TIM2_Init
                0x08000f28       0x9c ./Core/Src/tim.o
                0x08000f28                MX_TIM2_Init
 .text.HAL_TIM_Base_MspInit
                0x08000fc4       0x80 ./Core/Src/tim.o
                0x08000fc4                HAL_TIM_Base_MspInit
 .text.Reset_Handler
                0x08001044       0x50 ./Core/Startup/startup_stm32g431k8tx.o
                0x08001044                Reset_Handler
 .text.Default_Handler
                0x08001094        0x2 ./Core/Startup/startup_stm32g431k8tx.o
                0x08001094                RTC_Alarm_IRQHandler
                0x08001094                EXTI2_IRQHandler
                0x08001094                TIM8_TRG_COM_IRQHandler
                0x08001094                TIM8_CC_IRQHandler
                0x08001094                TIM1_CC_IRQHandler
                0x08001094                USB_HP_IRQHandler
                0x08001094                CORDIC_IRQHandler
                0x08001094                EXTI3_IRQHandler
                0x08001094                I2C3_ER_IRQHandler
                0x08001094                EXTI0_IRQHandler
                0x08001094                I2C2_EV_IRQHandler
                0x08001094                FPU_IRQHandler
                0x08001094                FDCAN1_IT1_IRQHandler
                0x08001094                TIM1_UP_TIM16_IRQHandler
                0x08001094                SPI1_IRQHandler
                0x08001094                TIM6_DAC_IRQHandler
                0x08001094                TIM8_UP_IRQHandler
                0x08001094                DMA2_Channel2_IRQHandler
                0x08001094                DMA1_Channel4_IRQHandler
                0x08001094                USART3_IRQHandler
                0x08001094                TIM4_IRQHandler
                0x08001094                DMA2_Channel1_IRQHandler
                0x08001094                I2C1_EV_IRQHandler
                0x08001094                DMA1_Channel6_IRQHandler
                0x08001094                UART4_IRQHandler
                0x08001094                DMA2_Channel4_IRQHandler
                0x08001094                TIM3_IRQHandler
                0x08001094                RCC_IRQHandler
                0x08001094                DMA1_Channel1_IRQHandler
                0x08001094                Default_Handler
                0x08001094                RTC_TAMP_LSECSS_IRQHandler
                0x08001094                FMAC_IRQHandler
                0x08001094                EXTI15_10_IRQHandler
                0x08001094                TIM7_IRQHandler
                0x08001094                UCPD1_IRQHandler
                0x08001094                I2C3_EV_IRQHandler
                0x08001094                EXTI9_5_IRQHandler
                0x08001094                RTC_WKUP_IRQHandler
                0x08001094                PVD_PVM_IRQHandler
                0x08001094                SPI2_IRQHandler
                0x08001094                DMA2_Channel5_IRQHandler
                0x08001094                CRS_IRQHandler
                0x08001094                DMA1_Channel5_IRQHandler
                0x08001094                EXTI4_IRQHandler
                0x08001094                RNG_IRQHandler
                0x08001094                DMA1_Channel3_IRQHandler
                0x08001094                WWDG_IRQHandler
                0x08001094                LPUART1_IRQHandler
                0x08001094                DMA2_Channel6_IRQHandler
                0x08001094                FDCAN1_IT0_IRQHandler
                0x08001094                COMP1_2_3_IRQHandler
                0x08001094                EXTI1_IRQHandler
                0x08001094                USART2_IRQHandler
                0x08001094                I2C2_ER_IRQHandler
                0x08001094                DMA1_Channel2_IRQHandler
                0x08001094                TIM8_BRK_IRQHandler
                0x08001094                FLASH_IRQHandler
                0x08001094                USART1_IRQHandler
                0x08001094                SPI3_IRQHandler
                0x08001094                I2C1_ER_IRQHandler
                0x08001094                LPTIM1_IRQHandler
                0x08001094                DMAMUX_OVR_IRQHandler
                0x08001094                USBWakeUp_IRQHandler
                0x08001094                SAI1_IRQHandler
                0x08001094                DMA2_Channel3_IRQHandler
                0x08001094                COMP4_IRQHandler
                0x08001094                TIM1_BRK_TIM15_IRQHandler
 .text.HAL_Init
                0x08001096       0x30 ./Drivers/STM32G4xx_HAL_Driver/Src/stm32g4xx_hal.o
                0x08001096                HAL_Init
 *fill*         0x080010c6        0x2 
 .text.HAL_InitTick
                0x080010c8       0x74 ./Drivers/STM32G4xx_HAL_Driver/Src/stm32g4xx_hal.o
                0x080010c8                HAL_InitTick
 .text.HAL_IncTick
                0x0800113c       0x24 ./Drivers/STM32G4xx_HAL_Driver/Src/stm32g4xx_hal.o
                0x0800113c                HAL_IncTick
 .text.HAL_GetTick
                0x08001160       0x18 ./Drivers/STM32G4xx_HAL_Driver/Src/stm32g4xx_hal.o
                0x08001160                HAL_GetTick
 .text.HAL_Delay
                0x08001178       0x44 ./Drivers/STM32G4xx_HAL_Driver/Src/stm32g4xx_hal.o
                0x08001178                HAL_Delay
 .text.LL_ADC_SetCommonClock
                0x080011bc       0x26 ./Drivers/STM32G4xx_HAL_Driver/Src/stm32g4xx_hal_adc.o
 .text.LL_ADC_SetCommonPathInternalCh
                0x080011e2       0x26 ./Drivers/STM32G4xx_HAL_Driver/Src/stm32g4xx_hal_adc.o
 .text.LL_ADC_GetCommonPathInternalCh
                0x08001208       0x1c ./Drivers/STM32G4xx_HAL_Driver/Src/stm32g4xx_hal_adc.o
 .text.LL_ADC_SetOffset
                0x08001224       0x48 ./Drivers/STM32G4xx_HAL_Driver/Src/stm32g4xx_hal_adc.o
 .text.LL_ADC_GetOffsetChannel
                0x0800126c       0x2c ./Drivers/STM32G4xx_HAL_Driver/Src/stm32g4xx_hal_adc.o
 .text.LL_ADC_SetOffsetState
                0x08001298       0x36 ./Drivers/STM32G4xx_HAL_Driver/Src/stm32g4xx_hal_adc.o
 .text.LL_ADC_SetOffsetSign
                0x080012ce       0x36 ./Drivers/STM32G4xx_HAL_Driver/Src/stm32g4xx_hal_adc.o
 .text.LL_ADC_SetOffsetSaturation
                0x08001304       0x36 ./Drivers/STM32G4xx_HAL_Driver/Src/stm32g4xx_hal_adc.o
 .text.LL_ADC_SetSamplingTimeCommonConfig
                0x0800133a       0x26 ./Drivers/STM32G4xx_HAL_Driver/Src/stm32g4xx_hal_adc.o
 .text.LL_ADC_REG_IsTriggerSourceSWStart
                0x08001360       0x26 ./Drivers/STM32G4xx_HAL_Driver/Src/stm32g4xx_hal_adc.o
 .text.LL_ADC_REG_SetSequencerRanks
                0x08001386       0x58 ./Drivers/STM32G4xx_HAL_Driver/Src/stm32g4xx_hal_adc.o
 .text.LL_ADC_INJ_IsTriggerSourceSWStart
                0x080013de       0x26 ./Drivers/STM32G4xx_HAL_Driver/Src/stm32g4xx_hal_adc.o
 .text.LL_ADC_SetChannelSamplingTime
                0x08001404       0x56 ./Drivers/STM32G4xx_HAL_Driver/Src/stm32g4xx_hal_adc.o
 *fill*         0x0800145a        0x2 
 .text.LL_ADC_SetChannelSingleDiff
                0x0800145c       0x50 ./Drivers/STM32G4xx_HAL_Driver/Src/stm32g4xx_hal_adc.o
 .text.LL_ADC_GetMultimode
                0x080014ac       0x1c ./Drivers/STM32G4xx_HAL_Driver/Src/stm32g4xx_hal_adc.o
 .text.LL_ADC_GetMultiDMATransfer
                0x080014c8       0x1c ./Drivers/STM32G4xx_HAL_Driver/Src/stm32g4xx_hal_adc.o
 .text.LL_ADC_DisableDeepPowerDown
                0x080014e4       0x24 ./Drivers/STM32G4xx_HAL_Driver/Src/stm32g4xx_hal_adc.o
 .text.LL_ADC_IsDeepPowerDownEnabled
                0x08001508       0x28 ./Drivers/STM32G4xx_HAL_Driver/Src/stm32g4xx_hal_adc.o
 .text.LL_ADC_EnableInternalRegulator
                0x08001530       0x28 ./Drivers/STM32G4xx_HAL_Driver/Src/stm32g4xx_hal_adc.o
 .text.LL_ADC_IsInternalRegulatorEnabled
                0x08001558       0x28 ./Drivers/STM32G4xx_HAL_Driver/Src/stm32g4xx_hal_adc.o
 .text.LL_ADC_Enable
                0x08001580       0x28 ./Drivers/STM32G4xx_HAL_Driver/Src/stm32g4xx_hal_adc.o
 .text.LL_ADC_IsEnabled
                0x080015a8       0x26 ./Drivers/STM32G4xx_HAL_Driver/Src/stm32g4xx_hal_adc.o
 .text.LL_ADC_REG_StartConversion
                0x080015ce       0x28 ./Drivers/STM32G4xx_HAL_Driver/Src/stm32g4xx_hal_adc.o
 .text.LL_ADC_REG_IsConversionOngoing
                0x080015f6       0x26 ./Drivers/STM32G4xx_HAL_Driver/Src/stm32g4xx_hal_adc.o
 .text.LL_ADC_INJ_IsConversionOngoing
                0x0800161c       0x26 ./Drivers/STM32G4xx_HAL_Driver/Src/stm32g4xx_hal_adc.o
 *fill*         0x08001642        0x2 
 .text.HAL_ADC_Init
                0x08001644      0x314 ./Drivers/STM32G4xx_HAL_Driver/Src/stm32g4xx_hal_adc.o
                0x08001644                HAL_ADC_Init
 .text.HAL_ADC_Start_IT
                0x08001958      0x260 ./Drivers/STM32G4xx_HAL_Driver/Src/stm32g4xx_hal_adc.o
                0x08001958                HAL_ADC_Start_IT
 .text.HAL_ADC_IRQHandler
                0x08001bb8      0x434 ./Drivers/STM32G4xx_HAL_Driver/Src/stm32g4xx_hal_adc.o
                0x08001bb8                HAL_ADC_IRQHandler
 .text.HAL_ADC_LevelOutOfWindowCallback
                0x08001fec       0x14 ./Drivers/STM32G4xx_HAL_Driver/Src/stm32g4xx_hal_adc.o
                0x08001fec                HAL_ADC_LevelOutOfWindowCallback
 .text.HAL_ADC_ErrorCallback
                0x08002000       0x14 ./Drivers/STM32G4xx_HAL_Driver/Src/stm32g4xx_hal_adc.o
                0x08002000                HAL_ADC_ErrorCallback
 .text.HAL_ADC_ConfigChannel
                0x08002014      0x7e0 ./Drivers/STM32G4xx_HAL_Driver/Src/stm32g4xx_hal_adc.o
                0x08002014                HAL_ADC_ConfigChannel
 .text.ADC_Enable
                0x080027f4       0xc4 ./Drivers/STM32G4xx_HAL_Driver/Src/stm32g4xx_hal_adc.o
                0x080027f4                ADC_Enable
 .text.HAL_ADCEx_InjectedConvCpltCallback
                0x080028b8       0x14 ./Drivers/STM32G4xx_HAL_Driver/Src/stm32g4xx_hal_adc_ex.o
                0x080028b8                HAL_ADCEx_InjectedConvCpltCallback
 .text.HAL_ADCEx_InjectedQueueOverflowCallback
                0x080028cc       0x14 ./Drivers/STM32G4xx_HAL_Driver/Src/stm32g4xx_hal_adc_ex.o
                0x080028cc                HAL_ADCEx_InjectedQueueOverflowCallback
 .text.HAL_ADCEx_LevelOutOfWindow2Callback
                0x080028e0       0x14 ./Drivers/STM32G4xx_HAL_Driver/Src/stm32g4xx_hal_adc_ex.o
                0x080028e0                HAL_ADCEx_LevelOutOfWindow2Callback
 .text.HAL_ADCEx_LevelOutOfWindow3Callback
                0x080028f4       0x14 ./Drivers/STM32G4xx_HAL_Driver/Src/stm32g4xx_hal_adc_ex.o
                0x080028f4                HAL_ADCEx_LevelOutOfWindow3Callback
 .text.HAL_ADCEx_EndOfSamplingCallback
                0x08002908       0x14 ./Drivers/STM32G4xx_HAL_Driver/Src/stm32g4xx_hal_adc_ex.o
                0x08002908                HAL_ADCEx_EndOfSamplingCallback
 .text.__NVIC_SetPriorityGrouping
                0x0800291c       0x48 ./Drivers/STM32G4xx_HAL_Driver/Src/stm32g4xx_hal_cortex.o
 .text.__NVIC_GetPriorityGrouping
                0x08002964       0x1c ./Drivers/STM32G4xx_HAL_Driver/Src/stm32g4xx_hal_cortex.o
 .text.__NVIC_EnableIRQ
                0x08002980       0x3c ./Drivers/STM32G4xx_HAL_Driver/Src/stm32g4xx_hal_cortex.o
 .text.__NVIC_SetPriority
                0x080029bc       0x54 ./Drivers/STM32G4xx_HAL_Driver/Src/stm32g4xx_hal_cortex.o
 .text.NVIC_EncodePriority
                0x08002a10       0x66 ./Drivers/STM32G4xx_HAL_Driver/Src/stm32g4xx_hal_cortex.o
 *fill*         0x08002a76        0x2 
 .text.SysTick_Config
                0x08002a78       0x44 ./Drivers/STM32G4xx_HAL_Driver/Src/stm32g4xx_hal_cortex.o
 .text.HAL_NVIC_SetPriorityGrouping
                0x08002abc       0x16 ./Drivers/STM32G4xx_HAL_Driver/Src/stm32g4xx_hal_cortex.o
                0x08002abc                HAL_NVIC_SetPriorityGrouping
 .text.HAL_NVIC_SetPriority
                0x08002ad2       0x34 ./Drivers/STM32G4xx_HAL_Driver/Src/stm32g4xx_hal_cortex.o
                0x08002ad2                HAL_NVIC_SetPriority
 .text.HAL_NVIC_EnableIRQ
                0x08002b06       0x1c ./Drivers/STM32G4xx_HAL_Driver/Src/stm32g4xx_hal_cortex.o
                0x08002b06                HAL_NVIC_EnableIRQ
 .text.HAL_SYSTICK_Config
                0x08002b22       0x18 ./Drivers/STM32G4xx_HAL_Driver/Src/stm32g4xx_hal_cortex.o
                0x08002b22                HAL_SYSTICK_Config
 .text.HAL_DAC_Init
                0x08002b3a       0x44 ./Drivers/STM32G4xx_HAL_Driver/Src/stm32g4xx_hal_dac.o
                0x08002b3a                HAL_DAC_Init
 .text.HAL_DAC_Start
                0x08002b7e       0xa6 ./Drivers/STM32G4xx_HAL_Driver/Src/stm32g4xx_hal_dac.o
                0x08002b7e                HAL_DAC_Start
 .text.HAL_DAC_SetValue
                0x08002c24       0x50 ./Drivers/STM32G4xx_HAL_Driver/Src/stm32g4xx_hal_dac.o
                0x08002c24                HAL_DAC_SetValue
 .text.HAL_DAC_ConfigChannel
                0x08002c74      0x350 ./Drivers/STM32G4xx_HAL_Driver/Src/stm32g4xx_hal_dac.o
                0x08002c74                HAL_DAC_ConfigChannel
 .text.HAL_FLASH_Program
                0x08002fc4       0xac ./Drivers/STM32G4xx_HAL_Driver/Src/stm32g4xx_hal_flash.o
                0x08002fc4                HAL_FLASH_Program
 .text.HAL_FLASH_Unlock
                0x08003070       0x44 ./Drivers/STM32G4xx_HAL_Driver/Src/stm32g4xx_hal_flash.o
                0x08003070                HAL_FLASH_Unlock
 .text.HAL_FLASH_Lock
                0x080030b4       0x34 ./Drivers/STM32G4xx_HAL_Driver/Src/stm32g4xx_hal_flash.o
                0x080030b4                HAL_FLASH_Lock
 .text.FLASH_WaitForLastOperation
                0x080030e8       0xa4 ./Drivers/STM32G4xx_HAL_Driver/Src/stm32g4xx_hal_flash.o
                0x080030e8                FLASH_WaitForLastOperation
 .text.FLASH_Program_DoubleWord
                0x0800318c       0x4c ./Drivers/STM32G4xx_HAL_Driver/Src/stm32g4xx_hal_flash.o
 .text.FLASH_Program_Fast
                0x080031d8       0x6c ./Drivers/STM32G4xx_HAL_Driver/Src/stm32g4xx_hal_flash.o
 .text.HAL_FLASHEx_Erase
                0x08003244      0x130 ./Drivers/STM32G4xx_HAL_Driver/Src/stm32g4xx_hal_flash_ex.o
                0x08003244                HAL_FLASHEx_Erase
 .text.FLASH_MassErase
                0x08003374       0x3c ./Drivers/STM32G4xx_HAL_Driver/Src/stm32g4xx_hal_flash_ex.o
 .text.FLASH_PageErase
                0x080033b0       0x48 ./Drivers/STM32G4xx_HAL_Driver/Src/stm32g4xx_hal_flash_ex.o
                0x080033b0                FLASH_PageErase
 .text.FLASH_FlushCaches
                0x080033f8       0x94 ./Drivers/STM32G4xx_HAL_Driver/Src/stm32g4xx_hal_flash_ex.o
                0x080033f8                FLASH_FlushCaches
 .text.HAL_GPIO_Init
                0x0800348c      0x304 ./Drivers/STM32G4xx_HAL_Driver/Src/stm32g4xx_hal_gpio.o
                0x0800348c                HAL_GPIO_Init
 .text.HAL_GPIO_WritePin
                0x08003790       0x30 ./Drivers/STM32G4xx_HAL_Driver/Src/stm32g4xx_hal_gpio.o
                0x08003790                HAL_GPIO_WritePin
 .text.HAL_PCD_Init
                0x080037c0      0x1ca ./Drivers/STM32G4xx_HAL_Driver/Src/stm32g4xx_hal_pcd.o
                0x080037c0                HAL_PCD_Init
 .text.HAL_PCD_Start
                0x0800398a       0x44 ./Drivers/STM32G4xx_HAL_Driver/Src/stm32g4xx_hal_pcd.o
                0x0800398a                HAL_PCD_Start
 .text.HAL_PCD_IRQHandler
                0x080039ce      0x24e ./Drivers/STM32G4xx_HAL_Driver/Src/stm32g4xx_hal_pcd.o
                0x080039ce                HAL_PCD_IRQHandler
 .text.HAL_PCD_SetAddress
                0x08003c1c       0x4a ./Drivers/STM32G4xx_HAL_Driver/Src/stm32g4xx_hal_pcd.o
                0x08003c1c                HAL_PCD_SetAddress
 .text.HAL_PCD_EP_Open
                0x08003c66       0xcc ./Drivers/STM32G4xx_HAL_Driver/Src/stm32g4xx_hal_pcd.o
                0x08003c66                HAL_PCD_EP_Open
 .text.HAL_PCD_EP_Close
                0x08003d32       0x90 ./Drivers/STM32G4xx_HAL_Driver/Src/stm32g4xx_hal_pcd.o
                0x08003d32                HAL_PCD_EP_Close
 .text.HAL_PCD_EP_Receive
                0x08003dc2       0x7a ./Drivers/STM32G4xx_HAL_Driver/Src/stm32g4xx_hal_pcd.o
                0x08003dc2                HAL_PCD_EP_Receive
 .text.HAL_PCD_EP_GetRxCount
                0x08003e3c       0x30 ./Drivers/STM32G4xx_HAL_Driver/Src/stm32g4xx_hal_pcd.o
                0x08003e3c                HAL_PCD_EP_GetRxCount
 .text.HAL_PCD_EP_Transmit
                0x08003e6c       0x86 ./Drivers/STM32G4xx_HAL_Driver/Src/stm32g4xx_hal_pcd.o
                0x08003e6c                HAL_PCD_EP_Transmit
 .text.HAL_PCD_EP_SetStall
                0x08003ef2       0xa4 ./Drivers/STM32G4xx_HAL_Driver/Src/stm32g4xx_hal_pcd.o
                0x08003ef2                HAL_PCD_EP_SetStall
 .text.HAL_PCD_EP_ClrStall
                0x08003f96       0xa8 ./Drivers/STM32G4xx_HAL_Driver/Src/stm32g4xx_hal_pcd.o
                0x08003f96                HAL_PCD_EP_ClrStall
 .text.PCD_EP_ISR_Handler
                0x0800403e      0x75e ./Drivers/STM32G4xx_HAL_Driver/Src/stm32g4xx_hal_pcd.o
 .text.HAL_PCD_EP_DB_Receive
                0x0800479c      0x212 ./Drivers/STM32G4xx_HAL_Driver/Src/stm32g4xx_hal_pcd.o
 .text.HAL_PCD_EP_DB_Transmit
                0x080049ae      0x79c ./Drivers/STM32G4xx_HAL_Driver/Src/stm32g4xx_hal_pcd.o
 .text.HAL_PCDEx_PMAConfig
                0x0800514a       0x86 ./Drivers/STM32G4xx_HAL_Driver/Src/stm32g4xx_hal_pcd_ex.o
                0x0800514a                HAL_PCDEx_PMAConfig
 .text.HAL_PCDEx_ActivateLPM
                0x080051d0       0x54 ./Drivers/STM32G4xx_HAL_Driver/Src/stm32g4xx_hal_pcd_ex.o
                0x080051d0                HAL_PCDEx_ActivateLPM
 .text.HAL_PWREx_ControlVoltageScaling
                0x08005224      0x148 ./Drivers/STM32G4xx_HAL_Driver/Src/stm32g4xx_hal_pwr_ex.o
                0x08005224                HAL_PWREx_ControlVoltageScaling
 .text.HAL_PWREx_DisableUCPDDeadBattery
                0x0800536c       0x20 ./Drivers/STM32G4xx_HAL_Driver/Src/stm32g4xx_hal_pwr_ex.o
                0x0800536c                HAL_PWREx_DisableUCPDDeadBattery
 .text.HAL_RCC_OscConfig
                0x0800538c      0x630 ./Drivers/STM32G4xx_HAL_Driver/Src/stm32g4xx_hal_rcc.o
                0x0800538c                HAL_RCC_OscConfig
 .text.HAL_RCC_ClockConfig
                0x080059bc      0x278 ./Drivers/STM32G4xx_HAL_Driver/Src/stm32g4xx_hal_rcc.o
                0x080059bc                HAL_RCC_ClockConfig
 .text.HAL_RCC_GetSysClockFreq
                0x08005c34       0xc4 ./Drivers/STM32G4xx_HAL_Driver/Src/stm32g4xx_hal_rcc.o
                0x08005c34                HAL_RCC_GetSysClockFreq
 .text.HAL_RCC_GetHCLKFreq
                0x08005cf8       0x18 ./Drivers/STM32G4xx_HAL_Driver/Src/stm32g4xx_hal_rcc.o
                0x08005cf8                HAL_RCC_GetHCLKFreq
 .text.RCC_GetSysClockFreqFromPLLSource
                0x08005d10       0x8c ./Drivers/STM32G4xx_HAL_Driver/Src/stm32g4xx_hal_rcc.o
 .text.HAL_RCCEx_PeriphCLKConfig
                0x08005d9c      0x3e0 ./Drivers/STM32G4xx_HAL_Driver/Src/stm32g4xx_hal_rcc_ex.o
                0x08005d9c                HAL_RCCEx_PeriphCLKConfig
 .text.HAL_TIM_Base_Init
                0x0800617c       0xae ./Drivers/STM32G4xx_HAL_Driver/Src/stm32g4xx_hal_tim.o
                0x0800617c                HAL_TIM_Base_Init
 *fill*         0x0800622a        0x2 
 .text.HAL_TIM_Base_Start_IT
                0x0800622c       0xd4 ./Drivers/STM32G4xx_HAL_Driver/Src/stm32g4xx_hal_tim.o
                0x0800622c                HAL_TIM_Base_Start_IT
 .text.HAL_TIM_PWM_Init
                0x08006300       0xae ./Drivers/STM32G4xx_HAL_Driver/Src/stm32g4xx_hal_tim.o
                0x08006300                HAL_TIM_PWM_Init
 .text.HAL_TIM_PWM_MspInit
                0x080063ae       0x14 ./Drivers/STM32G4xx_HAL_Driver/Src/stm32g4xx_hal_tim.o
                0x080063ae                HAL_TIM_PWM_MspInit
 .text.HAL_TIM_IRQHandler
                0x080063c2      0x2fe ./Drivers/STM32G4xx_HAL_Driver/Src/stm32g4xx_hal_tim.o
                0x080063c2                HAL_TIM_IRQHandler
 .text.HAL_TIM_PWM_ConfigChannel
                0x080066c0      0x228 ./Drivers/STM32G4xx_HAL_Driver/Src/stm32g4xx_hal_tim.o
                0x080066c0                HAL_TIM_PWM_ConfigChannel
 .text.HAL_TIM_ConfigClockSource
                0x080068e8      0x1f4 ./Drivers/STM32G4xx_HAL_Driver/Src/stm32g4xx_hal_tim.o
                0x080068e8                HAL_TIM_ConfigClockSource
 .text.HAL_TIM_OC_DelayElapsedCallback
                0x08006adc       0x14 ./Drivers/STM32G4xx_HAL_Driver/Src/stm32g4xx_hal_tim.o
                0x08006adc                HAL_TIM_OC_DelayElapsedCallback
 .text.HAL_TIM_IC_CaptureCallback
                0x08006af0       0x14 ./Drivers/STM32G4xx_HAL_Driver/Src/stm32g4xx_hal_tim.o
                0x08006af0                HAL_TIM_IC_CaptureCallback
 .text.HAL_TIM_PWM_PulseFinishedCallback
                0x08006b04       0x14 ./Drivers/STM32G4xx_HAL_Driver/Src/stm32g4xx_hal_tim.o
                0x08006b04                HAL_TIM_PWM_PulseFinishedCallback
 .text.HAL_TIM_TriggerCallback
                0x08006b18       0x14 ./Drivers/STM32G4xx_HAL_Driver/Src/stm32g4xx_hal_tim.o
                0x08006b18                HAL_TIM_TriggerCallback
 .text.TIM_Base_SetConfig
                0x08006b2c      0x120 ./Drivers/STM32G4xx_HAL_Driver/Src/stm32g4xx_hal_tim.o
                0x08006b2c                TIM_Base_SetConfig
 .text.TIM_OC1_SetConfig
                0x08006c4c      0x120 ./Drivers/STM32G4xx_HAL_Driver/Src/stm32g4xx_hal_tim.o
 .text.TIM_OC2_SetConfig
                0x08006d6c      0x114 ./Drivers/STM32G4xx_HAL_Driver/Src/stm32g4xx_hal_tim.o
                0x08006d6c                TIM_OC2_SetConfig
 .text.TIM_OC3_SetConfig
                0x08006e80      0x110 ./Drivers/STM32G4xx_HAL_Driver/Src/stm32g4xx_hal_tim.o
 .text.TIM_OC4_SetConfig
                0x08006f90      0x114 ./Drivers/STM32G4xx_HAL_Driver/Src/stm32g4xx_hal_tim.o
 .text.TIM_OC5_SetConfig
                0x080070a4       0xc8 ./Drivers/STM32G4xx_HAL_Driver/Src/stm32g4xx_hal_tim.o
 .text.TIM_OC6_SetConfig
                0x0800716c       0xcc ./Drivers/STM32G4xx_HAL_Driver/Src/stm32g4xx_hal_tim.o
 .text.TIM_TI1_ConfigInputStage
                0x08007238       0x5e ./Drivers/STM32G4xx_HAL_Driver/Src/stm32g4xx_hal_tim.o
 .text.TIM_TI2_ConfigInputStage
                0x08007296       0x60 ./Drivers/STM32G4xx_HAL_Driver/Src/stm32g4xx_hal_tim.o
 .text.TIM_ITRx_SetConfig
                0x080072f6       0x3a ./Drivers/STM32G4xx_HAL_Driver/Src/stm32g4xx_hal_tim.o
 .text.TIM_ETR_SetConfig
                0x08007330       0x40 ./Drivers/STM32G4xx_HAL_Driver/Src/stm32g4xx_hal_tim.o
                0x08007330                TIM_ETR_SetConfig
 .text.HAL_TIMEx_MasterConfigSynchronization
                0x08007370      0x104 ./Drivers/STM32G4xx_HAL_Driver/Src/stm32g4xx_hal_tim_ex.o
                0x08007370                HAL_TIMEx_MasterConfigSynchronization
 .text.HAL_TIMEx_ConfigBreakDeadTime
                0x08007474      0x140 ./Drivers/STM32G4xx_HAL_Driver/Src/stm32g4xx_hal_tim_ex.o
                0x08007474                HAL_TIMEx_ConfigBreakDeadTime
 .text.HAL_TIMEx_CommutCallback
                0x080075b4       0x14 ./Drivers/STM32G4xx_HAL_Driver/Src/stm32g4xx_hal_tim_ex.o
                0x080075b4                HAL_TIMEx_CommutCallback
 .text.HAL_TIMEx_BreakCallback
                0x080075c8       0x14 ./Drivers/STM32G4xx_HAL_Driver/Src/stm32g4xx_hal_tim_ex.o
                0x080075c8                HAL_TIMEx_BreakCallback
 .text.HAL_TIMEx_Break2Callback
                0x080075dc       0x14 ./Drivers/STM32G4xx_HAL_Driver/Src/stm32g4xx_hal_tim_ex.o
                0x080075dc                HAL_TIMEx_Break2Callback
 .text.HAL_TIMEx_EncoderIndexCallback
                0x080075f0       0x14 ./Drivers/STM32G4xx_HAL_Driver/Src/stm32g4xx_hal_tim_ex.o
                0x080075f0                HAL_TIMEx_EncoderIndexCallback
 .text.HAL_TIMEx_DirectionChangeCallback
                0x08007604       0x14 ./Drivers/STM32G4xx_HAL_Driver/Src/stm32g4xx_hal_tim_ex.o
                0x08007604                HAL_TIMEx_DirectionChangeCallback
 .text.HAL_TIMEx_IndexErrorCallback
                0x08007618       0x14 ./Drivers/STM32G4xx_HAL_Driver/Src/stm32g4xx_hal_tim_ex.o
                0x08007618                HAL_TIMEx_IndexErrorCallback
 .text.HAL_TIMEx_TransitionErrorCallback
                0x0800762c       0x14 ./Drivers/STM32G4xx_HAL_Driver/Src/stm32g4xx_hal_tim_ex.o
                0x0800762c                HAL_TIMEx_TransitionErrorCallback
 .text.USB_EnableGlobalInt
                0x08007640       0x2e ./Drivers/STM32G4xx_HAL_Driver/Src/stm32g4xx_ll_usb.o
                0x08007640                USB_EnableGlobalInt
 .text.USB_DisableGlobalInt
                0x0800766e       0x36 ./Drivers/STM32G4xx_HAL_Driver/Src/stm32g4xx_ll_usb.o
                0x0800766e                USB_DisableGlobalInt
 .text.USB_DevInit
                0x080076a4       0x42 ./Drivers/STM32G4xx_HAL_Driver/Src/stm32g4xx_ll_usb.o
                0x080076a4                USB_DevInit
 *fill*         0x080076e6        0x2 
 .text.USB_ActivateEndpoint
                0x080076e8      0x728 ./Drivers/STM32G4xx_HAL_Driver/Src/stm32g4xx_ll_usb.o
                0x080076e8                USB_ActivateEndpoint
 .text.USB_DeactivateEndpoint
                0x08007e10      0x3da ./Drivers/STM32G4xx_HAL_Driver/Src/stm32g4xx_ll_usb.o
                0x08007e10                USB_DeactivateEndpoint
 .text.USB_EPStartXfer
                0x080081ea     0x166c ./Drivers/STM32G4xx_HAL_Driver/Src/stm32g4xx_ll_usb.o
                0x080081ea                USB_EPStartXfer
 .text.USB_EPSetStall
                0x08009856       0xa2 ./Drivers/STM32G4xx_HAL_Driver/Src/stm32g4xx_ll_usb.o
                0x08009856                USB_EPSetStall
 .text.USB_EPClearStall
                0x080098f8      0x15c ./Drivers/STM32G4xx_HAL_Driver/Src/stm32g4xx_ll_usb.o
                0x080098f8                USB_EPClearStall
 .text.USB_SetDevAddress
                0x08009a54       0x28 ./Drivers/STM32G4xx_HAL_Driver/Src/stm32g4xx_ll_usb.o
                0x08009a54                USB_SetDevAddress
 .text.USB_DevConnect
                0x08009a7c       0x2e ./Drivers/STM32G4xx_HAL_Driver/Src/stm32g4xx_ll_usb.o
                0x08009a7c                USB_DevConnect
 .text.USB_ReadInterrupts
                0x08009aaa       0x20 ./Drivers/STM32G4xx_HAL_Driver/Src/stm32g4xx_ll_usb.o
                0x08009aaa                USB_ReadInterrupts
 .text.USB_WritePMA
                0x08009aca       0x82 ./Drivers/STM32G4xx_HAL_Driver/Src/stm32g4xx_ll_usb.o
                0x08009aca                USB_WritePMA
 .text.USB_ReadPMA
                0x08009b4c       0x98 ./Drivers/STM32G4xx_HAL_Driver/Src/stm32g4xx_ll_usb.o
                0x08009b4c                USB_ReadPMA
 .text.USBD_CDC_Init
                0x08009be4       0xfe ./Middlewares/ST/STM32_USB_Device_Library/Class/CDC/Src/usbd_cdc.o
 .text.USBD_CDC_DeInit
                0x08009ce2       0x74 ./Middlewares/ST/STM32_USB_Device_Library/Class/CDC/Src/usbd_cdc.o
 *fill*         0x08009d56        0x2 
 .text.USBD_CDC_Setup
                0x08009d58      0x190 ./Middlewares/ST/STM32_USB_Device_Library/Class/CDC/Src/usbd_cdc.o
 .text.USBD_CDC_DataIn
                0x08009ee8       0xca ./Middlewares/ST/STM32_USB_Device_Library/Class/CDC/Src/usbd_cdc.o
 .text.USBD_CDC_DataOut
                0x08009fb2       0x56 ./Middlewares/ST/STM32_USB_Device_Library/Class/CDC/Src/usbd_cdc.o
 .text.USBD_CDC_EP0_RxReady
                0x0800a008       0x58 ./Middlewares/ST/STM32_USB_Device_Library/Class/CDC/Src/usbd_cdc.o
 .text.USBD_CDC_GetFSCfgDesc
                0x0800a060       0x20 ./Middlewares/ST/STM32_USB_Device_Library/Class/CDC/Src/usbd_cdc.o
 .text.USBD_CDC_GetHSCfgDesc
                0x0800a080       0x20 ./Middlewares/ST/STM32_USB_Device_Library/Class/CDC/Src/usbd_cdc.o
 .text.USBD_CDC_GetOtherSpeedCfgDesc
                0x0800a0a0       0x20 ./Middlewares/ST/STM32_USB_Device_Library/Class/CDC/Src/usbd_cdc.o
 .text.USBD_CDC_GetDeviceQualifierDescriptor
                0x0800a0c0       0x20 ./Middlewares/ST/STM32_USB_Device_Library/Class/CDC/Src/usbd_cdc.o
                0x0800a0c0                USBD_CDC_GetDeviceQualifierDescriptor
 .text.USBD_CDC_RegisterInterface
                0x0800a0e0       0x2a ./Middlewares/ST/STM32_USB_Device_Library/Class/CDC/Src/usbd_cdc.o
                0x0800a0e0                USBD_CDC_RegisterInterface
 .text.USBD_CDC_SetTxBuffer
                0x0800a10a       0x3c ./Middlewares/ST/STM32_USB_Device_Library/Class/CDC/Src/usbd_cdc.o
                0x0800a10a                USBD_CDC_SetTxBuffer
 .text.USBD_CDC_SetRxBuffer
                0x0800a146       0x32 ./Middlewares/ST/STM32_USB_Device_Library/Class/CDC/Src/usbd_cdc.o
                0x0800a146                USBD_CDC_SetRxBuffer
 .text.USBD_CDC_TransmitPacket
                0x0800a178       0x60 ./Middlewares/ST/STM32_USB_Device_Library/Class/CDC/Src/usbd_cdc.o
                0x0800a178                USBD_CDC_TransmitPacket
 .text.USBD_CDC_ReceivePacket
                0x0800a1d8       0x54 ./Middlewares/ST/STM32_USB_Device_Library/Class/CDC/Src/usbd_cdc.o
                0x0800a1d8                USBD_CDC_ReceivePacket
 .text.USBD_Init
                0x0800a22c       0x60 ./Middlewares/ST/STM32_USB_Device_Library/Core/Src/usbd_core.o
                0x0800a22c                USBD_Init
 .text.USBD_RegisterClass
                0x0800a28c       0x4e ./Middlewares/ST/STM32_USB_Device_Library/Core/Src/usbd_core.o
                0x0800a28c                USBD_RegisterClass
 .text.USBD_Start
                0x0800a2da       0x18 ./Middlewares/ST/STM32_USB_Device_Library/Core/Src/usbd_core.o
                0x0800a2da                USBD_Start
 .text.USBD_RunTestMode
                0x0800a2f2       0x16 ./Middlewares/ST/STM32_USB_Device_Library/Core/Src/usbd_core.o
                0x0800a2f2                USBD_RunTestMode
 .text.USBD_SetClassConfig
                0x0800a308       0x38 ./Middlewares/ST/STM32_USB_Device_Library/Core/Src/usbd_core.o
                0x0800a308                USBD_SetClassConfig
 .text.USBD_ClrClassConfig
                0x0800a340       0x30 ./Middlewares/ST/STM32_USB_Device_Library/Core/Src/usbd_core.o
                0x0800a340                USBD_ClrClassConfig
 .text.USBD_LL_SetupStage
                0x0800a370       0xaa ./Middlewares/ST/STM32_USB_Device_Library/Core/Src/usbd_core.o
                0x0800a370                USBD_LL_SetupStage
 .text.USBD_LL_DataOutStage
                0x0800a41a       0xc6 ./Middlewares/ST/STM32_USB_Device_Library/Core/Src/usbd_core.o
                0x0800a41a                USBD_LL_DataOutStage
 .text.USBD_LL_DataInStage
                0x0800a4e0      0x12c ./Middlewares/ST/STM32_USB_Device_Library/Core/Src/usbd_core.o
                0x0800a4e0                USBD_LL_DataInStage
 .text.USBD_LL_Reset
                0x0800a60c       0x9c ./Middlewares/ST/STM32_USB_Device_Library/Core/Src/usbd_core.o
                0x0800a60c                USBD_LL_Reset
 .text.USBD_LL_SetSpeed
                0x0800a6a8       0x20 ./Middlewares/ST/STM32_USB_Device_Library/Core/Src/usbd_core.o
                0x0800a6a8                USBD_LL_SetSpeed
 .text.USBD_LL_Suspend
                0x0800a6c8       0x2c ./Middlewares/ST/STM32_USB_Device_Library/Core/Src/usbd_core.o
                0x0800a6c8                USBD_LL_Suspend
 .text.USBD_LL_Resume
                0x0800a6f4       0x30 ./Middlewares/ST/STM32_USB_Device_Library/Core/Src/usbd_core.o
                0x0800a6f4                USBD_LL_Resume
 .text.USBD_LL_SOF
                0x0800a724       0x44 ./Middlewares/ST/STM32_USB_Device_Library/Core/Src/usbd_core.o
                0x0800a724                USBD_LL_SOF
 .text.SWAPBYTE
                0x0800a768       0x3c ./Middlewares/ST/STM32_USB_Device_Library/Core/Src/usbd_ctlreq.o
 .text.USBD_StdDevReq
                0x0800a7a4       0xdc ./Middlewares/ST/STM32_USB_Device_Library/Core/Src/usbd_ctlreq.o
                0x0800a7a4                USBD_StdDevReq
 .text.USBD_StdItfReq
                0x0800a880       0x92 ./Middlewares/ST/STM32_USB_Device_Library/Core/Src/usbd_ctlreq.o
                0x0800a880                USBD_StdItfReq
 .text.USBD_StdEPReq
                0x0800a912      0x2c4 ./Middlewares/ST/STM32_USB_Device_Library/Core/Src/usbd_ctlreq.o
                0x0800a912                USBD_StdEPReq
 *fill*         0x0800abd6        0x2 
 .text.USBD_GetDescriptor
                0x0800abd8      0x328 ./Middlewares/ST/STM32_USB_Device_Library/Core/Src/usbd_ctlreq.o
 .text.USBD_SetAddress
                0x0800af00       0x88 ./Middlewares/ST/STM32_USB_Device_Library/Core/Src/usbd_ctlreq.o
 .text.USBD_SetConfig
                0x0800af88      0x14c ./Middlewares/ST/STM32_USB_Device_Library/Core/Src/usbd_ctlreq.o
 .text.USBD_GetConfig
                0x0800b0d4       0x6c ./Middlewares/ST/STM32_USB_Device_Library/Core/Src/usbd_ctlreq.o
 .text.USBD_GetStatus
                0x0800b140       0x68 ./Middlewares/ST/STM32_USB_Device_Library/Core/Src/usbd_ctlreq.o
 .text.USBD_SetFeature
                0x0800b1a8       0x28 ./Middlewares/ST/STM32_USB_Device_Library/Core/Src/usbd_ctlreq.o
 .text.USBD_ClrFeature
                0x0800b1d0       0x44 ./Middlewares/ST/STM32_USB_Device_Library/Core/Src/usbd_ctlreq.o
 .text.USBD_ParseSetupRequest
                0x0800b214       0x74 ./Middlewares/ST/STM32_USB_Device_Library/Core/Src/usbd_ctlreq.o
                0x0800b214                USBD_ParseSetupRequest
 .text.USBD_CtlError
                0x0800b288       0x22 ./Middlewares/ST/STM32_USB_Device_Library/Core/Src/usbd_ctlreq.o
                0x0800b288                USBD_CtlError
 .text.USBD_GetString
                0x0800b2aa       0x8c ./Middlewares/ST/STM32_USB_Device_Library/Core/Src/usbd_ctlreq.o
                0x0800b2aa                USBD_GetString
 .text.USBD_GetLen
                0x0800b336       0x34 ./Middlewares/ST/STM32_USB_Device_Library/Core/Src/usbd_ctlreq.o
 .text.USBD_CtlSendData
                0x0800b36a       0x36 ./Middlewares/ST/STM32_USB_Device_Library/Core/Src/usbd_ioreq.o
                0x0800b36a                USBD_CtlSendData
 .text.USBD_CtlContinueSendData
                0x0800b3a0       0x22 ./Middlewares/ST/STM32_USB_Device_Library/Core/Src/usbd_ioreq.o
                0x0800b3a0                USBD_CtlContinueSendData
 .text.USBD_CtlPrepareRx
                0x0800b3c2       0x3a ./Middlewares/ST/STM32_USB_Device_Library/Core/Src/usbd_ioreq.o
                0x0800b3c2                USBD_CtlPrepareRx
 .text.USBD_CtlContinueRx
                0x0800b3fc       0x22 ./Middlewares/ST/STM32_USB_Device_Library/Core/Src/usbd_ioreq.o
                0x0800b3fc                USBD_CtlContinueRx
 .text.USBD_CtlSendStatus
                0x0800b41e       0x26 ./Middlewares/ST/STM32_USB_Device_Library/Core/Src/usbd_ioreq.o
                0x0800b41e                USBD_CtlSendStatus
 .text.USBD_CtlReceiveStatus
                0x0800b444       0x26 ./Middlewares/ST/STM32_USB_Device_Library/Core/Src/usbd_ioreq.o
                0x0800b444                USBD_CtlReceiveStatus
 *fill*         0x0800b46a        0x2 
 .text.MX_USB_Device_Init
                0x0800b46c       0x60 ./USB_Device/App/usb_device.o
                0x0800b46c                MX_USB_Device_Init
 .text.CDC_Init_FS
                0x0800b4cc       0x28 ./USB_Device/App/usbd_cdc_if.o
 .text.CDC_DeInit_FS
                0x0800b4f4       0x10 ./USB_Device/App/usbd_cdc_if.o
 .text.CDC_Control_FS
                0x0800b504       0xbc ./USB_Device/App/usbd_cdc_if.o
 .text.CDC_Receive_FS
                0x0800b5c0       0x34 ./USB_Device/App/usbd_cdc_if.o
 .text.CDC_Transmit_FS
                0x0800b5f4       0x4c ./USB_Device/App/usbd_cdc_if.o
                0x0800b5f4                CDC_Transmit_FS
 .text.CDC_TransmitCplt_FS
                0x0800b640       0x22 ./USB_Device/App/usbd_cdc_if.o
 *fill*         0x0800b662        0x2 
 .text.USBD_CDC_DeviceDescriptor
                0x0800b664       0x24 ./USB_Device/App/usbd_desc.o
                0x0800b664                USBD_CDC_DeviceDescriptor
 .text.USBD_CDC_LangIDStrDescriptor
                0x0800b688       0x24 ./USB_Device/App/usbd_desc.o
                0x0800b688                USBD_CDC_LangIDStrDescriptor
 .text.USBD_CDC_ProductStrDescriptor
                0x0800b6ac       0x3c ./USB_Device/App/usbd_desc.o
                0x0800b6ac                USBD_CDC_ProductStrDescriptor
 .text.USBD_CDC_ManufacturerStrDescriptor
                0x0800b6e8       0x28 ./USB_Device/App/usbd_desc.o
                0x0800b6e8                USBD_CDC_ManufacturerStrDescriptor
 .text.USBD_CDC_SerialStrDescriptor
                0x0800b710       0x24 ./USB_Device/App/usbd_desc.o
                0x0800b710                USBD_CDC_SerialStrDescriptor
 .text.USBD_CDC_ConfigStrDescriptor
                0x0800b734       0x3c ./USB_Device/App/usbd_desc.o
                0x0800b734                USBD_CDC_ConfigStrDescriptor
 .text.USBD_CDC_InterfaceStrDescriptor
                0x0800b770       0x3c ./USB_Device/App/usbd_desc.o
                0x0800b770                USBD_CDC_InterfaceStrDescriptor
 .text.Get_SerialNum
                0x0800b7ac       0x58 ./USB_Device/App/usbd_desc.o
 .text.IntToUnicode
                0x0800b804       0x7e ./USB_Device/App/usbd_desc.o
 *fill*         0x0800b882        0x2 
 .text.HAL_PCD_MspInit
                0x0800b884       0x78 ./USB_Device/Target/usbd_conf.o
                0x0800b884                HAL_PCD_MspInit
 .text.HAL_PCD_SetupStageCallback
                0x0800b8fc       0x24 ./USB_Device/Target/usbd_conf.o
                0x0800b8fc                HAL_PCD_SetupStageCallback
 .text.HAL_PCD_DataOutStageCallback
                0x0800b920       0x36 ./USB_Device/Target/usbd_conf.o
                0x0800b920                HAL_PCD_DataOutStageCallback
 .text.HAL_PCD_DataInStageCallback
                0x0800b956       0x34 ./USB_Device/Target/usbd_conf.o
                0x0800b956                HAL_PCD_DataInStageCallback
 .text.HAL_PCD_SOFCallback
                0x0800b98a       0x1c ./USB_Device/Target/usbd_conf.o
                0x0800b98a                HAL_PCD_SOFCallback
 .text.HAL_PCD_ResetCallback
                0x0800b9a6       0x3c ./USB_Device/Target/usbd_conf.o
                0x0800b9a6                HAL_PCD_ResetCallback
 *fill*         0x0800b9e2        0x2 
 .text.HAL_PCD_SuspendCallback
                0x0800b9e4       0x34 ./USB_Device/Target/usbd_conf.o
                0x0800b9e4                HAL_PCD_SuspendCallback
 .text.HAL_PCD_ResumeCallback
                0x0800ba18       0x38 ./USB_Device/Target/usbd_conf.o
                0x0800ba18                HAL_PCD_ResumeCallback
 .text.USBD_LL_Init
                0x0800ba50       0xc0 ./USB_Device/Target/usbd_conf.o
                0x0800ba50                USBD_LL_Init
 .text.USBD_LL_Start
                0x0800bb10       0x36 ./USB_Device/Target/usbd_conf.o
                0x0800bb10                USBD_LL_Start
 .text.USBD_LL_OpenEP
                0x0800bb46       0x4c ./USB_Device/Target/usbd_conf.o
                0x0800bb46                USBD_LL_OpenEP
 .text.USBD_LL_CloseEP
                0x0800bb92       0x3e ./USB_Device/Target/usbd_conf.o
                0x0800bb92                USBD_LL_CloseEP
 .text.USBD_LL_StallEP
                0x0800bbd0       0x3e ./USB_Device/Target/usbd_conf.o
                0x0800bbd0                USBD_LL_StallEP
 .text.USBD_LL_ClearStallEP
                0x0800bc0e       0x3e ./USB_Device/Target/usbd_conf.o
                0x0800bc0e                USBD_LL_ClearStallEP
 .text.USBD_LL_IsStallEP
                0x0800bc4c       0x5a ./USB_Device/Target/usbd_conf.o
                0x0800bc4c                USBD_LL_IsStallEP
 .text.USBD_LL_SetUSBAddress
                0x0800bca6       0x3e ./USB_Device/Target/usbd_conf.o
                0x0800bca6                USBD_LL_SetUSBAddress
 .text.USBD_LL_Transmit
                0x0800bce4       0x42 ./USB_Device/Target/usbd_conf.o
                0x0800bce4                USBD_LL_Transmit
 .text.USBD_LL_PrepareReceive
                0x0800bd26       0x42 ./USB_Device/Target/usbd_conf.o
                0x0800bd26                USBD_LL_PrepareReceive
 .text.USBD_LL_GetRxDataSize
                0x0800bd68       0x26 ./USB_Device/Target/usbd_conf.o
                0x0800bd68                USBD_LL_GetRxDataSize
 *fill*         0x0800bd8e        0x2 
 .text.HAL_PCDEx_LPM_Callback
                0x0800bd90       0x6c ./USB_Device/Target/usbd_conf.o
                0x0800bd90                HAL_PCDEx_LPM_Callback
 .text.USBD_static_malloc
                0x0800bdfc       0x1c ./USB_Device/Target/usbd_conf.o
                0x0800bdfc                USBD_static_malloc
 .text.USBD_static_free
                0x0800be18       0x14 ./USB_Device/Target/usbd_conf.o
                0x0800be18                USBD_static_free
 .text.SystemClockConfig_Resume
                0x0800be2c        0xe ./USB_Device/Target/usbd_conf.o
 *fill*         0x0800be3a        0x2 
 .text.USBD_Get_USB_Status
                0x0800be3c       0x58 ./USB_Device/Target/usbd_conf.o
 .text.memset   0x0800be94       0x10 C:/ST/STM32CubeIDE_1.10.1/STM32CubeIDE/plugins/com.st.stm32cube.ide.mcu.externaltools.gnu-tools-for-stm32.12.3.rel1.win32_1.0.100.202403111256/tools/bin/../lib/gcc/arm-none-eabi/12.3.1/../../../../arm-none-eabi/lib/thumb/v7e-m+fp/hard\libc_nano.a(libc_a-memset.o)
                0x0800be94                memset
 .text.__libc_init_array
                0x0800bea4       0x48 C:/ST/STM32CubeIDE_1.10.1/STM32CubeIDE/plugins/com.st.stm32cube.ide.mcu.externaltools.gnu-tools-for-stm32.12.3.rel1.win32_1.0.100.202403111256/tools/bin/../lib/gcc/arm-none-eabi/12.3.1/../../../../arm-none-eabi/lib/thumb/v7e-m+fp/hard\libc_nano.a(libc_a-init.o)
                0x0800bea4                __libc_init_array
 *(.glue_7)
 .glue_7        0x0800beec        0x0 linker stubs
 *(.glue_7t)
 .glue_7t       0x0800beec        0x0 linker stubs
 *(.eh_frame)
 .eh_frame      0x0800beec        0x0 C:/ST/STM32CubeIDE_1.10.1/STM32CubeIDE/plugins/com.st.stm32cube.ide.mcu.externaltools.gnu-tools-for-stm32.12.3.rel1.win32_1.0.100.202403111256/tools/bin/../lib/gcc/arm-none-eabi/12.3.1/thumb/v7e-m+fp/hard/crtbegin.o
 *(.init)
 .init          0x0800beec        0x4 C:/ST/STM32CubeIDE_1.10.1/STM32CubeIDE/plugins/com.st.stm32cube.ide.mcu.externaltools.gnu-tools-for-stm32.12.3.rel1.win32_1.0.100.202403111256/tools/bin/../lib/gcc/arm-none-eabi/12.3.1/thumb/v7e-m+fp/hard/crti.o
                0x0800beec                _init
 .init          0x0800bef0        0x8 C:/ST/STM32CubeIDE_1.10.1/STM32CubeIDE/plugins/com.st.stm32cube.ide.mcu.externaltools.gnu-tools-for-stm32.12.3.rel1.win32_1.0.100.202403111256/tools/bin/../lib/gcc/arm-none-eabi/12.3.1/thumb/v7e-m+fp/hard/crtn.o
 *(.fini)
 .fini          0x0800bef8        0x4 C:/ST/STM32CubeIDE_1.10.1/STM32CubeIDE/plugins/com.st.stm32cube.ide.mcu.externaltools.gnu-tools-for-stm32.12.3.rel1.win32_1.0.100.202403111256/tools/bin/../lib/gcc/arm-none-eabi/12.3.1/thumb/v7e-m+fp/hard/crti.o
                0x0800bef8                _fini
 .fini          0x0800befc        0x8 C:/ST/STM32CubeIDE_1.10.1/STM32CubeIDE/plugins/com.st.stm32cube.ide.mcu.externaltools.gnu-tools-for-stm32.12.3.rel1.win32_1.0.100.202403111256/tools/bin/../lib/gcc/arm-none-eabi/12.3.1/thumb/v7e-m+fp/hard/crtn.o
                0x0800bf04                        . = ALIGN (0x4)
                0x0800bf04                        _etext = .

.vfp11_veneer   0x0800bf04        0x0
 .vfp11_veneer  0x0800bf04        0x0 linker stubs

.v4_bx          0x0800bf04        0x0
 .v4_bx         0x0800bf04        0x0 linker stubs

.iplt           0x0800bf04        0x0
 .iplt          0x0800bf04        0x0 C:/ST/STM32CubeIDE_1.10.1/STM32CubeIDE/plugins/com.st.stm32cube.ide.mcu.externaltools.gnu-tools-for-stm32.12.3.rel1.win32_1.0.100.202403111256/tools/bin/../lib/gcc/arm-none-eabi/12.3.1/thumb/v7e-m+fp/hard/crtbegin.o

.rodata         0x0800bf04       0x58
                0x0800bf04                        . = ALIGN (0x4)
 *(.rodata)
 .rodata        0x0800bf04       0x46 ./USB_Device/App/usbd_desc.o
 *(.rodata*)
 *fill*         0x0800bf4a        0x2 
 .rodata.AHBPrescTable
                0x0800bf4c       0x10 ./Core/Src/system_stm32g4xx.o
                0x0800bf4c                AHBPrescTable
                0x0800bf5c                        . = ALIGN (0x4)

.rel.dyn        0x0800bf5c        0x0
 .rel.iplt      0x0800bf5c        0x0 C:/ST/STM32CubeIDE_1.10.1/STM32CubeIDE/plugins/com.st.stm32cube.ide.mcu.externaltools.gnu-tools-for-stm32.12.3.rel1.win32_1.0.100.202403111256/tools/bin/../lib/gcc/arm-none-eabi/12.3.1/thumb/v7e-m+fp/hard/crtbegin.o

.ARM.extab      0x0800bf5c        0x0
                0x0800bf5c                        . = ALIGN (0x4)
 *(.ARM.extab* .gnu.linkonce.armextab.*)
                0x0800bf5c                        . = ALIGN (0x4)

.ARM            0x0800bf5c        0x0
                0x0800bf5c                        . = ALIGN (0x4)
                0x0800bf5c                        __exidx_start = .
 *(.ARM.exidx*)
                0x0800bf5c                        __exidx_end = .
                0x0800bf5c                        . = ALIGN (0x4)

.preinit_array  0x0800bf5c        0x0
                0x0800bf5c                        . = ALIGN (0x4)
                0x0800bf5c                        PROVIDE (__preinit_array_start = .)
 *(.preinit_array*)
                0x0800bf5c                        PROVIDE (__preinit_array_end = .)
                0x0800bf5c                        . = ALIGN (0x4)

.init_array     0x0800bf5c        0x8
                0x0800bf5c                        . = ALIGN (0x4)
                0x0800bf5c                        PROVIDE (__init_array_start = .)
 *(SORT_BY_NAME(.init_array.*))
 *(.init_array*)
 .init_array    0x0800bf5c        0x4 C:/ST/STM32CubeIDE_1.10.1/STM32CubeIDE/plugins/com.st.stm32cube.ide.mcu.externaltools.gnu-tools-for-stm32.12.3.rel1.win32_1.0.100.202403111256/tools/bin/../lib/gcc/arm-none-eabi/12.3.1/thumb/v7e-m+fp/hard/crtbegin.o
 .init_array    0x0800bf60        0x4 ./Core/Src/main.o
                0x0800bf64                        PROVIDE (__init_array_end = .)
                0x0800bf64                        . = ALIGN (0x4)

.fini_array     0x0800bf64        0x4
                0x0800bf64                        . = ALIGN (0x4)
                [!provide]                        PROVIDE (__fini_array_start = .)
 *(SORT_BY_NAME(.fini_array.*))
 *(.fini_array*)
 .fini_array    0x0800bf64        0x4 C:/ST/STM32CubeIDE_1.10.1/STM32CubeIDE/plugins/com.st.stm32cube.ide.mcu.externaltools.gnu-tools-for-stm32.12.3.rel1.win32_1.0.100.202403111256/tools/bin/../lib/gcc/arm-none-eabi/12.3.1/thumb/v7e-m+fp/hard/crtbegin.o
                [!provide]                        PROVIDE (__fini_array_end = .)
                0x0800bf68                        . = ALIGN (0x4)
                0x0800bf68                        _sidata = LOADADDR (.data)

.data           0x20000000      0x1a4 load address 0x0800bf68
                0x20000000                        . = ALIGN (0x4)
                0x20000000                        _sdata = .
 *(.data)
 *(.data*)
 .data.SystemCoreClock
                0x20000000        0x4 ./Core/Src/system_stm32g4xx.o
                0x20000000                SystemCoreClock
 .data.uwTickPrio
                0x20000004        0x4 ./Drivers/STM32G4xx_HAL_Driver/Src/stm32g4xx_hal.o
                0x20000004                uwTickPrio
 .data.uwTickFreq
                0x20000008        0x4 ./Drivers/STM32G4xx_HAL_Driver/Src/stm32g4xx_hal.o
                0x20000008                uwTickFreq
 .data.pFlash   0x2000000c       0x20 ./Drivers/STM32G4xx_HAL_Driver/Src/stm32g4xx_hal_flash.o
                0x2000000c                pFlash
 .data.USBD_CDC_DeviceQualifierDesc
                0x2000002c        0xa ./Middlewares/ST/STM32_USB_Device_Library/Class/CDC/Src/usbd_cdc.o
 *fill*         0x20000036        0x2 
 .data.USBD_CDC
                0x20000038       0x38 ./Middlewares/ST/STM32_USB_Device_Library/Class/CDC/Src/usbd_cdc.o
                0x20000038                USBD_CDC
 .data.USBD_CDC_CfgHSDesc
                0x20000070       0x43 ./Middlewares/ST/STM32_USB_Device_Library/Class/CDC/Src/usbd_cdc.o
 *fill*         0x200000b3        0x1 
 .data.USBD_CDC_CfgFSDesc
                0x200000b4       0x43 ./Middlewares/ST/STM32_USB_Device_Library/Class/CDC/Src/usbd_cdc.o
 *fill*         0x200000f7        0x1 
 .data.USBD_CDC_OtherSpeedCfgDesc
                0x200000f8       0x43 ./Middlewares/ST/STM32_USB_Device_Library/Class/CDC/Src/usbd_cdc.o
 *fill*         0x2000013b        0x1 
 .data.USBD_Interface_fops_FS
                0x2000013c       0x14 ./USB_Device/App/usbd_cdc_if.o
                0x2000013c                USBD_Interface_fops_FS
 .data.CDC_Desc
                0x20000150       0x20 ./USB_Device/App/usbd_desc.o
                0x20000150                CDC_Desc
 .data.USBD_CDC_DeviceDesc
                0x20000170       0x12 ./USB_Device/App/usbd_desc.o
                0x20000170                USBD_CDC_DeviceDesc
 *fill*         0x20000182        0x2 
 .data.USBD_LangIDDesc
                0x20000184        0x4 ./USB_Device/App/usbd_desc.o
                0x20000184                USBD_LangIDDesc
 .data.USBD_StringSerial
                0x20000188       0x1a ./USB_Device/App/usbd_desc.o
                0x20000188                USBD_StringSerial
 *(.RamFunc)
 *(.RamFunc*)
                0x200001a4                        . = ALIGN (0x4)
 *fill*         0x200001a2        0x2 
                0x200001a4                        _edata = .

.igot.plt       0x200001a4        0x0 load address 0x0800c10c
 .igot.plt      0x200001a4        0x0 C:/ST/STM32CubeIDE_1.10.1/STM32CubeIDE/plugins/com.st.stm32cube.ide.mcu.externaltools.gnu-tools-for-stm32.12.3.rel1.win32_1.0.100.202403111256/tools/bin/../lib/gcc/arm-none-eabi/12.3.1/thumb/v7e-m+fp/hard/crtbegin.o
                0x200001a4                        . = ALIGN (0x4)

.bss            0x200001a8     0x1378 load address 0x0800c10c
                0x200001a8                        _sbss = .
                0x200001a8                        __bss_start__ = _sbss
 *(.bss)
 .bss           0x200001a8       0x1c C:/ST/STM32CubeIDE_1.10.1/STM32CubeIDE/plugins/com.st.stm32cube.ide.mcu.externaltools.gnu-tools-for-stm32.12.3.rel1.win32_1.0.100.202403111256/tools/bin/../lib/gcc/arm-none-eabi/12.3.1/thumb/v7e-m+fp/hard/crtbegin.o
 *(.bss*)
 .bss.hadc2     0x200001c4       0x6c ./Core/Src/adc.o
                0x200001c4                hadc2
 .bss.hdac1     0x20000230       0x14 ./Core/Src/dac.o
                0x20000230                hdac1
 *fill*         0x20000244        0x4 
 .bss.flash     0x20000248       0x48 ./Core/Src/main.o
                0x20000248                flash
 .bss.Usb       0x20000290        0x4 ./Core/Src/main.o
                0x20000290                Usb
 .bss._adcValue
                0x20000294        0x4 ./Core/Src/main.o
                0x20000294                _adcValue
 .bss.hasChanged
                0x20000298        0x1 ./Core/Src/main.o
                0x20000298                hasChanged
 *fill*         0x20000299        0x3 
 .bss.htim1     0x2000029c       0x4c ./Core/Src/tim.o
                0x2000029c                htim1
 .bss.htim2     0x200002e8       0x4c ./Core/Src/tim.o
                0x200002e8                htim2
 .bss.uwTick    0x20000334        0x4 ./Drivers/STM32G4xx_HAL_Driver/Src/stm32g4xx_hal.o
                0x20000334                uwTick
 .bss.cfgidx.0  0x20000338        0x1 ./Middlewares/ST/STM32_USB_Device_Library/Core/Src/usbd_ctlreq.o
 *fill*         0x20000339        0x3 
 .bss.hUsbDeviceFS
                0x2000033c      0x2d0 ./USB_Device/App/usb_device.o
                0x2000033c                hUsbDeviceFS
 .bss.UserRxBufferFS
                0x2000060c      0x400 ./USB_Device/App/usbd_cdc_if.o
                0x2000060c                UserRxBufferFS
 .bss.UserTxBufferFS
                0x20000a0c      0x400 ./USB_Device/App/usbd_cdc_if.o
                0x20000a0c                UserTxBufferFS
 .bss.USBD_StrDesc
                0x20000e0c      0x200 ./USB_Device/App/usbd_desc.o
                0x20000e0c                USBD_StrDesc
 .bss.hpcd_USB_FS
                0x2000100c      0x2f4 ./USB_Device/Target/usbd_conf.o
                0x2000100c                hpcd_USB_FS
 .bss.mem.0     0x20001300      0x220 ./USB_Device/Target/usbd_conf.o
 *(COMMON)
                0x20001520                        . = ALIGN (0x4)
                0x20001520                        _ebss = .
                0x20001520                        __bss_end__ = _ebss

._user_heap_stack
                0x20001520      0x600 load address 0x0800c10c
                0x20001520                        . = ALIGN (0x8)
                [!provide]                        PROVIDE (end = .)
                0x20001520                        PROVIDE (_end = .)
                0x20001720                        . = (. + _Min_Heap_Size)
 *fill*         0x20001520      0x200 
                0x20001b20                        . = (. + _Min_Stack_Size)
 *fill*         0x20001720      0x400 
                0x20001b20                        . = ALIGN (0x8)

/DISCARD/
 libc.a(*)
 libm.a(*)
 libgcc.a(*)

.ARM.attributes
                0x00000000       0x30
 *(.ARM.attributes)
 .ARM.attributes
                0x00000000       0x22 C:/ST/STM32CubeIDE_1.10.1/STM32CubeIDE/plugins/com.st.stm32cube.ide.mcu.externaltools.gnu-tools-for-stm32.12.3.rel1.win32_1.0.100.202403111256/tools/bin/../lib/gcc/arm-none-eabi/12.3.1/thumb/v7e-m+fp/hard/crti.o
 .ARM.attributes
                0x00000022       0x34 C:/ST/STM32CubeIDE_1.10.1/STM32CubeIDE/plugins/com.st.stm32cube.ide.mcu.externaltools.gnu-tools-for-stm32.12.3.rel1.win32_1.0.100.202403111256/tools/bin/../lib/gcc/arm-none-eabi/12.3.1/thumb/v7e-m+fp/hard/crtbegin.o
 .ARM.attributes
                0x00000056       0x34 ./Core/Src/Flash/Flash.o
 .ARM.attributes
                0x0000008a       0x34 ./Core/Src/USB/USBCom.o
 .ARM.attributes
                0x000000be       0x34 ./Core/Src/adc.o
 .ARM.attributes
                0x000000f2       0x34 ./Core/Src/dac.o
 .ARM.attributes
                0x00000126       0x34 ./Core/Src/gpio.o
 .ARM.attributes
                0x0000015a       0x34 ./Core/Src/main.o
 .ARM.attributes
                0x0000018e       0x34 ./Core/Src/stm32g4xx_hal_msp.o
 .ARM.attributes
                0x000001c2       0x34 ./Core/Src/stm32g4xx_it.o
 .ARM.attributes
                0x000001f6       0x34 ./Core/Src/system_stm32g4xx.o
 .ARM.attributes
                0x0000022a       0x34 ./Core/Src/tim.o
 .ARM.attributes
                0x0000025e       0x21 ./Core/Startup/startup_stm32g431k8tx.o
 .ARM.attributes
                0x0000027f       0x34 ./Drivers/STM32G4xx_HAL_Driver/Src/stm32g4xx_hal.o
 .ARM.attributes
                0x000002b3       0x34 ./Drivers/STM32G4xx_HAL_Driver/Src/stm32g4xx_hal_adc.o
 .ARM.attributes
                0x000002e7       0x34 ./Drivers/STM32G4xx_HAL_Driver/Src/stm32g4xx_hal_adc_ex.o
 .ARM.attributes
                0x0000031b       0x34 ./Drivers/STM32G4xx_HAL_Driver/Src/stm32g4xx_hal_cortex.o
 .ARM.attributes
                0x0000034f       0x34 ./Drivers/STM32G4xx_HAL_Driver/Src/stm32g4xx_hal_dac.o
 .ARM.attributes
                0x00000383       0x34 ./Drivers/STM32G4xx_HAL_Driver/Src/stm32g4xx_hal_flash.o
 .ARM.attributes
                0x000003b7       0x34 ./Drivers/STM32G4xx_HAL_Driver/Src/stm32g4xx_hal_flash_ex.o
 .ARM.attributes
                0x000003eb       0x34 ./Drivers/STM32G4xx_HAL_Driver/Src/stm32g4xx_hal_gpio.o
 .ARM.attributes
                0x0000041f       0x34 ./Drivers/STM32G4xx_HAL_Driver/Src/stm32g4xx_hal_pcd.o
 .ARM.attributes
                0x00000453       0x34 ./Drivers/STM32G4xx_HAL_Driver/Src/stm32g4xx_hal_pcd_ex.o
 .ARM.attributes
                0x00000487       0x34 ./Drivers/STM32G4xx_HAL_Driver/Src/stm32g4xx_hal_pwr_ex.o
 .ARM.attributes
                0x000004bb       0x34 ./Drivers/STM32G4xx_HAL_Driver/Src/stm32g4xx_hal_rcc.o
 .ARM.attributes
                0x000004ef       0x34 ./Drivers/STM32G4xx_HAL_Driver/Src/stm32g4xx_hal_rcc_ex.o
 .ARM.attributes
                0x00000523       0x34 ./Drivers/STM32G4xx_HAL_Driver/Src/stm32g4xx_hal_tim.o
 .ARM.attributes
                0x00000557       0x34 ./Drivers/STM32G4xx_HAL_Driver/Src/stm32g4xx_hal_tim_ex.o
 .ARM.attributes
                0x0000058b       0x34 ./Drivers/STM32G4xx_HAL_Driver/Src/stm32g4xx_ll_usb.o
 .ARM.attributes
                0x000005bf       0x34 ./Middlewares/ST/STM32_USB_Device_Library/Class/CDC/Src/usbd_cdc.o
 .ARM.attributes
                0x000005f3       0x34 ./Middlewares/ST/STM32_USB_Device_Library/Core/Src/usbd_core.o
 .ARM.attributes
                0x00000627       0x34 ./Middlewares/ST/STM32_USB_Device_Library/Core/Src/usbd_ctlreq.o
 .ARM.attributes
                0x0000065b       0x34 ./Middlewares/ST/STM32_USB_Device_Library/Core/Src/usbd_ioreq.o
 .ARM.attributes
                0x0000068f       0x34 ./USB_Device/App/usb_device.o
 .ARM.attributes
                0x000006c3       0x34 ./USB_Device/App/usbd_cdc_if.o
 .ARM.attributes
                0x000006f7       0x34 ./USB_Device/App/usbd_desc.o
 .ARM.attributes
                0x0000072b       0x34 ./USB_Device/Target/usbd_conf.o
 .ARM.attributes
                0x0000075f       0x34 C:/ST/STM32CubeIDE_1.10.1/STM32CubeIDE/plugins/com.st.stm32cube.ide.mcu.externaltools.gnu-tools-for-stm32.12.3.rel1.win32_1.0.100.202403111256/tools/bin/../lib/gcc/arm-none-eabi/12.3.1/../../../../arm-none-eabi/lib/thumb/v7e-m+fp/hard\libc_nano.a(libc_a-memset.o)
 .ARM.attributes
                0x00000793       0x34 C:/ST/STM32CubeIDE_1.10.1/STM32CubeIDE/plugins/com.st.stm32cube.ide.mcu.externaltools.gnu-tools-for-stm32.12.3.rel1.win32_1.0.100.202403111256/tools/bin/../lib/gcc/arm-none-eabi/12.3.1/../../../../arm-none-eabi/lib/thumb/v7e-m+fp/hard\libc_nano.a(libc_a-init.o)
 .ARM.attributes
                0x000007c7       0x22 C:/ST/STM32CubeIDE_1.10.1/STM32CubeIDE/plugins/com.st.stm32cube.ide.mcu.externaltools.gnu-tools-for-stm32.12.3.rel1.win32_1.0.100.202403111256/tools/bin/../lib/gcc/arm-none-eabi/12.3.1/thumb/v7e-m+fp/hard/crtn.o
OUTPUT(Ignition.elf elf32-littlearm)
LOAD linker stubs
LOAD C:/ST/STM32CubeIDE_1.10.1/STM32CubeIDE/plugins/com.st.stm32cube.ide.mcu.externaltools.gnu-tools-for-stm32.12.3.rel1.win32_1.0.100.202403111256/tools/bin/../lib/gcc/arm-none-eabi/12.3.1/../../../../arm-none-eabi/lib/thumb/v7e-m+fp/hard\libc.a
LOAD C:/ST/STM32CubeIDE_1.10.1/STM32CubeIDE/plugins/com.st.stm32cube.ide.mcu.externaltools.gnu-tools-for-stm32.12.3.rel1.win32_1.0.100.202403111256/tools/bin/../lib/gcc/arm-none-eabi/12.3.1/../../../../arm-none-eabi/lib/thumb/v7e-m+fp/hard\libm.a
LOAD C:/ST/STM32CubeIDE_1.10.1/STM32CubeIDE/plugins/com.st.stm32cube.ide.mcu.externaltools.gnu-tools-for-stm32.12.3.rel1.win32_1.0.100.202403111256/tools/bin/../lib/gcc/arm-none-eabi/12.3.1/thumb/v7e-m+fp/hard\libgcc.a

.debug_info     0x00000000    0x1efed
 .debug_info    0x00000000      0x68c ./Core/Src/Flash/Flash.o
 .debug_info    0x0000068c      0xc23 ./Core/Src/USB/USBCom.o
 .debug_info    0x000012af     0x10d2 ./Core/Src/adc.o
 .debug_info    0x00002381      0xb5a ./Core/Src/dac.o
 .debug_info    0x00002edb      0x47f ./Core/Src/gpio.o
 .debug_info    0x0000335a     0x1ddf ./Core/Src/main.o
 .debug_info    0x00005139      0x2da ./Core/Src/stm32g4xx_hal_msp.o
 .debug_info    0x00005413     0x1232 ./Core/Src/stm32g4xx_it.o
 .debug_info    0x00006645      0x58e ./Core/Src/system_stm32g4xx.o
 .debug_info    0x00006bd3      0xff8 ./Core/Src/tim.o
 .debug_info    0x00007bcb       0x30 ./Core/Startup/startup_stm32g431k8tx.o
 .debug_info    0x00007bfb      0xa99 ./Drivers/STM32G4xx_HAL_Driver/Src/stm32g4xx_hal.o
 .debug_info    0x00008694     0x203d ./Drivers/STM32G4xx_HAL_Driver/Src/stm32g4xx_hal_adc.o
 .debug_info    0x0000a6d1     0x1d67 ./Drivers/STM32G4xx_HAL_Driver/Src/stm32g4xx_hal_adc_ex.o
 .debug_info    0x0000c438      0xcf3 ./Drivers/STM32G4xx_HAL_Driver/Src/stm32g4xx_hal_cortex.o
 .debug_info    0x0000d12b      0xc65 ./Drivers/STM32G4xx_HAL_Driver/Src/stm32g4xx_hal_dac.o
 .debug_info    0x0000dd90      0x6c1 ./Drivers/STM32G4xx_HAL_Driver/Src/stm32g4xx_hal_flash.o
 .debug_info    0x0000e451      0x8a7 ./Drivers/STM32G4xx_HAL_Driver/Src/stm32g4xx_hal_flash_ex.o
 .debug_info    0x0000ecf8      0x763 ./Drivers/STM32G4xx_HAL_Driver/Src/stm32g4xx_hal_gpio.o
 .debug_info    0x0000f45b     0x1578 ./Drivers/STM32G4xx_HAL_Driver/Src/stm32g4xx_hal_pcd.o
 .debug_info    0x000109d3      0x815 ./Drivers/STM32G4xx_HAL_Driver/Src/stm32g4xx_hal_pcd_ex.o
 .debug_info    0x000111e8      0x93f ./Drivers/STM32G4xx_HAL_Driver/Src/stm32g4xx_hal_pwr_ex.o
 .debug_info    0x00011b27      0xb82 ./Drivers/STM32G4xx_HAL_Driver/Src/stm32g4xx_hal_rcc.o
 .debug_info    0x000126a9      0xc15 ./Drivers/STM32G4xx_HAL_Driver/Src/stm32g4xx_hal_rcc_ex.o
 .debug_info    0x000132be     0x2bfd ./Drivers/STM32G4xx_HAL_Driver/Src/stm32g4xx_hal_tim.o
 .debug_info    0x00015ebb     0x1d63 ./Drivers/STM32G4xx_HAL_Driver/Src/stm32g4xx_hal_tim_ex.o
 .debug_info    0x00017c1e     0x1548 ./Drivers/STM32G4xx_HAL_Driver/Src/stm32g4xx_ll_usb.o
 .debug_info    0x00019166     0x1131 ./Middlewares/ST/STM32_USB_Device_Library/Class/CDC/Src/usbd_cdc.o
 .debug_info    0x0001a297      0xb1b ./Middlewares/ST/STM32_USB_Device_Library/Core/Src/usbd_core.o
 .debug_info    0x0001adb2      0xa57 ./Middlewares/ST/STM32_USB_Device_Library/Core/Src/usbd_ctlreq.o
 .debug_info    0x0001b809      0x720 ./Middlewares/ST/STM32_USB_Device_Library/Core/Src/usbd_ioreq.o
 .debug_info    0x0001bf29      0x6d7 ./USB_Device/App/usb_device.o
 .debug_info    0x0001c600      0x8d5 ./USB_Device/App/usbd_cdc_if.o
 .debug_info    0x0001ced5      0x45f ./USB_Device/App/usbd_desc.o
 .debug_info    0x0001d334     0x1cb9 ./USB_Device/Target/usbd_conf.o

.debug_abbrev   0x00000000     0x4fe8
 .debug_abbrev  0x00000000      0x217 ./Core/Src/Flash/Flash.o
 .debug_abbrev  0x00000217      0x2a3 ./Core/Src/USB/USBCom.o
 .debug_abbrev  0x000004ba      0x1f0 ./Core/Src/adc.o
 .debug_abbrev  0x000006aa      0x1ef ./Core/Src/dac.o
 .debug_abbrev  0x00000899      0x152 ./Core/Src/gpio.o
 .debug_abbrev  0x000009eb      0x448 ./Core/Src/main.o
 .debug_abbrev  0x00000e33       0xd9 ./Core/Src/stm32g4xx_hal_msp.o
 .debug_abbrev  0x00000f0c      0x1f5 ./Core/Src/stm32g4xx_it.o
 .debug_abbrev  0x00001101      0x11a ./Core/Src/system_stm32g4xx.o
 .debug_abbrev  0x0000121b      0x22e ./Core/Src/tim.o
 .debug_abbrev  0x00001449       0x24 ./Core/Startup/startup_stm32g431k8tx.o
 .debug_abbrev  0x0000146d      0x271 ./Drivers/STM32G4xx_HAL_Driver/Src/stm32g4xx_hal.o
 .debug_abbrev  0x000016de      0x2d3 ./Drivers/STM32G4xx_HAL_Driver/Src/stm32g4xx_hal_adc.o
 .debug_abbrev  0x000019b1      0x2ee ./Drivers/STM32G4xx_HAL_Driver/Src/stm32g4xx_hal_adc_ex.o
 .debug_abbrev  0x00001c9f      0x31c ./Drivers/STM32G4xx_HAL_Driver/Src/stm32g4xx_hal_cortex.o
 .debug_abbrev  0x00001fbb      0x216 ./Drivers/STM32G4xx_HAL_Driver/Src/stm32g4xx_hal_dac.o
 .debug_abbrev  0x000021d1      0x325 ./Drivers/STM32G4xx_HAL_Driver/Src/stm32g4xx_hal_flash.o
 .debug_abbrev  0x000024f6      0x290 ./Drivers/STM32G4xx_HAL_Driver/Src/stm32g4xx_hal_flash_ex.o
 .debug_abbrev  0x00002786      0x1cb ./Drivers/STM32G4xx_HAL_Driver/Src/stm32g4xx_hal_gpio.o
 .debug_abbrev  0x00002951      0x2b2 ./Drivers/STM32G4xx_HAL_Driver/Src/stm32g4xx_hal_pcd.o
 .debug_abbrev  0x00002c03      0x22a ./Drivers/STM32G4xx_HAL_Driver/Src/stm32g4xx_hal_pcd_ex.o
 .debug_abbrev  0x00002e2d      0x22c ./Drivers/STM32G4xx_HAL_Driver/Src/stm32g4xx_hal_pwr_ex.o
 .debug_abbrev  0x00003059      0x2c9 ./Drivers/STM32G4xx_HAL_Driver/Src/stm32g4xx_hal_rcc.o
 .debug_abbrev  0x00003322      0x258 ./Drivers/STM32G4xx_HAL_Driver/Src/stm32g4xx_hal_rcc_ex.o
 .debug_abbrev  0x0000357a      0x2a0 ./Drivers/STM32G4xx_HAL_Driver/Src/stm32g4xx_hal_tim.o
 .debug_abbrev  0x0000381a      0x2be ./Drivers/STM32G4xx_HAL_Driver/Src/stm32g4xx_hal_tim_ex.o
 .debug_abbrev  0x00003ad8      0x23f ./Drivers/STM32G4xx_HAL_Driver/Src/stm32g4xx_ll_usb.o
 .debug_abbrev  0x00003d17      0x2bc ./Middlewares/ST/STM32_USB_Device_Library/Class/CDC/Src/usbd_cdc.o
 .debug_abbrev  0x00003fd3      0x24f ./Middlewares/ST/STM32_USB_Device_Library/Core/Src/usbd_core.o
 .debug_abbrev  0x00004222      0x27e ./Middlewares/ST/STM32_USB_Device_Library/Core/Src/usbd_ctlreq.o
 .debug_abbrev  0x000044a0      0x1a9 ./Middlewares/ST/STM32_USB_Device_Library/Core/Src/usbd_ioreq.o
 .debug_abbrev  0x00004649      0x1a4 ./USB_Device/App/usb_device.o
 .debug_abbrev  0x000047ed      0x2c2 ./USB_Device/App/usbd_cdc_if.o
 .debug_abbrev  0x00004aaf      0x20e ./USB_Device/App/usbd_desc.o
 .debug_abbrev  0x00004cbd      0x32b ./USB_Device/Target/usbd_conf.o

.debug_aranges  0x00000000     0x1a50
 .debug_aranges
                0x00000000       0x78 ./Core/Src/Flash/Flash.o
 .debug_aranges
                0x00000078       0x30 ./Core/Src/USB/USBCom.o
 .debug_aranges
                0x000000a8       0x30 ./Core/Src/adc.o
 .debug_aranges
                0x000000d8       0x30 ./Core/Src/dac.o
 .debug_aranges
                0x00000108       0x20 ./Core/Src/gpio.o
 .debug_aranges
                0x00000128       0x58 ./Core/Src/main.o
 .debug_aranges
                0x00000180       0x20 ./Core/Src/stm32g4xx_hal_msp.o
 .debug_aranges
                0x000001a0       0x80 ./Core/Src/stm32g4xx_it.o
 .debug_aranges
                0x00000220       0x28 ./Core/Src/system_stm32g4xx.o
 .debug_aranges
                0x00000248       0x38 ./Core/Src/tim.o
 .debug_aranges
                0x00000280       0x28 ./Core/Startup/startup_stm32g431k8tx.o
 .debug_aranges
                0x000002a8      0x130 ./Drivers/STM32G4xx_HAL_Driver/Src/stm32g4xx_hal.o
 .debug_aranges
                0x000003d8      0x248 ./Drivers/STM32G4xx_HAL_Driver/Src/stm32g4xx_hal_adc.o
 .debug_aranges
                0x00000620      0x1c0 ./Drivers/STM32G4xx_HAL_Driver/Src/stm32g4xx_hal_adc_ex.o
 .debug_aranges
                0x000007e0      0x118 ./Drivers/STM32G4xx_HAL_Driver/Src/stm32g4xx_hal_cortex.o
 .debug_aranges
                0x000008f8       0xc0 ./Drivers/STM32G4xx_HAL_Driver/Src/stm32g4xx_hal_dac.o
 .debug_aranges
                0x000009b8       0x88 ./Drivers/STM32G4xx_HAL_Driver/Src/stm32g4xx_hal_flash.o
 .debug_aranges
                0x00000a40       0xc8 ./Drivers/STM32G4xx_HAL_Driver/Src/stm32g4xx_hal_flash_ex.o
 .debug_aranges
                0x00000b08       0x58 ./Drivers/STM32G4xx_HAL_Driver/Src/stm32g4xx_hal_gpio.o
 .debug_aranges
                0x00000b60      0x130 ./Drivers/STM32G4xx_HAL_Driver/Src/stm32g4xx_hal_pcd.o
 .debug_aranges
                0x00000c90       0x58 ./Drivers/STM32G4xx_HAL_Driver/Src/stm32g4xx_hal_pcd_ex.o
 .debug_aranges
                0x00000ce8      0x140 ./Drivers/STM32G4xx_HAL_Driver/Src/stm32g4xx_hal_pwr_ex.o
 .debug_aranges
                0x00000e28       0x98 ./Drivers/STM32G4xx_HAL_Driver/Src/stm32g4xx_hal_rcc.o
 .debug_aranges
                0x00000ec0       0xb0 ./Drivers/STM32G4xx_HAL_Driver/Src/stm32g4xx_hal_rcc_ex.o
 .debug_aranges
                0x00000f70      0x3e0 ./Drivers/STM32G4xx_HAL_Driver/Src/stm32g4xx_hal_tim.o
 .debug_aranges
                0x00001350      0x240 ./Drivers/STM32G4xx_HAL_Driver/Src/stm32g4xx_hal_tim_ex.o
 .debug_aranges
                0x00001590       0xb0 ./Drivers/STM32G4xx_HAL_Driver/Src/stm32g4xx_ll_usb.o
 .debug_aranges
                0x00001640       0x90 ./Middlewares/ST/STM32_USB_Device_Library/Class/CDC/Src/usbd_cdc.o
 .debug_aranges
                0x000016d0       0xb8 ./Middlewares/ST/STM32_USB_Device_Library/Core/Src/usbd_core.o
 .debug_aranges
                0x00001788       0x90 ./Middlewares/ST/STM32_USB_Device_Library/Core/Src/usbd_ctlreq.o
 .debug_aranges
                0x00001818       0x50 ./Middlewares/ST/STM32_USB_Device_Library/Core/Src/usbd_ioreq.o
 .debug_aranges
                0x00001868       0x20 ./USB_Device/App/usb_device.o
 .debug_aranges
                0x00001888       0x48 ./USB_Device/App/usbd_cdc_if.o
 .debug_aranges
                0x000018d0       0x60 ./USB_Device/App/usbd_desc.o
 .debug_aranges
                0x00001930      0x120 ./USB_Device/Target/usbd_conf.o

.debug_rnglists
                0x00000000     0x13e7
 .debug_rnglists
                0x00000000       0x57 ./Core/Src/Flash/Flash.o
 .debug_rnglists
                0x00000057       0x20 ./Core/Src/USB/USBCom.o
 .debug_rnglists
                0x00000077       0x21 ./Core/Src/adc.o
 .debug_rnglists
                0x00000098       0x1f ./Core/Src/dac.o
 .debug_rnglists
                0x000000b7       0x14 ./Core/Src/gpio.o
 .debug_rnglists
                0x000000cb       0x3f ./Core/Src/main.o
 .debug_rnglists
                0x0000010a       0x13 ./Core/Src/stm32g4xx_hal_msp.o
 .debug_rnglists
                0x0000011d       0x5b ./Core/Src/stm32g4xx_it.o
 .debug_rnglists
                0x00000178       0x1a ./Core/Src/system_stm32g4xx.o
 .debug_rnglists
                0x00000192       0x28 ./Core/Src/tim.o
 .debug_rnglists
                0x000001ba       0x19 ./Core/Startup/startup_stm32g431k8tx.o
 .debug_rnglists
                0x000001d3       0xdf ./Drivers/STM32G4xx_HAL_Driver/Src/stm32g4xx_hal.o
 .debug_rnglists
                0x000002b2      0x1c0 ./Drivers/STM32G4xx_HAL_Driver/Src/stm32g4xx_hal_adc.o
 .debug_rnglists
                0x00000472      0x15a ./Drivers/STM32G4xx_HAL_Driver/Src/stm32g4xx_hal_adc_ex.o
 .debug_rnglists
                0x000005cc       0xce ./Drivers/STM32G4xx_HAL_Driver/Src/stm32g4xx_hal_cortex.o
 .debug_rnglists
                0x0000069a       0x90 ./Drivers/STM32G4xx_HAL_Driver/Src/stm32g4xx_hal_dac.o
 .debug_rnglists
                0x0000072a       0x65 ./Drivers/STM32G4xx_HAL_Driver/Src/stm32g4xx_hal_flash.o
 .debug_rnglists
                0x0000078f       0x98 ./Drivers/STM32G4xx_HAL_Driver/Src/stm32g4xx_hal_flash_ex.o
 .debug_rnglists
                0x00000827       0x3f ./Drivers/STM32G4xx_HAL_Driver/Src/stm32g4xx_hal_gpio.o
 .debug_rnglists
                0x00000866       0xe9 ./Drivers/STM32G4xx_HAL_Driver/Src/stm32g4xx_hal_pcd.o
 .debug_rnglists
                0x0000094f       0x3f ./Drivers/STM32G4xx_HAL_Driver/Src/stm32g4xx_hal_pcd_ex.o
 .debug_rnglists
                0x0000098e       0xf1 ./Drivers/STM32G4xx_HAL_Driver/Src/stm32g4xx_hal_pwr_ex.o
 .debug_rnglists
                0x00000a7f       0x74 ./Drivers/STM32G4xx_HAL_Driver/Src/stm32g4xx_hal_rcc.o
 .debug_rnglists
                0x00000af3       0x87 ./Drivers/STM32G4xx_HAL_Driver/Src/stm32g4xx_hal_rcc_ex.o
 .debug_rnglists
                0x00000b7a      0x328 ./Drivers/STM32G4xx_HAL_Driver/Src/stm32g4xx_hal_tim.o
 .debug_rnglists
                0x00000ea2      0x1cb ./Drivers/STM32G4xx_HAL_Driver/Src/stm32g4xx_hal_tim_ex.o
 .debug_rnglists
                0x0000106d       0x86 ./Drivers/STM32G4xx_HAL_Driver/Src/stm32g4xx_ll_usb.o
 .debug_rnglists
                0x000010f3       0x6a ./Middlewares/ST/STM32_USB_Device_Library/Class/CDC/Src/usbd_cdc.o
 .debug_rnglists
                0x0000115d       0x89 ./Middlewares/ST/STM32_USB_Device_Library/Core/Src/usbd_core.o
 .debug_rnglists
                0x000011e6       0x6e ./Middlewares/ST/STM32_USB_Device_Library/Core/Src/usbd_ctlreq.o
 .debug_rnglists
                0x00001254       0x37 ./Middlewares/ST/STM32_USB_Device_Library/Core/Src/usbd_ioreq.o
 .debug_rnglists
                0x0000128b       0x13 ./USB_Device/App/usb_device.o
 .debug_rnglists
                0x0000129e       0x32 ./USB_Device/App/usbd_cdc_if.o
 .debug_rnglists
                0x000012d0       0x43 ./USB_Device/App/usbd_desc.o
 .debug_rnglists
                0x00001313       0xd4 ./USB_Device/Target/usbd_conf.o

.debug_macro    0x00000000    0x264a4
 .debug_macro   0x00000000      0x22a ./Core/Src/Flash/Flash.o
 .debug_macro   0x0000022a      0xb8c ./Core/Src/Flash/Flash.o
 .debug_macro   0x00000db6      0x167 ./Core/Src/Flash/Flash.o
 .debug_macro   0x00000f1d       0x2e ./Core/Src/Flash/Flash.o
 .debug_macro   0x00000f4b       0x28 ./Core/Src/Flash/Flash.o
 .debug_macro   0x00000f73       0x1c ./Core/Src/Flash/Flash.o
 .debug_macro   0x00000f8f       0x22 ./Core/Src/Flash/Flash.o
 .debug_macro   0x00000fb1       0x8e ./Core/Src/Flash/Flash.o
 .debug_macro   0x0000103f       0x51 ./Core/Src/Flash/Flash.o
 .debug_macro   0x00001090      0x103 ./Core/Src/Flash/Flash.o
 .debug_macro   0x00001193       0x6a ./Core/Src/Flash/Flash.o
 .debug_macro   0x000011fd      0x1df ./Core/Src/Flash/Flash.o
 .debug_macro   0x000013dc       0x1c ./Core/Src/Flash/Flash.o
 .debug_macro   0x000013f8       0x22 ./Core/Src/Flash/Flash.o
 .debug_macro   0x0000141a       0xfb ./Core/Src/Flash/Flash.o
 .debug_macro   0x00001515     0x1011 ./Core/Src/Flash/Flash.o
 .debug_macro   0x00002526      0x11f ./Core/Src/Flash/Flash.o
 .debug_macro   0x00002645    0x11396 ./Core/Src/Flash/Flash.o
 .debug_macro   0x000139db       0x6d ./Core/Src/Flash/Flash.o
 .debug_macro   0x00013a48     0x3554 ./Core/Src/Flash/Flash.o
 .debug_macro   0x00016f9c      0x190 ./Core/Src/Flash/Flash.o
 .debug_macro   0x0001712c       0x5c ./Core/Src/Flash/Flash.o
 .debug_macro   0x00017188     0x141d ./Core/Src/Flash/Flash.o
 .debug_macro   0x000185a5      0x535 ./Core/Src/Flash/Flash.o
 .debug_macro   0x00018ada      0x1b6 ./Core/Src/Flash/Flash.o
 .debug_macro   0x00018c90      0x288 ./Core/Src/Flash/Flash.o
 .debug_macro   0x00018f18      0x41d ./Core/Src/Flash/Flash.o
 .debug_macro   0x00019335      0x18b ./Core/Src/Flash/Flash.o
 .debug_macro   0x000194c0       0x43 ./Core/Src/Flash/Flash.o
 .debug_macro   0x00019503      0x23d ./Core/Src/Flash/Flash.o
 .debug_macro   0x00019740     0x10fd ./Core/Src/Flash/Flash.o
 .debug_macro   0x0001a83d      0x72e ./Core/Src/Flash/Flash.o
 .debug_macro   0x0001af6b      0x391 ./Core/Src/Flash/Flash.o
 .debug_macro   0x0001b2fc      0x202 ./Core/Src/Flash/Flash.o
 .debug_macro   0x0001b4fe      0x108 ./Core/Src/Flash/Flash.o
 .debug_macro   0x0001b606      0x211 ./Core/Src/Flash/Flash.o
 .debug_macro   0x0001b817      0x401 ./Core/Src/Flash/Flash.o
 .debug_macro   0x0001bc18      0x107 ./Core/Src/Flash/Flash.o
 .debug_macro   0x0001bd1f       0x6c ./Core/Src/Flash/Flash.o
 .debug_macro   0x0001bd8b      0x234 ./Core/Src/Flash/Flash.o
 .debug_macro   0x0001bfbf      0x122 ./Core/Src/Flash/Flash.o
 .debug_macro   0x0001c0e1      0x3d1 ./Core/Src/Flash/Flash.o
 .debug_macro   0x0001c4b2      0xbbe ./Core/Src/Flash/Flash.o
 .debug_macro   0x0001d070      0x47e ./Core/Src/Flash/Flash.o
 .debug_macro   0x0001d4ee      0x306 ./Core/Src/Flash/Flash.o
 .debug_macro   0x0001d7f4      0x42b ./Core/Src/USB/USBCom.o
 .debug_macro   0x0001dc1f       0x61 ./Core/Src/USB/USBCom.o
 .debug_macro   0x0001dc80       0x2a ./Core/Src/USB/USBCom.o
 .debug_macro   0x0001dcaa       0x43 ./Core/Src/USB/USBCom.o
 .debug_macro   0x0001dced       0x34 ./Core/Src/USB/USBCom.o
 .debug_macro   0x0001dd21       0x16 ./Core/Src/USB/USBCom.o
 .debug_macro   0x0001dd37       0x35 ./Core/Src/USB/USBCom.o
 .debug_macro   0x0001dd6c      0x38c ./Core/Src/USB/USBCom.o
 .debug_macro   0x0001e0f8       0x10 ./Core/Src/USB/USBCom.o
 .debug_macro   0x0001e108       0x16 ./Core/Src/USB/USBCom.o
 .debug_macro   0x0001e11e       0x43 ./Core/Src/USB/USBCom.o
 .debug_macro   0x0001e161       0x34 ./Core/Src/USB/USBCom.o
 .debug_macro   0x0001e195       0x10 ./Core/Src/USB/USBCom.o
 .debug_macro   0x0001e1a5       0x58 ./Core/Src/USB/USBCom.o
 .debug_macro   0x0001e1fd       0x8e ./Core/Src/USB/USBCom.o
 .debug_macro   0x0001e28b       0x16 ./Core/Src/USB/USBCom.o
 .debug_macro   0x0001e2a1      0x177 ./Core/Src/USB/USBCom.o
 .debug_macro   0x0001e418       0x16 ./Core/Src/USB/USBCom.o
 .debug_macro   0x0001e42e       0x16 ./Core/Src/USB/USBCom.o
 .debug_macro   0x0001e444      0x138 ./Core/Src/USB/USBCom.o
 .debug_macro   0x0001e57c      0x1d6 ./Core/Src/USB/USBCom.o
 .debug_macro   0x0001e752       0x10 ./Core/Src/USB/USBCom.o
 .debug_macro   0x0001e762      0x417 ./Core/Src/USB/USBCom.o
 .debug_macro   0x0001eb79       0x10 ./Core/Src/USB/USBCom.o
 .debug_macro   0x0001eb89       0x16 ./Core/Src/USB/USBCom.o
 .debug_macro   0x0001eb9f       0x16 ./Core/Src/USB/USBCom.o
 .debug_macro   0x0001ebb5       0x29 ./Core/Src/USB/USBCom.o
 .debug_macro   0x0001ebde       0x1c ./Core/Src/USB/USBCom.o
 .debug_macro   0x0001ebfa       0xde ./Core/Src/USB/USBCom.o
 .debug_macro   0x0001ecd8       0x16 ./Core/Src/USB/USBCom.o
 .debug_macro   0x0001ecee       0x20 ./Core/Src/USB/USBCom.o
 .debug_macro   0x0001ed0e       0x5f ./Core/Src/USB/USBCom.o
 .debug_macro   0x0001ed6d      0x1ef ./Core/Src/USB/USBCom.o
 .debug_macro   0x0001ef5c       0x95 ./Core/Src/USB/USBCom.o
 .debug_macro   0x0001eff1       0x10 ./Core/Src/USB/USBCom.o
 .debug_macro   0x0001f001       0x10 ./Core/Src/USB/USBCom.o
 .debug_macro   0x0001f011      0x22e ./Core/Src/adc.o
 .debug_macro   0x0001f23f      0xab4 ./Core/Src/adc.o
 .debug_macro   0x0001fcf3     0x1011 ./Core/Src/adc.o
 .debug_macro   0x00020d04      0x189 ./Core/Src/adc.o
 .debug_macro   0x00020e8d       0x34 ./Core/Src/adc.o
 .debug_macro   0x00020ec1      0x22e ./Core/Src/dac.o
 .debug_macro   0x000210ef      0x22e ./Core/Src/gpio.o
 .debug_macro   0x0002131d      0x473 ./Core/Src/main.o
 .debug_macro   0x00021790       0x16 ./Core/Src/main.o
 .debug_macro   0x000217a6      0x224 ./Core/Src/stm32g4xx_hal_msp.o
 .debug_macro   0x000219ca      0x22e ./Core/Src/stm32g4xx_it.o
 .debug_macro   0x00021bf8      0x215 ./Core/Src/system_stm32g4xx.o
 .debug_macro   0x00021e0d      0x22e ./Core/Src/tim.o
 .debug_macro   0x0002203b      0x263 ./Drivers/STM32G4xx_HAL_Driver/Src/stm32g4xx_hal.o
 .debug_macro   0x0002229e      0x232 ./Drivers/STM32G4xx_HAL_Driver/Src/stm32g4xx_hal_adc.o
 .debug_macro   0x000224d0      0x221 ./Drivers/STM32G4xx_HAL_Driver/Src/stm32g4xx_hal_adc_ex.o
 .debug_macro   0x000226f1      0x215 ./Drivers/STM32G4xx_HAL_Driver/Src/stm32g4xx_hal_cortex.o
 .debug_macro   0x00022906      0x22b ./Drivers/STM32G4xx_HAL_Driver/Src/stm32g4xx_hal_dac.o
 .debug_macro   0x00022b31      0x21b ./Drivers/STM32G4xx_HAL_Driver/Src/stm32g4xx_hal_flash.o
 .debug_macro   0x00022d4c      0x215 ./Drivers/STM32G4xx_HAL_Driver/Src/stm32g4xx_hal_flash_ex.o
 .debug_macro   0x00022f61      0x21c ./Drivers/STM32G4xx_HAL_Driver/Src/stm32g4xx_hal_gpio.o
 .debug_macro   0x0002317d      0x221 ./Drivers/STM32G4xx_HAL_Driver/Src/stm32g4xx_hal_pcd.o
 .debug_macro   0x0002339e      0x215 ./Drivers/STM32G4xx_HAL_Driver/Src/stm32g4xx_hal_pcd_ex.o
 .debug_macro   0x000235b3      0x23f ./Drivers/STM32G4xx_HAL_Driver/Src/stm32g4xx_hal_pwr_ex.o
 .debug_macro   0x000237f2      0x257 ./Drivers/STM32G4xx_HAL_Driver/Src/stm32g4xx_hal_rcc.o
 .debug_macro   0x00023a49      0x23f ./Drivers/STM32G4xx_HAL_Driver/Src/stm32g4xx_hal_rcc_ex.o
 .debug_macro   0x00023c88      0x21d ./Drivers/STM32G4xx_HAL_Driver/Src/stm32g4xx_hal_tim.o
 .debug_macro   0x00023ea5      0x21b ./Drivers/STM32G4xx_HAL_Driver/Src/stm32g4xx_hal_tim_ex.o
 .debug_macro   0x000240c0      0x215 ./Drivers/STM32G4xx_HAL_Driver/Src/stm32g4xx_ll_usb.o
 .debug_macro   0x000242d5      0x3a4 ./Middlewares/ST/STM32_USB_Device_Library/Class/CDC/Src/usbd_cdc.o
 .debug_macro   0x00024679       0x9e ./Middlewares/ST/STM32_USB_Device_Library/Class/CDC/Src/usbd_cdc.o
 .debug_macro   0x00024717      0x10b ./Middlewares/ST/STM32_USB_Device_Library/Class/CDC/Src/usbd_cdc.o
 .debug_macro   0x00024822       0x56 ./Middlewares/ST/STM32_USB_Device_Library/Class/CDC/Src/usbd_cdc.o
 .debug_macro   0x00024878      0x38b ./Middlewares/ST/STM32_USB_Device_Library/Core/Src/usbd_core.o
 .debug_macro   0x00024c03      0x1f5 ./Middlewares/ST/STM32_USB_Device_Library/Core/Src/usbd_core.o
 .debug_macro   0x00024df8      0x395 ./Middlewares/ST/STM32_USB_Device_Library/Core/Src/usbd_ctlreq.o