../Core/Src/main.cpp:75:5:int main()	24	static
../Core/Src/main.cpp:143:6:void SystemClock_Config()	88	static
../Core/Src/main.cpp:187:6:void HAL_ADC_ConvCpltCallback(ADC_HandleTypeDef*)	16	static
../Core/Src/main.cpp:193:6:void HAL_TIM_PeriodElapsedCallback(TIM_HandleTypeDef*)	16	static
../Core/Src/main.cpp:208:6:void USB_CDC_RX_Interrupt(uint8_t*, uint32_t)	16	static
../Core/Src/main.cpp:219:6:void Error_Handler()	4	static,ignoring_inline_asm
../Core/Src/main.cpp:228:1:void __static_initialization_and_destruction_0(int, int)	16	static
../Core/Src/main.cpp:228:1:cpp)	8	static
