Archive member included to satisfy reference by file (symbol)

C:/ST/STM32CubeIDE_1.12.1/STM32CubeIDE/plugins/com.st.stm32cube.ide.mcu.externaltools.gnu-tools-for-stm32.11.3.rel1.win32_1.1.100.202309141235/tools/bin/../lib/gcc/arm-none-eabi/11.3.1/../../../../arm-none-eabi/lib/thumb/v7e-m+fp/hard\libc_nano.a(libc_a-exit.o)
                              C:/ST/STM32CubeIDE_1.12.1/STM32CubeIDE/plugins/com.st.stm32cube.ide.mcu.externaltools.gnu-tools-for-stm32.11.3.rel1.win32_1.1.100.202309141235/tools/bin/../lib/gcc/arm-none-eabi/11.3.1/../../../../arm-none-eabi/lib/thumb/v7e-m+fp/hard/crt0.o (exit)
C:/ST/STM32CubeIDE_1.12.1/STM32CubeIDE/plugins/com.st.stm32cube.ide.mcu.externaltools.gnu-tools-for-stm32.11.3.rel1.win32_1.1.100.202309141235/tools/bin/../lib/gcc/arm-none-eabi/11.3.1/../../../../arm-none-eabi/lib/thumb/v7e-m+fp/hard\libc_nano.a(libc_a-findfp.o)
                              C:/ST/STM32CubeIDE_1.12.1/STM32CubeIDE/plugins/com.st.stm32cube.ide.mcu.externaltools.gnu-tools-for-stm32.11.3.rel1.win32_1.1.100.202309141235/tools/bin/../lib/gcc/arm-none-eabi/11.3.1/../../../../arm-none-eabi/lib/thumb/v7e-m+fp/hard\libc_nano.a(libc_a-exit.o) (__stdio_exit_handler)
C:/ST/STM32CubeIDE_1.12.1/STM32CubeIDE/plugins/com.st.stm32cube.ide.mcu.externaltools.gnu-tools-for-stm32.11.3.rel1.win32_1.1.100.202309141235/tools/bin/../lib/gcc/arm-none-eabi/11.3.1/../../../../arm-none-eabi/lib/thumb/v7e-m+fp/hard\libc_nano.a(libc_a-fwalk.o)
                              C:/ST/STM32CubeIDE_1.12.1/STM32CubeIDE/plugins/com.st.stm32cube.ide.mcu.externaltools.gnu-tools-for-stm32.11.3.rel1.win32_1.1.100.202309141235/tools/bin/../lib/gcc/arm-none-eabi/11.3.1/../../../../arm-none-eabi/lib/thumb/v7e-m+fp/hard\libc_nano.a(libc_a-findfp.o) (_fwalk_sglue)
C:/ST/STM32CubeIDE_1.12.1/STM32CubeIDE/plugins/com.st.stm32cube.ide.mcu.externaltools.gnu-tools-for-stm32.11.3.rel1.win32_1.1.100.202309141235/tools/bin/../lib/gcc/arm-none-eabi/11.3.1/../../../../arm-none-eabi/lib/thumb/v7e-m+fp/hard\libc_nano.a(libc_a-stdio.o)
                              C:/ST/STM32CubeIDE_1.12.1/STM32CubeIDE/plugins/com.st.stm32cube.ide.mcu.externaltools.gnu-tools-for-stm32.11.3.rel1.win32_1.1.100.202309141235/tools/bin/../lib/gcc/arm-none-eabi/11.3.1/../../../../arm-none-eabi/lib/thumb/v7e-m+fp/hard\libc_nano.a(libc_a-findfp.o) (__sread)
C:/ST/STM32CubeIDE_1.12.1/STM32CubeIDE/plugins/com.st.stm32cube.ide.mcu.externaltools.gnu-tools-for-stm32.11.3.rel1.win32_1.1.100.202309141235/tools/bin/../lib/gcc/arm-none-eabi/11.3.1/../../../../arm-none-eabi/lib/thumb/v7e-m+fp/hard\libc_nano.a(libc_a-memset.o)
                              C:/ST/STM32CubeIDE_1.12.1/STM32CubeIDE/plugins/com.st.stm32cube.ide.mcu.externaltools.gnu-tools-for-stm32.11.3.rel1.win32_1.1.100.202309141235/tools/bin/../lib/gcc/arm-none-eabi/11.3.1/../../../../arm-none-eabi/lib/thumb/v7e-m+fp/hard/crt0.o (memset)
C:/ST/STM32CubeIDE_1.12.1/STM32CubeIDE/plugins/com.st.stm32cube.ide.mcu.externaltools.gnu-tools-for-stm32.11.3.rel1.win32_1.1.100.202309141235/tools/bin/../lib/gcc/arm-none-eabi/11.3.1/../../../../arm-none-eabi/lib/thumb/v7e-m+fp/hard\libc_nano.a(libc_a-closer.o)
                              C:/ST/STM32CubeIDE_1.12.1/STM32CubeIDE/plugins/com.st.stm32cube.ide.mcu.externaltools.gnu-tools-for-stm32.11.3.rel1.win32_1.1.100.202309141235/tools/bin/../lib/gcc/arm-none-eabi/11.3.1/../../../../arm-none-eabi/lib/thumb/v7e-m+fp/hard\libc_nano.a(libc_a-stdio.o) (_close_r)
C:/ST/STM32CubeIDE_1.12.1/STM32CubeIDE/plugins/com.st.stm32cube.ide.mcu.externaltools.gnu-tools-for-stm32.11.3.rel1.win32_1.1.100.202309141235/tools/bin/../lib/gcc/arm-none-eabi/11.3.1/../../../../arm-none-eabi/lib/thumb/v7e-m+fp/hard\libc_nano.a(libc_a-reent.o)
                              C:/ST/STM32CubeIDE_1.12.1/STM32CubeIDE/plugins/com.st.stm32cube.ide.mcu.externaltools.gnu-tools-for-stm32.11.3.rel1.win32_1.1.100.202309141235/tools/bin/../lib/gcc/arm-none-eabi/11.3.1/../../../../arm-none-eabi/lib/thumb/v7e-m+fp/hard\libc_nano.a(libc_a-closer.o) (errno)
C:/ST/STM32CubeIDE_1.12.1/STM32CubeIDE/plugins/com.st.stm32cube.ide.mcu.externaltools.gnu-tools-for-stm32.11.3.rel1.win32_1.1.100.202309141235/tools/bin/../lib/gcc/arm-none-eabi/11.3.1/../../../../arm-none-eabi/lib/thumb/v7e-m+fp/hard\libc_nano.a(libc_a-impure.o)
                              C:/ST/STM32CubeIDE_1.12.1/STM32CubeIDE/plugins/com.st.stm32cube.ide.mcu.externaltools.gnu-tools-for-stm32.11.3.rel1.win32_1.1.100.202309141235/tools/bin/../lib/gcc/arm-none-eabi/11.3.1/../../../../arm-none-eabi/lib/thumb/v7e-m+fp/hard\libc_nano.a(libc_a-reent.o) (_impure_ptr)
C:/ST/STM32CubeIDE_1.12.1/STM32CubeIDE/plugins/com.st.stm32cube.ide.mcu.externaltools.gnu-tools-for-stm32.11.3.rel1.win32_1.1.100.202309141235/tools/bin/../lib/gcc/arm-none-eabi/11.3.1/../../../../arm-none-eabi/lib/thumb/v7e-m+fp/hard\libc_nano.a(libc_a-lseekr.o)
[...]
Memory Configuration

Name             Origin             Length             Attributes
RAM              0x0000000020000000 0x0000000000008000 xrw
FLASH            0x0000000008000000 0x0000000000010000 xr
*default*        0x0000000000000000 0xffffffffffffffff

Linker script and memory map

LOAD C:/ST/STM32CubeIDE_1.12.1/STM32CubeIDE/plugins/com.st.stm32cube.ide.mcu.externaltools.gnu-tools-for-stm32.11.3.rel1.win32_1.1.100.202309141235/tools/bin/../lib/gcc/arm-none-eabi/11.3.1/thumb/v7e-m+fp/hard/crti.o
LOAD C:/ST/STM32CubeIDE_1.12.1/STM32CubeIDE/plugins/com.st.stm32cube.ide.mcu.externaltools.gnu-tools-for-stm32.11.3.rel1.win32_1.1.100.202309141235/tools/bin/../lib/gcc/arm-none-eabi/11.3.1/thumb/v7e-m+fp/hard/crtbegin.o
LOAD C:/ST/STM32CubeIDE_1.12.1/STM32CubeIDE/plugins/com.st.stm32cube.ide.mcu.externaltools.gnu-tools-for-stm32.11.3.rel1.win32_1.1.100.202309141235/tools/bin/../lib/gcc/arm-none-eabi/11.3.1/../../../../arm-none-eabi/lib/thumb/v7e-m+fp/hard/crt0.o
LOAD ./Core/Src/Flash/Flash.o
LOAD ./Core/Src/USB/USBCom.o
LOAD ./Core/Src/adc.o
LOAD ./Core/Src/dac.o
LOAD ./Core/Src/gpio.o
LOAD ./Core/Src/main.o
LOAD ./Core/Src/stm32g4xx_hal_msp.o
LOAD ./Core/Src/stm32g4xx_it.o
LOAD ./Core/Src/syscalls.o
LOAD ./Core/Src/sysmem.o
LOAD ./Core/Src/system_stm32g4xx.o
LOAD ./Core/Src/tim.o
LOAD ./Core/Startup/startup_stm32g431k8tx.o
LOAD ./Drivers/STM32G4xx_HAL_Driver/Src/stm32g4xx_hal.o
LOAD ./Drivers/STM32G4xx_HAL_Driver/Src/stm32g4xx_hal_adc.o
LOAD ./Drivers/STM32G4xx_HAL_Driver/Src/stm32g4xx_hal_adc_ex.o
LOAD ./Drivers/STM32G4xx_HAL_Driver/Src/stm32g4xx_hal_cortex.o
LOAD ./Drivers/STM32G4xx_HAL_Driver/Src/stm32g4xx_hal_dac.o
LOAD ./Drivers/STM32G4xx_HAL_Driver/Src/stm32g4xx_hal_dac_ex.o
LOAD ./Drivers/STM32G4xx_HAL_Driver/Src/stm32g4xx_hal_dma.o
LOAD ./Drivers/STM32G4xx_HAL_Driver/Src/stm32g4xx_hal_dma_ex.o
LOAD ./Drivers/STM32G4xx_HAL_Driver/Src/stm32g4xx_hal_exti.o
LOAD ./Drivers/STM32G4xx_HAL_Driver/Src/stm32g4xx_hal_flash.o
LOAD ./Drivers/STM32G4xx_HAL_Driver/Src/stm32g4xx_hal_flash_ex.o
LOAD ./Drivers/STM32G4xx_HAL_Driver/Src/stm32g4xx_hal_flash_ramfunc.o
LOAD ./Drivers/STM32G4xx_HAL_Driver/Src/stm32g4xx_hal_gpio.o
LOAD ./Drivers/STM32G4xx_HAL_Driver/Src/stm32g4xx_hal_pcd.o
LOAD ./Drivers/STM32G4xx_HAL_Driver/Src/stm32g4xx_hal_pcd_ex.o
LOAD ./Drivers/STM32G4xx_HAL_Driver/Src/stm32g4xx_hal_pwr.o
LOAD ./Drivers/STM32G4xx_HAL_Driver/Src/stm32g4xx_hal_pwr_ex.o
LOAD ./Drivers/STM32G4xx_HAL_Driver/Src/stm32g4xx_hal_rcc.o
LOAD ./Drivers/STM32G4xx_HAL_Driver/Src/stm32g4xx_hal_rcc_ex.o
LOAD ./Drivers/STM32G4xx_HAL_Driver/Src/stm32g4xx_hal_tim.o
LOAD ./Drivers/STM32G4xx_HAL_Driver/Src/stm32g4xx_hal_tim_ex.o
LOAD ./Drivers/STM32G4xx_HAL_Driver/Src/stm32g4xx_ll_adc.o
LOAD ./Drivers/STM32G4xx_HAL_Driver/Src/stm32g4xx_ll_usb.o
LOAD ./Middlewares/ST/STM32_USB_Device_Library/Class/CDC/Src/usbd_cdc.o
LOAD ./Middlewares/ST/STM32_USB_Device_Library/Core/Src/usbd_core.o
LOAD ./Middlewares/ST/STM32_USB_Device_Library/Core/Src/usbd_ctlreq.o
LOAD ./Middlewares/ST/STM32_USB_Device_Library/Core/Src/usbd_ioreq.o
LOAD ./USB_Device/App/usb_device.o
LOAD ./USB_Device/App/usbd_cdc_if.o
LOAD ./USB_Device/App/usbd_desc.o
LOAD ./USB_Device/Target/usbd_conf.o
START GROUP
LOAD C:/ST/STM32CubeIDE_1.12.1/STM32CubeIDE/plugins/com.st.stm32cube.ide.mcu.externaltools.gnu-tools-for-stm32.11.3.rel1.win32_1.1.100.202309141235/tools/bin/../lib/gcc/arm-none-eabi/11.3.1/../../../../arm-none-eabi/lib/thumb/v7e-m+fp/hard\libstdc++_nano.a
LOAD C:/ST/STM32CubeIDE_1.12.1/STM32CubeIDE/plugins/com.st.stm32cube.ide.mcu.externaltools.gnu-tools-for-stm32.11.3.rel1.win32_1.1.100.202309141235/tools/bin/../lib/gcc/arm-none-eabi/11.3.1/../../../../arm-none-eabi/lib/thumb/v7e-m+fp/hard\libsupc++_nano.a
END GROUP
LOAD C:/ST/STM32CubeIDE_1.12.1/STM32CubeIDE/plugins/com.st.stm32cube.ide.mcu.externaltools.gnu-tools-for-stm32.11.3.rel1.win32_1.1.100.202309141235/tools/bin/../lib/gcc/arm-none-eabi/11.3.1/../../../../arm-none-eabi/lib/thumb/v7e-m+fp/hard\libstdc++_nano.a
LOAD C:/ST/STM32CubeIDE_1.12.1/STM32CubeIDE/plugins/com.st.stm32cube.ide.mcu.externaltools.gnu-tools-for-stm32.11.3.rel1.win32_1.1.100.202309141235/tools/bin/../lib/gcc/arm-none-eabi/11.3.1/../../../../arm-none-eabi/lib/thumb/v7e-m+fp/hard\libm.a
LOAD C:/ST/STM32CubeIDE_1.12.1/STM32CubeIDE/plugins/com.st.stm32cube.ide.mcu.externaltools.gnu-tools-for-stm32.11.3.rel1.win32_1.1.100.202309141235/tools/bin/../lib/gcc/arm-none-eabi/11.3.1/../../../../arm-none-eabi/lib/thumb/v7e-m+fp/hard\libc_nano.a
START GROUP
LOAD C:/ST/STM32CubeIDE_1.12.1/STM32CubeIDE/plugins/com.st.stm32cube.ide.mcu.externaltools.gnu-tools-for-stm32.11.3.rel1.win32_1.1.100.202309141235/tools/bin/../lib/gcc/arm-none-eabi/11.3.1/thumb/v7e-m+fp/hard\libgcc.a
LOAD C:/ST/STM32CubeIDE_1.12.1/STM32CubeIDE/plugins/com.st.stm32cube.ide.mcu.externaltools.gnu-tools-for-stm32.11.3.rel1.win32_1.1.100.202309141235/tools/bin/../lib/gcc/arm-none-eabi/11.3.1/../../../../arm-none-eabi/lib/thumb/v7e-m+fp/hard\libc_nano.a
END GROUP
START GROUP
LOAD C:/ST/STM32CubeIDE_1.12.1/STM32CubeIDE/plugins/com.st.stm32cube.ide.mcu.externaltools.gnu-tools-for-stm32.11.3.rel1.win32_1.1.100.202309141235/tools/bin/../lib/gcc/arm-none-eabi/11.3.1/thumb/v7e-m+fp/hard\libgcc.a
LOAD C:/ST/STM32CubeIDE_1.12.1/STM32CubeIDE/plugins/com.st.stm32cube.ide.mcu.externaltools.gnu-tools-for-stm32.11.3.rel1.win32_1.1.100.202309141235/tools/bin/../lib/gcc/arm-none-eabi/11.3.1/../../../../arm-none-eabi/lib/thumb/v7e-m+fp/hard\libc_nano.a
LOAD C:/ST/STM32CubeIDE_1.12.1/STM32CubeIDE/plugins/com.st.stm32cube.ide.mcu.externaltools.gnu-tools-for-stm32.11.3.rel1.win32_1.1.100.202309141235/tools/bin/../lib/gcc/arm-none-eabi/11.3.1/../../../../arm-none-eabi/lib/thumb/v7e-m+fp/hard\libnosys.a
END GROUP
START GROUP
LOAD C:/ST/STM32CubeIDE_1.12.1/STM32CubeIDE/plugins/com.st.stm32cube.ide.mcu.externaltools.gnu-tools-for-stm32.11.3.rel1.win32_1.1.100.202309141235/tools/bin/../lib/gcc/arm-none-eabi/11.3.1/thumb/v7e-m+fp/hard\libgcc.a
LOAD C:/ST/STM32CubeIDE_1.12.1/STM32CubeIDE/plugins/com.st.stm32cube.ide.mcu.externaltools.gnu-tools-for-stm32.11.3.rel1.win32_1.1.100.202309141235/tools/bin/../lib/gcc/arm-none-eabi/11.3.1/../../../../arm-none-eabi/lib/thumb/v7e-m+fp/hard\libc_nano.a
LOAD C:/ST/STM32CubeIDE_1.12.1/STM32CubeIDE/plugins/com.st.stm32cube.ide.mcu.externaltools.gnu-tools-for-stm32.11.3.rel1.win32_1.1.100.202309141235/tools/bin/../lib/gcc/arm-none-eabi/11.3.1/../../../../arm-none-eabi/lib/thumb/v7e-m+fp/hard\libnosys.a
END GROUP
LOAD C:/ST/STM32CubeIDE_1.12.1/STM32CubeIDE/plugins/com.st.stm32cube.ide.mcu.externaltools.gnu-tools-for-stm32.11.3.rel1.win32_1.1.100.202309141235/tools/bin/../lib/gcc/arm-none-eabi/11.3.1/thumb/v7e-m+fp/hard/crtend.o
LOAD C:/ST/STM32CubeIDE_1.12.1/STM32CubeIDE/plugins/com.st.stm32cube.ide.mcu.externaltools.gnu-tools-for-stm32.11.3.rel1.win32_1.1.100.202309141235/tools/bin/../lib/gcc/arm-none-eabi/11.3.1/thumb/v7e-m+fp/hard/crtn.o
                0x0000000020008000                _estack = (ORIGIN (RAM) + LENGTH (RAM))
                0x0000000000000200                _Min_Heap_Size = 0x200
                0x0000000000000400                _Min_Stack_Size = 0x400

.isr_vector     0x0000000008000000      0x1d8
                0x0000000008000000                . = ALIGN (0x4)
 *(.isr_vector)
 .isr_vector    0x0000000008000000      0x1d8 ./Core/Startup/startup_stm32g431k8tx.o
                0x0000000008000000                g_pfnVectors
                0x00000000080001d8                . = ALIGN (0x4)

.text           0x00000000080001d8     0xbe0c
                0x00000000080001d8                . = ALIGN (0x4)
 *(.text)
 .text          0x00000000080001d8       0x40 C:/ST/STM32CubeIDE_1.12.1/STM32CubeIDE/plugins/com.st.stm32cube.ide.mcu.externaltools.gnu-tools-for-stm32.11.3.rel1.win32_1.1.100.202309141235/tools/bin/../lib/gcc/arm-none-eabi/11.3.1/thumb/v7e-m+fp/hard/crtbegin.o
 *(.text*)
 .text._ZN5FlashC2Ev
                0x0000000008000218       0x4e ./Core/Src/Flash/Flash.o
                0x0000000008000218                Flash::Flash()
                0x0000000008000218                Flash::Flash()
 .text._ZN5Flash9ReadFlashEv
                0x0000000008000266       0x84 ./Core/Src/Flash/Flash.o
                0x0000000008000266                Flash::ReadFlash()
 .text._ZN5Flash11SaveDefaultEv
                0x00000000080002ea       0x14 ./Core/Src/Flash/Flash.o
                0x00000000080002ea                Flash::SaveDefault()
 .text._ZN5Flash4SaveEv
                0x00000000080002fe      0x106 ./Core/Src/Flash/Flash.o
                0x00000000080002fe                Flash::Save()
 .text._ZN5Flash12GetDacOutputEv
                0x0000000008000404       0x1c ./Core/Src/Flash/Flash.o
                0x0000000008000404                Flash::GetDacOutput()
 .text._ZN5Flash12SetDacOutputEy
                0x0000000008000420       0x22 ./Core/Src/Flash/Flash.o
                0x0000000008000420                Flash::SetDacOutput(unsigned long long)
 .text._ZN5Flash14GetFetOffValueEv
                0x0000000008000442       0x1c ./Core/Src/Flash/Flash.o
                0x0000000008000442                Flash::GetFetOffValue()
 .text._ZN5Flash14SetFetOffValueEy
                0x000000000800045e       0x22 ./Core/Src/Flash/Flash.o
                0x000000000800045e                Flash::SetFetOffValue(unsigned long long)
 .text._ZN5Flash13GetFetOnValueEv
                0x0000000008000480       0x1c ./Core/Src/Flash/Flash.o
                0x0000000008000480                Flash::GetFetOnValue()
 .text._ZN5Flash13SetFetOnValueEy
                0x000000000800049c       0x22 ./Core/Src/Flash/Flash.o
                0x000000000800049c                Flash::SetFetOnValue(unsigned long long)
 .text._ZN5Flash15IsRelayInvertedEv
                0x00000000080004be       0x1c ./Core/Src/Flash/Flash.o
                0x00000000080004be                Flash::IsRelayInverted()
 .text._ZN5Flash16SetRelayInvertedEy
                0x00000000080004da       0x22 ./Core/Src/Flash/Flash.o
                0x00000000080004da                Flash::SetRelayInverted(unsigned long long)
 .text._ZN7USB_ComC2EP5Flash
                0x00000000080004fc       0x1e ./Core/Src/USB/USBCom.o
                0x00000000080004fc                USB_Com::USB_Com(Flash*)
                0x00000000080004fc                USB_Com::USB_Com(Flash*)
 .text._ZN7USB_Com8TransmitEPhh
                0x000000000800051a       0x36 ./Core/Src/USB/USBCom.o
                0x000000000800051a                USB_Com::Transmit(unsigned char*, unsigned char)
 .text._ZN7USB_Com7ReceiveEPhh
                0x0000000008000550      0x1e8 ./Core/Src/USB/USBCom.o
                0x0000000008000550                USB_Com::Receive(unsigned char*, unsigned char)
 .text.MX_ADC2_Init
                0x0000000008000738       0xd0 ./Core/Src/adc.o
                0x0000000008000738                MX_ADC2_Init
 .text.HAL_ADC_MspInit
                0x0000000008000808       0xbc ./Core/Src/adc.o
                0x0000000008000808                HAL_ADC_MspInit
 .text.MX_DAC1_Init
                0x00000000080008c4       0x74 ./Core/Src/dac.o
                0x00000000080008c4                MX_DAC1_Init
 .text.HAL_DAC_MspInit
                0x0000000008000938       0x7c ./Core/Src/dac.o
                0x0000000008000938                HAL_DAC_MspInit
 .text.MX_GPIO_Init
                0x00000000080009b4      0x120 ./Core/Src/gpio.o
                0x00000000080009b4                MX_GPIO_Init
 .text.main     0x0000000008000ad4      0x10c ./Core/Src/main.o
                0x0000000008000ad4                main
 .text._Z18SystemClock_Configv
                0x0000000008000be0       0xb0 ./Core/Src/main.o
                0x0000000008000be0                SystemClock_Config()
 .text.HAL_ADC_ConvCpltCallback
                0x0000000008000c90       0x30 ./Core/Src/main.o
                0x0000000008000c90                HAL_ADC_ConvCpltCallback
 .text.HAL_TIM_PeriodElapsedCallback
                0x0000000008000cc0       0x58 ./Core/Src/main.o
                0x0000000008000cc0                HAL_TIM_PeriodElapsedCallback
 .text.USB_CDC_RX_Interrupt
                0x0000000008000d18       0x24 ./Core/Src/main.o
                0x0000000008000d18                USB_CDC_RX_Interrupt
 .text.Error_Handler
                0x0000000008000d3c        0xa ./Core/Src/main.o
                0x0000000008000d3c                Error_Handler
 *fill*         0x0000000008000d46        0x2 
 .text._Z41__static_initialization_and_destruction_0ii
                0x0000000008000d48       0x38 ./Core/Src/main.o
 .text._GLOBAL__sub_I_flash
                0x0000000008000d80       0x10 ./Core/Src/main.o
 .text.HAL_MspInit
                0x0000000008000d90       0x48 ./Core/Src/stm32g4xx_hal_msp.o
                0x0000000008000d90                HAL_MspInit
 .text.NMI_Handler
                0x0000000008000dd8        0x6 ./Core/Src/stm32g4xx_it.o
                0x0000000008000dd8                NMI_Handler
 .text.HardFault_Handler
                0x0000000008000dde        0x6 ./Core/Src/stm32g4xx_it.o
                0x0000000008000dde                HardFault_Handler
 .text.MemManage_Handler
                0x0000000008000de4        0x6 ./Core/Src/stm32g4xx_it.o
                0x0000000008000de4                MemManage_Handler
 .text.BusFault_Handler
                0x0000000008000dea        0x6 ./Core/Src/stm32g4xx_it.o
                0x0000000008000dea                BusFault_Handler
 .text.UsageFault_Handler
                0x0000000008000df0        0x6 ./Core/Src/stm32g4xx_it.o
                0x0000000008000df0                UsageFault_Handler
 .text.SVC_Handler
                0x0000000008000df6        0xe ./Core/Src/stm32g4xx_it.o
                0x0000000008000df6                SVC_Handler
 .text.DebugMon_Handler
                0x0000000008000e04        0xe ./Core/Src/stm32g4xx_it.o
                0x0000000008000e04                DebugMon_Handler
 .text.PendSV_Handler
                0x0000000008000e12        0xe ./Core/Src/stm32g4xx_it.o
                0x0000000008000e12                PendSV_Handler
 .text.SysTick_Handler
                0x0000000008000e20        0xc ./Core/Src/stm32g4xx_it.o
                0x0000000008000e20                SysTick_Handler
 .text.ADC1_2_IRQHandler
                0x0000000008000e2c       0x14 ./Core/Src/stm32g4xx_it.o
                0x0000000008000e2c                ADC1_2_IRQHandler
 .text.USB_LP_IRQHandler
                0x0000000008000e40       0x14 ./Core/Src/stm32g4xx_it.o
                0x0000000008000e40                USB_LP_IRQHandler
 .text.TIM1_TRG_COM_TIM17_IRQHandler
                0x0000000008000e54       0x14 ./Core/Src/stm32g4xx_it.o
                0x0000000008000e54                TIM1_TRG_COM_TIM17_IRQHandler
 .text.TIM2_IRQHandler
                0x0000000008000e68       0x14 ./Core/Src/stm32g4xx_it.o
                0x0000000008000e68                TIM2_IRQHandler
 .text.SystemInit
                0x0000000008000e7c       0x24 ./Core/Src/system_stm32g4xx.o
                0x0000000008000e7c                SystemInit
 .text.MX_TIM1_Init
                0x0000000008000ea0      0x15c ./Core/Src/tim.o
                0x0000000008000ea0                MX_TIM1_Init
 .text.MX_TIM2_Init
                0x0000000008000ffc       0x9c ./Core/Src/tim.o
                0x0000000008000ffc                MX_TIM2_Init
 .text.HAL_TIM_Base_MspInit
                0x0000000008001098       0x80 ./Core/Src/tim.o
                0x0000000008001098                HAL_TIM_Base_MspInit
 .text.Reset_Handler
                0x0000000008001118       0x50 ./Core/Startup/startup_stm32g431k8tx.o
                0x0000000008001118                Reset_Handler
 .text.Default_Handler
                0x0000000008001168        0x2 ./Core/Startup/startup_stm32g431k8tx.o
                0x0000000008001168                RTC_Alarm_IRQHandler
                0x0000000008001168                EXTI2_IRQHandler
                0x0000000008001168                TIM8_TRG_COM_IRQHandler
                0x0000000008001168                TIM8_CC_IRQHandler
                0x0000000008001168                TIM1_CC_IRQHandler
                0x0000000008001168                USB_HP_IRQHandler
                0x0000000008001168                CORDIC_IRQHandler
                0x0000000008001168                EXTI3_IRQHandler
                0x0000000008001168                I2C3_ER_IRQHandler
                0x0000000008001168                EXTI0_IRQHandler
                0x0000000008001168                I2C2_EV_IRQHandler
                0x0000000008001168                FPU_IRQHandler
                0x0000000008001168                FDCAN1_IT1_IRQHandler
                0x0000000008001168                TIM1_UP_TIM16_IRQHandler
                0x0000000008001168                SPI1_IRQHandler
                0x0000000008001168                TIM6_DAC_IRQHandler
                0x0000000008001168                TIM8_UP_IRQHandler
                0x0000000008001168                DMA2_Channel2_IRQHandler
                0x0000000008001168                DMA1_Channel4_IRQHandler
                0x0000000008001168                USART3_IRQHandler
                0x0000000008001168                TIM4_IRQHandler
                0x0000000008001168                DMA2_Channel1_IRQHandler
                0x0000000008001168                I2C1_EV_IRQHandler
                0x0000000008001168                DMA1_Channel6_IRQHandler
                0x0000000008001168                UART4_IRQHandler
                0x0000000008001168                DMA2_Channel4_IRQHandler
                0x0000000008001168                TIM3_IRQHandler
                0x0000000008001168                RCC_IRQHandler
                0x0000000008001168                DMA1_Channel1_IRQHandler
                0x0000000008001168                Default_Handler
                0x0000000008001168                RTC_TAMP_LSECSS_IRQHandler
                0x0000000008001168                FMAC_IRQHandler
                0x0000000008001168                EXTI15_10_IRQHandler
                0x0000000008001168                TIM7_IRQHandler
                0x0000000008001168                UCPD1_IRQHandler
                0x0000000008001168                I2C3_EV_IRQHandler
                0x0000000008001168                EXTI9_5_IRQHandler
                0x0000000008001168                RTC_WKUP_IRQHandler
                0x0000000008001168                PVD_PVM_IRQHandler
                0x0000000008001168                SPI2_IRQHandler
                0x0000000008001168                DMA2_Channel5_IRQHandler
                0x0000000008001168                CRS_IRQHandler
                0x0000000008001168                DMA1_Channel5_IRQHandler
                0x0000000008001168                EXTI4_IRQHandler
                0x0000000008001168                RNG_IRQHandler
                0x0000000008001168                DMA1_Channel3_IRQHandler
                0x0000000008001168                WWDG_IRQHandler
                0x0000000008001168                LPUART1_IRQHandler
                0x0000000008001168                DMA2_Channel6_IRQHandler
                0x0000000008001168                FDCAN1_IT0_IRQHandler
                0x0000000008001168                COMP1_2_3_IRQHandler
                0x0000000008001168                EXTI1_IRQHandler
                0x0000000008001168                USART2_IRQHandler
                0x0000000008001168                I2C2_ER_IRQHandler
                0x0000000008001168                DMA1_Channel2_IRQHandler
                0x0000000008001168                TIM8_BRK_IRQHandler
                0x0000000008001168                FLASH_IRQHandler
                0x0000000008001168                USART1_IRQHandler
                0x0000000008001168                SPI3_IRQHandler
                0x0000000008001168                I2C1_ER_IRQHandler
                0x0000000008001168                LPTIM1_IRQHandler
                0x0000000008001168                DMAMUX_OVR_IRQHandler
                0x0000000008001168                USBWakeUp_IRQHandler
                0x0000000008001168                SAI1_IRQHandler
                0x0000000008001168                DMA2_Channel3_IRQHandler
                0x0000000008001168                COMP4_IRQHandler
                0x0000000008001168                TIM1_BRK_TIM15_IRQHandler
 .text.HAL_Init
                0x000000000800116a       0x30 ./Drivers/STM32G4xx_HAL_Driver/Src/stm32g4xx_hal.o
                0x000000000800116a                HAL_Init
 *fill*         0x000000000800119a        0x2 
 .text.HAL_InitTick
                0x000000000800119c       0x74 ./Drivers/STM32G4xx_HAL_Driver/Src/stm32g4xx_hal.o
                0x000000000800119c                HAL_InitTick
 .text.HAL_IncTick
                0x0000000008001210       0x24 ./Drivers/STM32G4xx_HAL_Driver/Src/stm32g4xx_hal.o
                0x0000000008001210                HAL_IncTick
 .text.HAL_GetTick
                0x0000000008001234       0x18 ./Drivers/STM32G4xx_HAL_Driver/Src/stm32g4xx_hal.o
                0x0000000008001234                HAL_GetTick
 .text.HAL_Delay
                0x000000000800124c       0x44 ./Drivers/STM32G4xx_HAL_Driver/Src/stm32g4xx_hal.o
                0x000000000800124c                HAL_Delay
 .text.LL_ADC_SetCommonClock
                0x0000000008001290       0x26 ./Drivers/STM32G4xx_HAL_Driver/Src/stm32g4xx_hal_adc.o
 .text.LL_ADC_SetCommonPathInternalCh
                0x00000000080012b6       0x26 ./Drivers/STM32G4xx_HAL_Driver/Src/stm32g4xx_hal_adc.o
 .text.LL_ADC_GetCommonPathInternalCh
                0x00000000080012dc       0x1c ./Drivers/STM32G4xx_HAL_Driver/Src/stm32g4xx_hal_adc.o
 .text.LL_ADC_SetOffset
                0x00000000080012f8       0x48 ./Drivers/STM32G4xx_HAL_Driver/Src/stm32g4xx_hal_adc.o
 .text.LL_ADC_GetOffsetChannel
                0x0000000008001340       0x2c ./Drivers/STM32G4xx_HAL_Driver/Src/stm32g4xx_hal_adc.o
 .text.LL_ADC_SetOffsetState
                0x000000000800136c       0x36 ./Drivers/STM32G4xx_HAL_Driver/Src/stm32g4xx_hal_adc.o
 .text.LL_ADC_SetOffsetSign
                0x00000000080013a2       0x36 ./Drivers/STM32G4xx_HAL_Driver/Src/stm32g4xx_hal_adc.o
 .text.LL_ADC_SetOffsetSaturation
                0x00000000080013d8       0x36 ./Drivers/STM32G4xx_HAL_Driver/Src/stm32g4xx_hal_adc.o
 .text.LL_ADC_SetSamplingTimeCommonConfig
                0x000000000800140e       0x26 ./Drivers/STM32G4xx_HAL_Driver/Src/stm32g4xx_hal_adc.o
 .text.LL_ADC_REG_IsTriggerSourceSWStart
                0x0000000008001434       0x26 ./Drivers/STM32G4xx_HAL_Driver/Src/stm32g4xx_hal_adc.o
 .text.LL_ADC_REG_SetSequencerRanks
                0x000000000800145a       0x58 ./Drivers/STM32G4xx_HAL_Driver/Src/stm32g4xx_hal_adc.o
 .text.LL_ADC_INJ_IsTriggerSourceSWStart
                0x00000000080014b2       0x26 ./Drivers/STM32G4xx_HAL_Driver/Src/stm32g4xx_hal_adc.o
 .text.LL_ADC_SetChannelSamplingTime
                0x00000000080014d8       0x56 ./Drivers/STM32G4xx_HAL_Driver/Src/stm32g4xx_hal_adc.o
 *fill*         0x000000000800152e        0x2 
 .text.LL_ADC_SetChannelSingleDiff
                0x0000000008001530       0x50 ./Drivers/STM32G4xx_HAL_Driver/Src/stm32g4xx_hal_adc.o
 .text.LL_ADC_GetMultimode
                0x0000000008001580       0x1c ./Drivers/STM32G4xx_HAL_Driver/Src/stm32g4xx_hal_adc.o
 .text.LL_ADC_GetMultiDMATransfer
                0x000000000800159c       0x1c ./Drivers/STM32G4xx_HAL_Driver/Src/stm32g4xx_hal_adc.o
 .text.LL_ADC_DisableDeepPowerDown
                0x00000000080015b8       0x24 ./Drivers/STM32G4xx_HAL_Driver/Src/stm32g4xx_hal_adc.o
 .text.LL_ADC_IsDeepPowerDownEnabled
                0x00000000080015dc       0x28 ./Drivers/STM32G4xx_HAL_Driver/Src/stm32g4xx_hal_adc.o
 .text.LL_ADC_EnableInternalRegulator
                0x0000000008001604       0x28 ./Drivers/STM32G4xx_HAL_Driver/Src/stm32g4xx_hal_adc.o
 .text.LL_ADC_IsInternalRegulatorEnabled
                0x000000000800162c       0x28 ./Drivers/STM32G4xx_HAL_Driver/Src/stm32g4xx_hal_adc.o
 .text.LL_ADC_Enable
                0x0000000008001654       0x28 ./Drivers/STM32G4xx_HAL_Driver/Src/stm32g4xx_hal_adc.o
 .text.LL_ADC_IsEnabled
                0x000000000800167c       0x26 ./Drivers/STM32G4xx_HAL_Driver/Src/stm32g4xx_hal_adc.o
 .text.LL_ADC_REG_StartConversion
                0x00000000080016a2       0x28 ./Drivers/STM32G4xx_HAL_Driver/Src/stm32g4xx_hal_adc.o
 .text.LL_ADC_REG_IsConversionOngoing
                0x00000000080016ca       0x26 ./Drivers/STM32G4xx_HAL_Driver/Src/stm32g4xx_hal_adc.o
 .text.LL_ADC_INJ_IsConversionOngoing
                0x00000000080016f0       0x26 ./Drivers/STM32G4xx_HAL_Driver/Src/stm32g4xx_hal_adc.o
 *fill*         0x0000000008001716        0x2 
 .text.HAL_ADC_Init
                0x0000000008001718      0x314 ./Drivers/STM32G4xx_HAL_Driver/Src/stm32g4xx_hal_adc.o
                0x0000000008001718                HAL_ADC_Init
 .text.HAL_ADC_Start_IT
                0x0000000008001a2c      0x260 ./Drivers/STM32G4xx_HAL_Driver/Src/stm32g4xx_hal_adc.o
                0x0000000008001a2c                HAL_ADC_Start_IT
 .text.HAL_ADC_IRQHandler
                0x0000000008001c8c      0x434 ./Drivers/STM32G4xx_HAL_Driver/Src/stm32g4xx_hal_adc.o
                0x0000000008001c8c                HAL_ADC_IRQHandler
 .text.HAL_ADC_LevelOutOfWindowCallback
                0x00000000080020c0       0x14 ./Drivers/STM32G4xx_HAL_Driver/Src/stm32g4xx_hal_adc.o
                0x00000000080020c0                HAL_ADC_LevelOutOfWindowCallback
 .text.HAL_ADC_ErrorCallback
                0x00000000080020d4       0x14 ./Drivers/STM32G4xx_HAL_Driver/Src/stm32g4xx_hal_adc.o
                0x00000000080020d4                HAL_ADC_ErrorCallback
 .text.HAL_ADC_ConfigChannel
                0x00000000080020e8      0x7e0 ./Drivers/STM32G4xx_HAL_Driver/Src/stm32g4xx_hal_adc.o
                0x00000000080020e8                HAL_ADC_ConfigChannel
 .text.ADC_Enable
                0x00000000080028c8       0xc4 ./Drivers/STM32G4xx_HAL_Driver/Src/stm32g4xx_hal_adc.o
                0x00000000080028c8                ADC_Enable
 .text.HAL_ADCEx_InjectedConvCpltCallback
                0x000000000800298c       0x14 ./Drivers/STM32G4xx_HAL_Driver/Src/stm32g4xx_hal_adc_ex.o
                0x000000000800298c                HAL_ADCEx_InjectedConvCpltCallback
 .text.HAL_ADCEx_InjectedQueueOverflowCallback
                0x00000000080029a0       0x14 ./Drivers/STM32G4xx_HAL_Driver/Src/stm32g4xx_hal_adc_ex.o
                0x00000000080029a0                HAL_ADCEx_InjectedQueueOverflowCallback
 .text.HAL_ADCEx_LevelOutOfWindow2Callback
                0x00000000080029b4       0x14 ./Drivers/STM32G4xx_HAL_Driver/Src/stm32g4xx_hal_adc_ex.o
                0x00000000080029b4                HAL_ADCEx_LevelOutOfWindow2Callback
 .text.HAL_ADCEx_LevelOutOfWindow3Callback
                0x00000000080029c8       0x14 ./Drivers/STM32G4xx_HAL_Driver/Src/stm32g4xx_hal_adc_ex.o
                0x00000000080029c8                HAL_ADCEx_LevelOutOfWindow3Callback
 .text.HAL_ADCEx_EndOfSamplingCallback
                0x00000000080029dc       0x14 ./Drivers/STM32G4xx_HAL_Driver/Src/stm32g4xx_hal_adc_ex.o
                0x00000000080029dc                HAL_ADCEx_EndOfSamplingCallback
 .text.__NVIC_SetPriorityGrouping
                0x00000000080029f0       0x48 ./Drivers/STM32G4xx_HAL_Driver/Src/stm32g4xx_hal_cortex.o
 .text.__NVIC_GetPriorityGrouping
                0x0000000008002a38       0x1c ./Drivers/STM32G4xx_HAL_Driver/Src/stm32g4xx_hal_cortex.o
 .text.__NVIC_EnableIRQ
                0x0000000008002a54       0x3c ./Drivers/STM32G4xx_HAL_Driver/Src/stm32g4xx_hal_cortex.o
 .text.__NVIC_SetPriority
                0x0000000008002a90       0x54 ./Drivers/STM32G4xx_HAL_Driver/Src/stm32g4xx_hal_cortex.o
 .text.NVIC_EncodePriority
                0x0000000008002ae4       0x66 ./Drivers/STM32G4xx_HAL_Driver/Src/stm32g4xx_hal_cortex.o
 *fill*         0x0000000008002b4a        0x2 
 .text.SysTick_Config
                0x0000000008002b4c       0x44 ./Drivers/STM32G4xx_HAL_Driver/Src/stm32g4xx_hal_cortex.o
 .text.HAL_NVIC_SetPriorityGrouping
                0x0000000008002b90       0x16 ./Drivers/STM32G4xx_HAL_Driver/Src/stm32g4xx_hal_cortex.o
                0x0000000008002b90                HAL_NVIC_SetPriorityGrouping
 .text.HAL_NVIC_SetPriority
                0x0000000008002ba6       0x34 ./Drivers/STM32G4xx_HAL_Driver/Src/stm32g4xx_hal_cortex.o
                0x0000000008002ba6                HAL_NVIC_SetPriority
 .text.HAL_NVIC_EnableIRQ
                0x0000000008002bda       0x1c ./Drivers/STM32G4xx_HAL_Driver/Src/stm32g4xx_hal_cortex.o
                0x0000000008002bda                HAL_NVIC_EnableIRQ
 .text.HAL_SYSTICK_Config
                0x0000000008002bf6       0x18 ./Drivers/STM32G4xx_HAL_Driver/Src/stm32g4xx_hal_cortex.o
                0x0000000008002bf6                HAL_SYSTICK_Config
 .text.HAL_DAC_Init
                0x0000000008002c0e       0x44 ./Drivers/STM32G4xx_HAL_Driver/Src/stm32g4xx_hal_dac.o
                0x0000000008002c0e                HAL_DAC_Init
 .text.HAL_DAC_Start
                0x0000000008002c52       0xa6 ./Drivers/STM32G4xx_HAL_Driver/Src/stm32g4xx_hal_dac.o
                0x0000000008002c52                HAL_DAC_Start
 .text.HAL_DAC_SetValue
                0x0000000008002cf8       0x50 ./Drivers/STM32G4xx_HAL_Driver/Src/stm32g4xx_hal_dac.o
                0x0000000008002cf8                HAL_DAC_SetValue
 .text.HAL_DAC_ConfigChannel
                0x0000000008002d48      0x350 ./Drivers/STM32G4xx_HAL_Driver/Src/stm32g4xx_hal_dac.o
                0x0000000008002d48                HAL_DAC_ConfigChannel
 .text.HAL_FLASH_Program
                0x0000000008003098       0xac ./Drivers/STM32G4xx_HAL_Driver/Src/stm32g4xx_hal_flash.o
                0x0000000008003098                HAL_FLASH_Program
 .text.HAL_FLASH_Unlock
                0x0000000008003144       0x44 ./Drivers/STM32G4xx_HAL_Driver/Src/stm32g4xx_hal_flash.o
                0x0000000008003144                HAL_FLASH_Unlock
 .text.HAL_FLASH_Lock
                0x0000000008003188       0x34 ./Drivers/STM32G4xx_HAL_Driver/Src/stm32g4xx_hal_flash.o
                0x0000000008003188                HAL_FLASH_Lock
 .text.FLASH_WaitForLastOperation
                0x00000000080031bc       0xa8 ./Drivers/STM32G4xx_HAL_Driver/Src/stm32g4xx_hal_flash.o
                0x00000000080031bc                FLASH_WaitForLastOperation
 .text.FLASH_Program_DoubleWord
                0x0000000008003264       0x4c ./Drivers/STM32G4xx_HAL_Driver/Src/stm32g4xx_hal_flash.o
 .text.FLASH_Program_Fast
                0x00000000080032b0       0x6c ./Drivers/STM32G4xx_HAL_Driver/Src/stm32g4xx_hal_flash.o
 .text.HAL_FLASHEx_Erase
                0x000000000800331c      0x130 ./Drivers/STM32G4xx_HAL_Driver/Src/stm32g4xx_hal_flash_ex.o
                0x000000000800331c                HAL_FLASHEx_Erase
 .text.FLASH_MassErase
                0x000000000800344c       0x3c ./Drivers/STM32G4xx_HAL_Driver/Src/stm32g4xx_hal_flash_ex.o
 .text.FLASH_PageErase
                0x0000000008003488       0x48 ./Drivers/STM32G4xx_HAL_Driver/Src/stm32g4xx_hal_flash_ex.o
                0x0000000008003488                FLASH_PageErase
 .text.FLASH_FlushCaches
                0x00000000080034d0       0x94 ./Drivers/STM32G4xx_HAL_Driver/Src/stm32g4xx_hal_flash_ex.o
                0x00000000080034d0                FLASH_FlushCaches
 .text.HAL_GPIO_Init
                0x0000000008003564      0x304 ./Drivers/STM32G4xx_HAL_Driver/Src/stm32g4xx_hal_gpio.o
                0x0000000008003564                HAL_GPIO_Init
 .text.HAL_GPIO_WritePin
                0x0000000008003868       0x30 ./Drivers/STM32G4xx_HAL_Driver/Src/stm32g4xx_hal_gpio.o
                0x0000000008003868                HAL_GPIO_WritePin
 .text.HAL_PCD_Init
                0x0000000008003898      0x1ca ./Drivers/STM32G4xx_HAL_Driver/Src/stm32g4xx_hal_pcd.o
                0x0000000008003898                HAL_PCD_Init
 .text.HAL_PCD_Start
                0x0000000008003a62       0x44 ./Drivers/STM32G4xx_HAL_Driver/Src/stm32g4xx_hal_pcd.o
                0x0000000008003a62                HAL_PCD_Start
 .text.HAL_PCD_IRQHandler
                0x0000000008003aa6      0x24e ./Drivers/STM32G4xx_HAL_Driver/Src/stm32g4xx_hal_pcd.o
                0x0000000008003aa6                HAL_PCD_IRQHandler
 .text.HAL_PCD_SetAddress
                0x0000000008003cf4       0x4a ./Drivers/STM32G4xx_HAL_Driver/Src/stm32g4xx_hal_pcd.o
                0x0000000008003cf4                HAL_PCD_SetAddress
 .text.HAL_PCD_EP_Open
                0x0000000008003d3e       0xcc ./Drivers/STM32G4xx_HAL_Driver/Src/stm32g4xx_hal_pcd.o
                0x0000000008003d3e                HAL_PCD_EP_Open
 .text.HAL_PCD_EP_Close
                0x0000000008003e0a       0x90 ./Drivers/STM32G4xx_HAL_Driver/Src/stm32g4xx_hal_pcd.o
                0x0000000008003e0a                HAL_PCD_EP_Close
 .text.HAL_PCD_EP_Receive
                0x0000000008003e9a       0x7a ./Drivers/STM32G4xx_HAL_Driver/Src/stm32g4xx_hal_pcd.o
                0x0000000008003e9a                HAL_PCD_EP_Receive
 .text.HAL_PCD_EP_GetRxCount
                0x0000000008003f14       0x30 ./Drivers/STM32G4xx_HAL_Driver/Src/stm32g4xx_hal_pcd.o
                0x0000000008003f14                HAL_PCD_EP_GetRxCount
 .text.HAL_PCD_EP_Transmit
                0x0000000008003f44       0x86 ./Drivers/STM32G4xx_HAL_Driver/Src/stm32g4xx_hal_pcd.o
                0x0000000008003f44                HAL_PCD_EP_Transmit
 .text.HAL_PCD_EP_SetStall
                0x0000000008003fca       0xa4 ./Drivers/STM32G4xx_HAL_Driver/Src/stm32g4xx_hal_pcd.o
                0x0000000008003fca                HAL_PCD_EP_SetStall
 .text.HAL_PCD_EP_ClrStall
                0x000000000800406e       0xa8 ./Drivers/STM32G4xx_HAL_Driver/Src/stm32g4xx_hal_pcd.o
                0x000000000800406e                HAL_PCD_EP_ClrStall
 .text.PCD_EP_ISR_Handler
                0x0000000008004116      0x760 ./Drivers/STM32G4xx_HAL_Driver/Src/stm32g4xx_hal_pcd.o
 .text.HAL_PCD_EP_DB_Receive
                0x0000000008004876      0x212 ./Drivers/STM32G4xx_HAL_Driver/Src/stm32g4xx_hal_pcd.o
 .text.HAL_PCD_EP_DB_Transmit
                0x0000000008004a88      0x79c ./Drivers/STM32G4xx_HAL_Driver/Src/stm32g4xx_hal_pcd.o
 .text.HAL_PCDEx_PMAConfig
                0x0000000008005224       0x86 ./Drivers/STM32G4xx_HAL_Driver/Src/stm32g4xx_hal_pcd_ex.o
                0x0000000008005224                HAL_PCDEx_PMAConfig
 .text.HAL_PCDEx_ActivateLPM
                0x00000000080052aa       0x54 ./Drivers/STM32G4xx_HAL_Driver/Src/stm32g4xx_hal_pcd_ex.o
                0x00000000080052aa                HAL_PCDEx_ActivateLPM
 *fill*         0x00000000080052fe        0x2 
 .text.HAL_PWREx_ControlVoltageScaling
                0x0000000008005300      0x148 ./Drivers/STM32G4xx_HAL_Driver/Src/stm32g4xx_hal_pwr_ex.o
                0x0000000008005300                HAL_PWREx_ControlVoltageScaling
 .text.HAL_PWREx_DisableUCPDDeadBattery
                0x0000000008005448       0x20 ./Drivers/STM32G4xx_HAL_Driver/Src/stm32g4xx_hal_pwr_ex.o
                0x0000000008005448                HAL_PWREx_DisableUCPDDeadBattery
 .text.HAL_RCC_OscConfig
                0x0000000008005468      0x630 ./Drivers/STM32G4xx_HAL_Driver/Src/stm32g4xx_hal_rcc.o
                0x0000000008005468                HAL_RCC_OscConfig
 .text.HAL_RCC_ClockConfig
                0x0000000008005a98      0x278 ./Drivers/STM32G4xx_HAL_Driver/Src/stm32g4xx_hal_rcc.o
                0x0000000008005a98                HAL_RCC_ClockConfig
 .text.HAL_RCC_GetSysClockFreq
                0x0000000008005d10       0xc4 ./Drivers/STM32G4xx_HAL_Driver/Src/stm32g4xx_hal_rcc.o
                0x0000000008005d10                HAL_RCC_GetSysClockFreq
 .text.HAL_RCC_GetHCLKFreq
                0x0000000008005dd4       0x18 ./Drivers/STM32G4xx_HAL_Driver/Src/stm32g4xx_hal_rcc.o
                0x0000000008005dd4                HAL_RCC_GetHCLKFreq
 .text.RCC_GetSysClockFreqFromPLLSource
                0x0000000008005dec       0x8c ./Drivers/STM32G4xx_HAL_Driver/Src/stm32g4xx_hal_rcc.o
 .text.HAL_RCCEx_PeriphCLKConfig
                0x0000000008005e78      0x3e0 ./Drivers/STM32G4xx_HAL_Driver/Src/stm32g4xx_hal_rcc_ex.o
                0x0000000008005e78                HAL_RCCEx_PeriphCLKConfig
 .text.HAL_TIM_Base_Init
                0x0000000008006258       0xae ./Drivers/STM32G4xx_HAL_Driver/Src/stm32g4xx_hal_tim.o
                0x0000000008006258                HAL_TIM_Base_Init
 *fill*         0x0000000008006306        0x2 
 .text.HAL_TIM_Base_Start_IT
                0x0000000008006308       0xd4 ./Drivers/STM32G4xx_HAL_Driver/Src/stm32g4xx_hal_tim.o
                0x0000000008006308                HAL_TIM_Base_Start_IT
 .text.HAL_TIM_PWM_Init
                0x00000000080063dc       0xae ./Drivers/STM32G4xx_HAL_Driver/Src/stm32g4xx_hal_tim.o
                0x00000000080063dc                HAL_TIM_PWM_Init
 .text.HAL_TIM_PWM_MspInit
                0x000000000800648a       0x14 ./Drivers/STM32G4xx_HAL_Driver/Src/stm32g4xx_hal_tim.o
                0x000000000800648a                HAL_TIM_PWM_MspInit
 .text.HAL_TIM_IRQHandler
                0x000000000800649e      0x2fe ./Drivers/STM32G4xx_HAL_Driver/Src/stm32g4xx_hal_tim.o
                0x000000000800649e                HAL_TIM_IRQHandler
 .text.HAL_TIM_PWM_ConfigChannel
                0x000000000800679c      0x228 ./Drivers/STM32G4xx_HAL_Driver/Src/stm32g4xx_hal_tim.o
                0x000000000800679c                HAL_TIM_PWM_ConfigChannel
 .text.HAL_TIM_ConfigClockSource
                0x00000000080069c4      0x1f4 ./Drivers/STM32G4xx_HAL_Driver/Src/stm32g4xx_hal_tim.o
                0x00000000080069c4                HAL_TIM_ConfigClockSource
 .text.HAL_TIM_OC_DelayElapsedCallback
                0x0000000008006bb8       0x14 ./Drivers/STM32G4xx_HAL_Driver/Src/stm32g4xx_hal_tim.o
                0x0000000008006bb8                HAL_TIM_OC_DelayElapsedCallback
 .text.HAL_TIM_IC_CaptureCallback
                0x0000000008006bcc       0x14 ./Drivers/STM32G4xx_HAL_Driver/Src/stm32g4xx_hal_tim.o
                0x0000000008006bcc                HAL_TIM_IC_CaptureCallback
 .text.HAL_TIM_PWM_PulseFinishedCallback
                0x0000000008006be0       0x14 ./Drivers/STM32G4xx_HAL_Driver/Src/stm32g4xx_hal_tim.o
                0x0000000008006be0                HAL_TIM_PWM_PulseFinishedCallback
 .text.HAL_TIM_TriggerCallback
                0x0000000008006bf4       0x14 ./Drivers/STM32G4xx_HAL_Driver/Src/stm32g4xx_hal_tim.o
                0x0000000008006bf4                HAL_TIM_TriggerCallback
 .text.TIM_Base_SetConfig
                0x0000000008006c08      0x120 ./Drivers/STM32G4xx_HAL_Driver/Src/stm32g4xx_hal_tim.o
                0x0000000008006c08                TIM_Base_SetConfig
 .text.TIM_OC1_SetConfig
                0x0000000008006d28      0x120 ./Drivers/STM32G4xx_HAL_Driver/Src/stm32g4xx_hal_tim.o
 .text.TIM_OC2_SetConfig
                0x0000000008006e48      0x114 ./Drivers/STM32G4xx_HAL_Driver/Src/stm32g4xx_hal_tim.o
                0x0000000008006e48                TIM_OC2_SetConfig
 .text.TIM_OC3_SetConfig
                0x0000000008006f5c      0x110 ./Drivers/STM32G4xx_HAL_Driver/Src/stm32g4xx_hal_tim.o
 .text.TIM_OC4_SetConfig
                0x000000000800706c      0x114 ./Drivers/STM32G4xx_HAL_Driver/Src/stm32g4xx_hal_tim.o
 .text.TIM_OC5_SetConfig
                0x0000000008007180       0xc8 ./Drivers/STM32G4xx_HAL_Driver/Src/stm32g4xx_hal_tim.o
 .text.TIM_OC6_SetConfig
                0x0000000008007248       0xcc ./Drivers/STM32G4xx_HAL_Driver/Src/stm32g4xx_hal_tim.o
 .text.TIM_TI1_ConfigInputStage
                0x0000000008007314       0x5e ./Drivers/STM32G4xx_HAL_Driver/Src/stm32g4xx_hal_tim.o
 .text.TIM_TI2_ConfigInputStage
                0x0000000008007372       0x60 ./Drivers/STM32G4xx_HAL_Driver/Src/stm32g4xx_hal_tim.o
 .text.TIM_ITRx_SetConfig
                0x00000000080073d2       0x3a ./Drivers/STM32G4xx_HAL_Driver/Src/stm32g4xx_hal_tim.o
 .text.TIM_ETR_SetConfig
                0x000000000800740c       0x40 ./Drivers/STM32G4xx_HAL_Driver/Src/stm32g4xx_hal_tim.o
                0x000000000800740c                TIM_ETR_SetConfig
 .text.HAL_TIMEx_MasterConfigSynchronization
                0x000000000800744c      0x104 ./Drivers/STM32G4xx_HAL_Driver/Src/stm32g4xx_hal_tim_ex.o
                0x000000000800744c                HAL_TIMEx_MasterConfigSynchronization
 .text.HAL_TIMEx_ConfigBreakDeadTime
                0x0000000008007550      0x140 ./Drivers/STM32G4xx_HAL_Driver/Src/stm32g4xx_hal_tim_ex.o
                0x0000000008007550                HAL_TIMEx_ConfigBreakDeadTime
 .text.HAL_TIMEx_CommutCallback
                0x0000000008007690       0x14 ./Drivers/STM32G4xx_HAL_Driver/Src/stm32g4xx_hal_tim_ex.o
                0x0000000008007690                HAL_TIMEx_CommutCallback
 .text.HAL_TIMEx_BreakCallback
                0x00000000080076a4       0x14 ./Drivers/STM32G4xx_HAL_Driver/Src/stm32g4xx_hal_tim_ex.o
                0x00000000080076a4                HAL_TIMEx_BreakCallback
 .text.HAL_TIMEx_Break2Callback
                0x00000000080076b8       0x14 ./Drivers/STM32G4xx_HAL_Driver/Src/stm32g4xx_hal_tim_ex.o
                0x00000000080076b8                HAL_TIMEx_Break2Callback
 .text.HAL_TIMEx_EncoderIndexCallback
                0x00000000080076cc       0x14 ./Drivers/STM32G4xx_HAL_Driver/Src/stm32g4xx_hal_tim_ex.o
                0x00000000080076cc                HAL_TIMEx_EncoderIndexCallback
 .text.HAL_TIMEx_DirectionChangeCallback
                0x00000000080076e0       0x14 ./Drivers/STM32G4xx_HAL_Driver/Src/stm32g4xx_hal_tim_ex.o
                0x00000000080076e0                HAL_TIMEx_DirectionChangeCallback
 .text.HAL_TIMEx_IndexErrorCallback
                0x00000000080076f4       0x14 ./Drivers/STM32G4xx_HAL_Driver/Src/stm32g4xx_hal_tim_ex.o
                0x00000000080076f4                HAL_TIMEx_IndexErrorCallback
 .text.HAL_TIMEx_TransitionErrorCallback
                0x0000000008007708       0x14 ./Drivers/STM32G4xx_HAL_Driver/Src/stm32g4xx_hal_tim_ex.o
                0x0000000008007708                HAL_TIMEx_TransitionErrorCallback
 .text.USB_EnableGlobalInt
                0x000000000800771c       0x2e ./Drivers/STM32G4xx_HAL_Driver/Src/stm32g4xx_ll_usb.o
                0x000000000800771c                USB_EnableGlobalInt
 .text.USB_DisableGlobalInt
                0x000000000800774a       0x36 ./Drivers/STM32G4xx_HAL_Driver/Src/stm32g4xx_ll_usb.o
                0x000000000800774a                USB_DisableGlobalInt
 .text.USB_DevInit
                0x0000000008007780       0x42 ./Drivers/STM32G4xx_HAL_Driver/Src/stm32g4xx_ll_usb.o
                0x0000000008007780                USB_DevInit
 *fill*         0x00000000080077c2        0x2 
 .text.USB_ActivateEndpoint
                0x00000000080077c4      0x728 ./Drivers/STM32G4xx_HAL_Driver/Src/stm32g4xx_ll_usb.o
                0x00000000080077c4                USB_ActivateEndpoint
 .text.USB_DeactivateEndpoint
                0x0000000008007eec      0x3da ./Drivers/STM32G4xx_HAL_Driver/Src/stm32g4xx_ll_usb.o
                0x0000000008007eec                USB_DeactivateEndpoint
 .text.USB_EPStartXfer
                0x00000000080082c6     0x166c ./Drivers/STM32G4xx_HAL_Driver/Src/stm32g4xx_ll_usb.o
                0x00000000080082c6                USB_EPStartXfer
 .text.USB_EPSetStall
                0x0000000008009932       0xa2 ./Drivers/STM32G4xx_HAL_Driver/Src/stm32g4xx_ll_usb.o
                0x0000000008009932                USB_EPSetStall
 .text.USB_EPClearStall
                0x00000000080099d4      0x15c ./Drivers/STM32G4xx_HAL_Driver/Src/stm32g4xx_ll_usb.o
                0x00000000080099d4                USB_EPClearStall
 .text.USB_SetDevAddress
                0x0000000008009b30       0x28 ./Drivers/STM32G4xx_HAL_Driver/Src/stm32g4xx_ll_usb.o
                0x0000000008009b30                USB_SetDevAddress
 .text.USB_DevConnect
                0x0000000008009b58       0x2e ./Drivers/STM32G4xx_HAL_Driver/Src/stm32g4xx_ll_usb.o
                0x0000000008009b58                USB_DevConnect
 .text.USB_ReadInterrupts
                0x0000000008009b86       0x20 ./Drivers/STM32G4xx_HAL_Driver/Src/stm32g4xx_ll_usb.o
                0x0000000008009b86                USB_ReadInterrupts
 .text.USB_WritePMA
                0x0000000008009ba6       0x84 ./Drivers/STM32G4xx_HAL_Driver/Src/stm32g4xx_ll_usb.o
                0x0000000008009ba6                USB_WritePMA
 .text.USB_ReadPMA
                0x0000000008009c2a       0x98 ./Drivers/STM32G4xx_HAL_Driver/Src/stm32g4xx_ll_usb.o
                0x0000000008009c2a                USB_ReadPMA
 .text.USBD_CDC_Init
                0x0000000008009cc2       0xfe ./Middlewares/ST/STM32_USB_Device_Library/Class/CDC/Src/usbd_cdc.o
 .text.USBD_CDC_DeInit
                0x0000000008009dc0       0x74 ./Middlewares/ST/STM32_USB_Device_Library/Class/CDC/Src/usbd_cdc.o
 .text.USBD_CDC_Setup
                0x0000000008009e34      0x190 ./Middlewares/ST/STM32_USB_Device_Library/Class/CDC/Src/usbd_cdc.o
 .text.USBD_CDC_DataIn
                0x0000000008009fc4       0xca ./Middlewares/ST/STM32_USB_Device_Library/Class/CDC/Src/usbd_cdc.o
 .text.USBD_CDC_DataOut
                0x000000000800a08e       0x56 ./Middlewares/ST/STM32_USB_Device_Library/Class/CDC/Src/usbd_cdc.o
 .text.USBD_CDC_EP0_RxReady
                0x000000000800a0e4       0x5a ./Middlewares/ST/STM32_USB_Device_Library/Class/CDC/Src/usbd_cdc.o
 *fill*         0x000000000800a13e        0x2 
 .text.USBD_CDC_GetFSCfgDesc
                0x000000000800a140       0x20 ./Middlewares/ST/STM32_USB_Device_Library/Class/CDC/Src/usbd_cdc.o
 .text.USBD_CDC_GetHSCfgDesc
                0x000000000800a160       0x20 ./Middlewares/ST/STM32_USB_Device_Library/Class/CDC/Src/usbd_cdc.o
 .text.USBD_CDC_GetOtherSpeedCfgDesc
                0x000000000800a180       0x20 ./Middlewares/ST/STM32_USB_Device_Library/Class/CDC/Src/usbd_cdc.o
 .text.USBD_CDC_GetDeviceQualifierDescriptor
                0x000000000800a1a0       0x20 ./Middlewares/ST/STM32_USB_Device_Library/Class/CDC/Src/usbd_cdc.o
                0x000000000800a1a0                USBD_CDC_GetDeviceQualifierDescriptor
 .text.USBD_CDC_RegisterInterface
                0x000000000800a1c0       0x2a ./Middlewares/ST/STM32_USB_Device_Library/Class/CDC/Src/usbd_cdc.o
                0x000000000800a1c0                USBD_CDC_RegisterInterface
 .text.USBD_CDC_SetTxBuffer
                0x000000000800a1ea       0x3c ./Middlewares/ST/STM32_USB_Device_Library/Class/CDC/Src/usbd_cdc.o
                0x000000000800a1ea                USBD_CDC_SetTxBuffer
 .text.USBD_CDC_SetRxBuffer
                0x000000000800a226       0x32 ./Middlewares/ST/STM32_USB_Device_Library/Class/CDC/Src/usbd_cdc.o
                0x000000000800a226                USBD_CDC_SetRxBuffer
 .text.USBD_CDC_TransmitPacket
                0x000000000800a258       0x60 ./Middlewares/ST/STM32_USB_Device_Library/Class/CDC/Src/usbd_cdc.o
                0x000000000800a258                USBD_CDC_TransmitPacket
 .text.USBD_CDC_ReceivePacket
                0x000000000800a2b8       0x54 ./Middlewares/ST/STM32_USB_Device_Library/Class/CDC/Src/usbd_cdc.o
                0x000000000800a2b8                USBD_CDC_ReceivePacket
 .text.USBD_Init
                0x000000000800a30c       0x60 ./Middlewares/ST/STM32_USB_Device_Library/Core/Src/usbd_core.o
                0x000000000800a30c                USBD_Init
 .text.USBD_RegisterClass
                0x000000000800a36c       0x4e ./Middlewares/ST/STM32_USB_Device_Library/Core/Src/usbd_core.o
                0x000000000800a36c                USBD_RegisterClass
 .text.USBD_Start
                0x000000000800a3ba       0x18 ./Middlewares/ST/STM32_USB_Device_Library/Core/Src/usbd_core.o
                0x000000000800a3ba                USBD_Start
 .text.USBD_RunTestMode
                0x000000000800a3d2       0x16 ./Middlewares/ST/STM32_USB_Device_Library/Core/Src/usbd_core.o
                0x000000000800a3d2                USBD_RunTestMode
 .text.USBD_SetClassConfig
                0x000000000800a3e8       0x38 ./Middlewares/ST/STM32_USB_Device_Library/Core/Src/usbd_core.o
                0x000000000800a3e8                USBD_SetClassConfig
 .text.USBD_ClrClassConfig
                0x000000000800a420       0x30 ./Middlewares/ST/STM32_USB_Device_Library/Core/Src/usbd_core.o
                0x000000000800a420                USBD_ClrClassConfig
 .text.USBD_LL_SetupStage
                0x000000000800a450       0xaa ./Middlewares/ST/STM32_USB_Device_Library/Core/Src/usbd_core.o
                0x000000000800a450                USBD_LL_SetupStage
 .text.USBD_LL_DataOutStage
                0x000000000800a4fa       0xc6 ./Middlewares/ST/STM32_USB_Device_Library/Core/Src/usbd_core.o
                0x000000000800a4fa                USBD_LL_DataOutStage
 .text.USBD_LL_DataInStage
                0x000000000800a5c0      0x12c ./Middlewares/ST/STM32_USB_Device_Library/Core/Src/usbd_core.o
                0x000000000800a5c0                USBD_LL_DataInStage
 .text.USBD_LL_Reset
                0x000000000800a6ec       0x9c ./Middlewares/ST/STM32_USB_Device_Library/Core/Src/usbd_core.o
                0x000000000800a6ec                USBD_LL_Reset
 .text.USBD_LL_SetSpeed
                0x000000000800a788       0x20 ./Middlewares/ST/STM32_USB_Device_Library/Core/Src/usbd_core.o
                0x000000000800a788                USBD_LL_SetSpeed
 .text.USBD_LL_Suspend
                0x000000000800a7a8       0x2c ./Middlewares/ST/STM32_USB_Device_Library/Core/Src/usbd_core.o
                0x000000000800a7a8                USBD_LL_Suspend
 .text.USBD_LL_Resume
                0x000000000800a7d4       0x30 ./Middlewares/ST/STM32_USB_Device_Library/Core/Src/usbd_core.o
                0x000000000800a7d4                USBD_LL_Resume
 .text.USBD_LL_SOF
                0x000000000800a804       0x44 ./Middlewares/ST/STM32_USB_Device_Library/Core/Src/usbd_core.o
                0x000000000800a804                USBD_LL_SOF
 .text.SWAPBYTE
                0x000000000800a848       0x3c ./Middlewares/ST/STM32_USB_Device_Library/Core/Src/usbd_ctlreq.o
 .text.USBD_StdDevReq
                0x000000000800a884       0xdc ./Middlewares/ST/STM32_USB_Device_Library/Core/Src/usbd_ctlreq.o
                0x000000000800a884                USBD_StdDevReq
 .text.USBD_StdItfReq
                0x000000000800a960       0x92 ./Middlewares/ST/STM32_USB_Device_Library/Core/Src/usbd_ctlreq.o
                0x000000000800a960                USBD_StdItfReq
 .text.USBD_StdEPReq
                0x000000000800a9f2      0x2c4 ./Middlewares/ST/STM32_USB_Device_Library/Core/Src/usbd_ctlreq.o
                0x000000000800a9f2                USBD_StdEPReq
 *fill*         0x000000000800acb6        0x2 
 .text.USBD_GetDescriptor
                0x000000000800acb8      0x328 ./Middlewares/ST/STM32_USB_Device_Library/Core/Src/usbd_ctlreq.o
 .text.USBD_SetAddress
                0x000000000800afe0       0x88 ./Middlewares/ST/STM32_USB_Device_Library/Core/Src/usbd_ctlreq.o
 .text.USBD_SetConfig
                0x000000000800b068      0x14c ./Middlewares/ST/STM32_USB_Device_Library/Core/Src/usbd_ctlreq.o
 .text.USBD_GetConfig
                0x000000000800b1b4       0x6c ./Middlewares/ST/STM32_USB_Device_Library/Core/Src/usbd_ctlreq.o
 .text.USBD_GetStatus
                0x000000000800b220       0x68 ./Middlewares/ST/STM32_USB_Device_Library/Core/Src/usbd_ctlreq.o
 .text.USBD_SetFeature
                0x000000000800b288       0x28 ./Middlewares/ST/STM32_USB_Device_Library/Core/Src/usbd_ctlreq.o
 .text.USBD_ClrFeature
                0x000000000800b2b0       0x44 ./Middlewares/ST/STM32_USB_Device_Library/Core/Src/usbd_ctlreq.o
 .text.USBD_ParseSetupRequest
                0x000000000800b2f4       0x74 ./Middlewares/ST/STM32_USB_Device_Library/Core/Src/usbd_ctlreq.o
                0x000000000800b2f4                USBD_ParseSetupRequest
 .text.USBD_CtlError
                0x000000000800b368       0x22 ./Middlewares/ST/STM32_USB_Device_Library/Core/Src/usbd_ctlreq.o
                0x000000000800b368                USBD_CtlError
 .text.USBD_GetString
                0x000000000800b38a       0x8c ./Middlewares/ST/STM32_USB_Device_Library/Core/Src/usbd_ctlreq.o
                0x000000000800b38a                USBD_GetString
 .text.USBD_GetLen
                0x000000000800b416       0x34 ./Middlewares/ST/STM32_USB_Device_Library/Core/Src/usbd_ctlreq.o
 .text.USBD_CtlSendData
                0x000000000800b44a       0x36 ./Middlewares/ST/STM32_USB_Device_Library/Core/Src/usbd_ioreq.o
                0x000000000800b44a                USBD_CtlSendData
 .text.USBD_CtlContinueSendData
                0x000000000800b480       0x22 ./Middlewares/ST/STM32_USB_Device_Library/Core/Src/usbd_ioreq.o
                0x000000000800b480                USBD_CtlContinueSendData
 .text.USBD_CtlPrepareRx
                0x000000000800b4a2       0x3a ./Middlewares/ST/STM32_USB_Device_Library/Core/Src/usbd_ioreq.o
                0x000000000800b4a2                USBD_CtlPrepareRx
 .text.USBD_CtlContinueRx
                0x000000000800b4dc       0x22 ./Middlewares/ST/STM32_USB_Device_Library/Core/Src/usbd_ioreq.o
                0x000000000800b4dc                USBD_CtlContinueRx
 .text.USBD_CtlSendStatus
                0x000000000800b4fe       0x26 ./Middlewares/ST/STM32_USB_Device_Library/Core/Src/usbd_ioreq.o
                0x000000000800b4fe                USBD_CtlSendStatus
 .text.USBD_CtlReceiveStatus
                0x000000000800b524       0x26 ./Middlewares/ST/STM32_USB_Device_Library/Core/Src/usbd_ioreq.o
                0x000000000800b524                USBD_CtlReceiveStatus
 *fill*         0x000000000800b54a        0x2 
 .text.MX_USB_Device_Init
                0x000000000800b54c       0x60 ./USB_Device/App/usb_device.o
                0x000000000800b54c                MX_USB_Device_Init
 .text.CDC_Init_FS
                0x000000000800b5ac       0x28 ./USB_Device/App/usbd_cdc_if.o
 .text.CDC_DeInit_FS
                0x000000000800b5d4       0x10 ./USB_Device/App/usbd_cdc_if.o
 .text.CDC_Control_FS
                0x000000000800b5e4       0xbc ./USB_Device/App/usbd_cdc_if.o
 .text.CDC_Receive_FS
                0x000000000800b6a0       0x34 ./USB_Device/App/usbd_cdc_if.o
 .text.CDC_Transmit_FS
                0x000000000800b6d4       0x4c ./USB_Device/App/usbd_cdc_if.o
                0x000000000800b6d4                CDC_Transmit_FS
 .text.CDC_TransmitCplt_FS
                0x000000000800b720       0x22 ./USB_Device/App/usbd_cdc_if.o
 *fill*         0x000000000800b742        0x2 
 .text.USBD_CDC_DeviceDescriptor
                0x000000000800b744       0x24 ./USB_Device/App/usbd_desc.o
                0x000000000800b744                USBD_CDC_DeviceDescriptor
 .text.USBD_CDC_LangIDStrDescriptor
                0x000000000800b768       0x24 ./USB_Device/App/usbd_desc.o
                0x000000000800b768                USBD_CDC_LangIDStrDescriptor
 .text.USBD_CDC_ProductStrDescriptor
                0x000000000800b78c       0x3c ./USB_Device/App/usbd_desc.o
                0x000000000800b78c                USBD_CDC_ProductStrDescriptor
 .text.USBD_CDC_ManufacturerStrDescriptor
                0x000000000800b7c8       0x28 ./USB_Device/App/usbd_desc.o
                0x000000000800b7c8                USBD_CDC_ManufacturerStrDescriptor
 .text.USBD_CDC_SerialStrDescriptor
                0x000000000800b7f0       0x24 ./USB_Device/App/usbd_desc.o
                0x000000000800b7f0                USBD_CDC_SerialStrDescriptor
 .text.USBD_CDC_ConfigStrDescriptor
                0x000000000800b814       0x3c ./USB_Device/App/usbd_desc.o
                0x000000000800b814                USBD_CDC_ConfigStrDescriptor
 .text.USBD_CDC_InterfaceStrDescriptor
                0x000000000800b850       0x3c ./USB_Device/App/usbd_desc.o
                0x000000000800b850                USBD_CDC_InterfaceStrDescriptor
 .text.Get_SerialNum
                0x000000000800b88c       0x58 ./USB_Device/App/usbd_desc.o
 .text.IntToUnicode
                0x000000000800b8e4       0x7e ./USB_Device/App/usbd_desc.o
 *fill*         0x000000000800b962        0x2 
 .text.HAL_PCD_MspInit
                0x000000000800b964       0x78 ./USB_Device/Target/usbd_conf.o
                0x000000000800b964                HAL_PCD_MspInit
 .text.HAL_PCD_SetupStageCallback
                0x000000000800b9dc       0x24 ./USB_Device/Target/usbd_conf.o
                0x000000000800b9dc                HAL_PCD_SetupStageCallback
 .text.HAL_PCD_DataOutStageCallback
                0x000000000800ba00       0x36 ./USB_Device/Target/usbd_conf.o
                0x000000000800ba00                HAL_PCD_DataOutStageCallback
 .text.HAL_PCD_DataInStageCallback
                0x000000000800ba36       0x34 ./USB_Device/Target/usbd_conf.o
                0x000000000800ba36                HAL_PCD_DataInStageCallback
 .text.HAL_PCD_SOFCallback
                0x000000000800ba6a       0x1c ./USB_Device/Target/usbd_conf.o
                0x000000000800ba6a                HAL_PCD_SOFCallback
 .text.HAL_PCD_ResetCallback
                0x000000000800ba86       0x3c ./USB_Device/Target/usbd_conf.o
                0x000000000800ba86                HAL_PCD_ResetCallback
 *fill*         0x000000000800bac2        0x2 
 .text.HAL_PCD_SuspendCallback
                0x000000000800bac4       0x34 ./USB_Device/Target/usbd_conf.o
                0x000000000800bac4                HAL_PCD_SuspendCallback
 .text.HAL_PCD_ResumeCallback
                0x000000000800baf8       0x38 ./USB_Device/Target/usbd_conf.o
                0x000000000800baf8                HAL_PCD_ResumeCallback
 .text.USBD_LL_Init
                0x000000000800bb30       0xc0 ./USB_Device/Target/usbd_conf.o
                0x000000000800bb30                USBD_LL_Init
 .text.USBD_LL_Start
                0x000000000800bbf0       0x36 ./USB_Device/Target/usbd_conf.o
                0x000000000800bbf0                USBD_LL_Start
 .text.USBD_LL_OpenEP
                0x000000000800bc26       0x4c ./USB_Device/Target/usbd_conf.o
                0x000000000800bc26                USBD_LL_OpenEP
 .text.USBD_LL_CloseEP
                0x000000000800bc72       0x3e ./USB_Device/Target/usbd_conf.o
                0x000000000800bc72                USBD_LL_CloseEP
 .text.USBD_LL_StallEP
                0x000000000800bcb0       0x3e ./USB_Device/Target/usbd_conf.o
                0x000000000800bcb0                USBD_LL_StallEP
 .text.USBD_LL_ClearStallEP
                0x000000000800bcee       0x3e ./USB_Device/Target/usbd_conf.o
                0x000000000800bcee                USBD_LL_ClearStallEP
 .text.USBD_LL_IsStallEP
                0x000000000800bd2c       0x5a ./USB_Device/Target/usbd_conf.o
                0x000000000800bd2c                USBD_LL_IsStallEP
 .text.USBD_LL_SetUSBAddress
                0x000000000800bd86       0x3e ./USB_Device/Target/usbd_conf.o
                0x000000000800bd86                USBD_LL_SetUSBAddress
 .text.USBD_LL_Transmit
                0x000000000800bdc4       0x42 ./USB_Device/Target/usbd_conf.o
                0x000000000800bdc4                USBD_LL_Transmit
 .text.USBD_LL_PrepareReceive
                0x000000000800be06       0x42 ./USB_Device/Target/usbd_conf.o
                0x000000000800be06                USBD_LL_PrepareReceive
 .text.USBD_LL_GetRxDataSize
                0x000000000800be48       0x26 ./USB_Device/Target/usbd_conf.o
                0x000000000800be48                USBD_LL_GetRxDataSize
 *fill*         0x000000000800be6e        0x2 
 .text.HAL_PCDEx_LPM_Callback
                0x000000000800be70       0x6c ./USB_Device/Target/usbd_conf.o
                0x000000000800be70                HAL_PCDEx_LPM_Callback
 .text.USBD_static_malloc
                0x000000000800bedc       0x1c ./USB_Device/Target/usbd_conf.o
                0x000000000800bedc                USBD_static_malloc
 .text.USBD_static_free
                0x000000000800bef8       0x14 ./USB_Device/Target/usbd_conf.o
                0x000000000800bef8                USBD_static_free
 .text.SystemClockConfig_Resume
                0x000000000800bf0c        0xe ./USB_Device/Target/usbd_conf.o
 *fill*         0x000000000800bf1a        0x2 
 .text.USBD_Get_USB_Status
                0x000000000800bf1c       0x58 ./USB_Device/Target/usbd_conf.o
 .text.memset   0x000000000800bf74       0x10 C:/ST/STM32CubeIDE_1.12.1/STM32CubeIDE/plugins/com.st.stm32cube.ide.mcu.externaltools.gnu-tools-for-stm32.11.3.rel1.win32_1.1.100.202309141235/tools/bin/../lib/gcc/arm-none-eabi/11.3.1/../../../../arm-none-eabi/lib/thumb/v7e-m+fp/hard\libc_nano.a(libc_a-memset.o)
                0x000000000800bf74                memset
 .text.__libc_init_array
                0x000000000800bf84       0x48 C:/ST/STM32CubeIDE_1.12.1/STM32CubeIDE/plugins/com.st.stm32cube.ide.mcu.externaltools.gnu-tools-for-stm32.11.3.rel1.win32_1.1.100.202309141235/tools/bin/../lib/gcc/arm-none-eabi/11.3.1/../../../../arm-none-eabi/lib/thumb/v7e-m+fp/hard\libc_nano.a(libc_a-init.o)
                0x000000000800bf84                __libc_init_array
 *(.glue_7)
 .glue_7        0x000000000800bfcc        0x0 linker stubs
 *(.glue_7t)
 .glue_7t       0x000000000800bfcc        0x0 linker stubs
 *(.eh_frame)
 .eh_frame      0x000000000800bfcc        0x0 C:/ST/STM32CubeIDE_1.12.1/STM32CubeIDE/plugins/com.st.stm32cube.ide.mcu.externaltools.gnu-tools-for-stm32.11.3.rel1.win32_1.1.100.202309141235/tools/bin/../lib/gcc/arm-none-eabi/11.3.1/thumb/v7e-m+fp/hard/crtbegin.o
 *(.init)
 .init          0x000000000800bfcc        0x4 C:/ST/STM32CubeIDE_1.12.1/STM32CubeIDE/plugins/com.st.stm32cube.ide.mcu.externaltools.gnu-tools-for-stm32.11.3.rel1.win32_1.1.100.202309141235/tools/bin/../lib/gcc/arm-none-eabi/11.3.1/thumb/v7e-m+fp/hard/crti.o
                0x000000000800bfcc                _init
 .init          0x000000000800bfd0        0x8 C:/ST/STM32CubeIDE_1.12.1/STM32CubeIDE/plugins/com.st.stm32cube.ide.mcu.externaltools.gnu-tools-for-stm32.11.3.rel1.win32_1.1.100.202309141235/tools/bin/../lib/gcc/arm-none-eabi/11.3.1/thumb/v7e-m+fp/hard/crtn.o
 *(.fini)
 .fini          0x000000000800bfd8        0x4 C:/ST/STM32CubeIDE_1.12.1/STM32CubeIDE/plugins/com.st.stm32cube.ide.mcu.externaltools.gnu-tools-for-stm32.11.3.rel1.win32_1.1.100.202309141235/tools/bin/../lib/gcc/arm-none-eabi/11.3.1/thumb/v7e-m+fp/hard/crti.o
                0x000000000800bfd8                _fini
 .fini          0x000000000800bfdc        0x8 C:/ST/STM32CubeIDE_1.12.1/STM32CubeIDE/plugins/com.st.stm32cube.ide.mcu.externaltools.gnu-tools-for-stm32.11.3.rel1.win32_1.1.100.202309141235/tools/bin/../lib/gcc/arm-none-eabi/11.3.1/thumb/v7e-m+fp/hard/crtn.o
                0x000000000800bfe4                . = ALIGN (0x4)
                0x000000000800bfe4                _etext = .

.vfp11_veneer   0x000000000800bfe4        0x0
 .vfp11_veneer  0x000000000800bfe4        0x0 linker stubs

.v4_bx          0x000000000800bfe4        0x0
 .v4_bx         0x000000000800bfe4        0x0 linker stubs

.iplt           0x000000000800bfe4        0x0
 .iplt          0x000000000800bfe4        0x0 C:/ST/STM32CubeIDE_1.12.1/STM32CubeIDE/plugins/com.st.stm32cube.ide.mcu.externaltools.gnu-tools-for-stm32.11.3.rel1.win32_1.1.100.202309141235/tools/bin/../lib/gcc/arm-none-eabi/11.3.1/thumb/v7e-m+fp/hard/crtbegin.o

.rodata         0x000000000800bfe4       0x58
                0x000000000800bfe4                . = ALIGN (0x4)
 *(.rodata)
 .rodata        0x000000000800bfe4       0x46 ./USB_Device/App/usbd_desc.o
 *(.rodata*)
 *fill*         0x000000000800c02a        0x2 
 .rodata.AHBPrescTable
                0x000000000800c02c       0x10 ./Core/Src/system_stm32g4xx.o
                0x000000000800c02c                AHBPrescTable
                0x000000000800c03c                . = ALIGN (0x4)

.rel.dyn        0x000000000800c03c        0x0
 .rel.iplt      0x000000000800c03c        0x0 C:/ST/STM32CubeIDE_1.12.1/STM32CubeIDE/plugins/com.st.stm32cube.ide.mcu.externaltools.gnu-tools-for-stm32.11.3.rel1.win32_1.1.100.202309141235/tools/bin/../lib/gcc/arm-none-eabi/11.3.1/thumb/v7e-m+fp/hard/crtbegin.o

.ARM.extab      0x000000000800c03c        0x0
                0x000000000800c03c                . = ALIGN (0x4)
 *(.ARM.extab* .gnu.linkonce.armextab.*)
                0x000000000800c03c                . = ALIGN (0x4)

.ARM            0x000000000800c03c        0x0
                0x000000000800c03c                . = ALIGN (0x4)
                0x000000000800c03c                __exidx_start = .
 *(.ARM.exidx*)
                0x000000000800c03c                __exidx_end = .
                0x000000000800c03c                . = ALIGN (0x4)

.preinit_array  0x000000000800c03c        0x0
                0x000000000800c03c                . = ALIGN (0x4)
                0x000000000800c03c                PROVIDE (__preinit_array_start = .)
 *(.preinit_array*)
                0x000000000800c03c                PROVIDE (__preinit_array_end = .)
                0x000000000800c03c                . = ALIGN (0x4)

.init_array     0x000000000800c03c        0x8
                0x000000000800c03c                . = ALIGN (0x4)
                0x000000000800c03c                PROVIDE (__init_array_start = .)
 *(SORT_BY_NAME(.init_array.*))
 *(.init_array*)
 .init_array    0x000000000800c03c        0x4 C:/ST/STM32CubeIDE_1.12.1/STM32CubeIDE/plugins/com.st.stm32cube.ide.mcu.externaltools.gnu-tools-for-stm32.11.3.rel1.win32_1.1.100.202309141235/tools/bin/../lib/gcc/arm-none-eabi/11.3.1/thumb/v7e-m+fp/hard/crtbegin.o
 .init_array    0x000000000800c040        0x4 ./Core/Src/main.o
                0x000000000800c044                PROVIDE (__init_array_end = .)
                0x000000000800c044                . = ALIGN (0x4)

.fini_array     0x000000000800c044        0x4
                0x000000000800c044                . = ALIGN (0x4)
                [!provide]                        PROVIDE (__fini_array_start = .)
 *(SORT_BY_NAME(.fini_array.*))
 *(.fini_array*)
 .fini_array    0x000000000800c044        0x4 C:/ST/STM32CubeIDE_1.12.1/STM32CubeIDE/plugins/com.st.stm32cube.ide.mcu.externaltools.gnu-tools-for-stm32.11.3.rel1.win32_1.1.100.202309141235/tools/bin/../lib/gcc/arm-none-eabi/11.3.1/thumb/v7e-m+fp/hard/crtbegin.o
                [!provide]                        PROVIDE (__fini_array_end = .)
                0x000000000800c048                . = ALIGN (0x4)
                0x000000000800c048                _sidata = LOADADDR (.data)

.data           0x0000000020000000      0x1a4 load address 0x000000000800c048
                0x0000000020000000                . = ALIGN (0x4)
                0x0000000020000000                _sdata = .
 *(.data)
 *(.data*)
 .data.SystemCoreClock
                0x0000000020000000        0x4 ./Core/Src/system_stm32g4xx.o
                0x0000000020000000                SystemCoreClock
 .data.uwTickPrio
                0x0000000020000004        0x4 ./Drivers/STM32G4xx_HAL_Driver/Src/stm32g4xx_hal.o
                0x0000000020000004                uwTickPrio
 .data.uwTickFreq
                0x0000000020000008        0x4 ./Drivers/STM32G4xx_HAL_Driver/Src/stm32g4xx_hal.o
                0x0000000020000008                uwTickFreq
 .data.pFlash   0x000000002000000c       0x20 ./Drivers/STM32G4xx_HAL_Driver/Src/stm32g4xx_hal_flash.o
                0x000000002000000c                pFlash
 .data.USBD_CDC_DeviceQualifierDesc
                0x000000002000002c        0xa ./Middlewares/ST/STM32_USB_Device_Library/Class/CDC/Src/usbd_cdc.o
 *fill*         0x0000000020000036        0x2 
 .data.USBD_CDC
                0x0000000020000038       0x38 ./Middlewares/ST/STM32_USB_Device_Library/Class/CDC/Src/usbd_cdc.o
                0x0000000020000038                USBD_CDC
 .data.USBD_CDC_CfgHSDesc
                0x0000000020000070       0x43 ./Middlewares/ST/STM32_USB_Device_Library/Class/CDC/Src/usbd_cdc.o
 *fill*         0x00000000200000b3        0x1 
 .data.USBD_CDC_CfgFSDesc
                0x00000000200000b4       0x43 ./Middlewares/ST/STM32_USB_Device_Library/Class/CDC/Src/usbd_cdc.o
 *fill*         0x00000000200000f7        0x1 
 .data.USBD_CDC_OtherSpeedCfgDesc
                0x00000000200000f8       0x43 ./Middlewares/ST/STM32_USB_Device_Library/Class/CDC/Src/usbd_cdc.o
 *fill*         0x000000002000013b        0x1 
 .data.USBD_Interface_fops_FS
                0x000000002000013c       0x14 ./USB_Device/App/usbd_cdc_if.o
                0x000000002000013c                USBD_Interface_fops_FS
 .data.CDC_Desc
                0x0000000020000150       0x20 ./USB_Device/App/usbd_desc.o
                0x0000000020000150                CDC_Desc
 .data.USBD_CDC_DeviceDesc
                0x0000000020000170       0x12 ./USB_Device/App/usbd_desc.o
                0x0000000020000170                USBD_CDC_DeviceDesc
 *fill*         0x0000000020000182        0x2 
 .data.USBD_LangIDDesc
                0x0000000020000184        0x4 ./USB_Device/App/usbd_desc.o
                0x0000000020000184                USBD_LangIDDesc
 .data.USBD_StringSerial
                0x0000000020000188       0x1a ./USB_Device/App/usbd_desc.o
                0x0000000020000188                USBD_StringSerial
 *(.RamFunc)
 *(.RamFunc*)
                0x00000000200001a4                . = ALIGN (0x4)
 *fill*         0x00000000200001a2        0x2 
                0x00000000200001a4                _edata = .

.igot.plt       0x00000000200001a4        0x0 load address 0x000000000800c1ec
 .igot.plt      0x00000000200001a4        0x0 C:/ST/STM32CubeIDE_1.12.1/STM32CubeIDE/plugins/com.st.stm32cube.ide.mcu.externaltools.gnu-tools-for-stm32.11.3.rel1.win32_1.1.100.202309141235/tools/bin/../lib/gcc/arm-none-eabi/11.3.1/thumb/v7e-m+fp/hard/crtbegin.o
                0x00000000200001a4                . = ALIGN (0x4)

.bss            0x00000000200001a8     0x1378 load address 0x000000000800c1ec
                0x00000000200001a8                _sbss = .
                0x00000000200001a8                __bss_start__ = _sbss
 *(.bss)
 .bss           0x00000000200001a8       0x1c C:/ST/STM32CubeIDE_1.12.1/STM32CubeIDE/plugins/com.st.stm32cube.ide.mcu.externaltools.gnu-tools-for-stm32.11.3.rel1.win32_1.1.100.202309141235/tools/bin/../lib/gcc/arm-none-eabi/11.3.1/thumb/v7e-m+fp/hard/crtbegin.o
 *(.bss*)
 .bss.hadc2     0x00000000200001c4       0x6c ./Core/Src/adc.o
                0x00000000200001c4                hadc2
 .bss.hdac1     0x0000000020000230       0x14 ./Core/Src/dac.o
                0x0000000020000230                hdac1
 *fill*         0x0000000020000244        0x4 
 .bss.flash     0x0000000020000248       0x48 ./Core/Src/main.o
                0x0000000020000248                flash
 .bss.Usb       0x0000000020000290        0x4 ./Core/Src/main.o
                0x0000000020000290                Usb
 .bss._adcValue
                0x0000000020000294        0x4 ./Core/Src/main.o
                0x0000000020000294                _adcValue
 .bss.hasChanged
                0x0000000020000298        0x1 ./Core/Src/main.o
                0x0000000020000298                hasChanged
 *fill*         0x0000000020000299        0x3 
 .bss.htim1     0x000000002000029c       0x4c ./Core/Src/tim.o
                0x000000002000029c                htim1
 .bss.htim2     0x00000000200002e8       0x4c ./Core/Src/tim.o
                0x00000000200002e8                htim2
 .bss.uwTick    0x0000000020000334        0x4 ./Drivers/STM32G4xx_HAL_Driver/Src/stm32g4xx_hal.o
                0x0000000020000334                uwTick
 .bss.cfgidx.0  0x0000000020000338        0x1 ./Middlewares/ST/STM32_USB_Device_Library/Core/Src/usbd_ctlreq.o
 *fill*         0x0000000020000339        0x3 
 .bss.hUsbDeviceFS
                0x000000002000033c      0x2d0 ./USB_Device/App/usb_device.o
                0x000000002000033c                hUsbDeviceFS
 .bss.UserRxBufferFS
                0x000000002000060c      0x400 ./USB_Device/App/usbd_cdc_if.o
                0x000000002000060c                UserRxBufferFS
 .bss.UserTxBufferFS
                0x0000000020000a0c      0x400 ./USB_Device/App/usbd_cdc_if.o
                0x0000000020000a0c                UserTxBufferFS
 .bss.USBD_StrDesc
                0x0000000020000e0c      0x200 ./USB_Device/App/usbd_desc.o
                0x0000000020000e0c                USBD_StrDesc
 .bss.hpcd_USB_FS
                0x000000002000100c      0x2f4 ./USB_Device/Target/usbd_conf.o
                0x000000002000100c                hpcd_USB_FS
 .bss.mem.0     0x0000000020001300      0x220 ./USB_Device/Target/usbd_conf.o
 *(COMMON)
                0x0000000020001520                . = ALIGN (0x4)
                0x0000000020001520                _ebss = .
                0x0000000020001520                __bss_end__ = _ebss

._user_heap_stack
                0x0000000020001520      0x600 load address 0x000000000800c1ec
                0x0000000020001520                . = ALIGN (0x8)
                [!provide]                        PROVIDE (end = .)
                0x0000000020001520                PROVIDE (_end = .)
                0x0000000020001720                . = (. + _Min_Heap_Size)
 *fill*         0x0000000020001520      0x200 
                0x0000000020001b20                . = (. + _Min_Stack_Size)
 *fill*         0x0000000020001720      0x400 
                0x0000000020001b20                . = ALIGN (0x8)

/DISCARD/
 libc.a(*)
 libm.a(*)
 libgcc.a(*)

.ARM.attributes
                0x0000000000000000       0x30
 *(.ARM.attributes)
 .ARM.attributes
                0x0000000000000000       0x1e C:/ST/STM32CubeIDE_1.12.1/STM32CubeIDE/plugins/com.st.stm32cube.ide.mcu.externaltools.gnu-tools-for-stm32.11.3.rel1.win32_1.1.100.202309141235/tools/bin/../lib/gcc/arm-none-eabi/11.3.1/thumb/v7e-m+fp/hard/crti.o
 .ARM.attributes
                0x000000000000001e       0x34 C:/ST/STM32CubeIDE_1.12.1/STM32CubeIDE/plugins/com.st.stm32cube.ide.mcu.externaltools.gnu-tools-for-stm32.11.3.rel1.win32_1.1.100.202309141235/tools/bin/../lib/gcc/arm-none-eabi/11.3.1/thumb/v7e-m+fp/hard/crtbegin.o
 .ARM.attributes
                0x0000000000000052       0x34 ./Core/Src/Flash/Flash.o
 .ARM.attributes
                0x0000000000000086       0x34 ./Core/Src/USB/USBCom.o
 .ARM.attributes
                0x00000000000000ba       0x34 ./Core/Src/adc.o
 .ARM.attributes
                0x00000000000000ee       0x34 ./Core/Src/dac.o
 .ARM.attributes
                0x0000000000000122       0x34 ./Core/Src/gpio.o
 .ARM.attributes
                0x0000000000000156       0x34 ./Core/Src/main.o
 .ARM.attributes
                0x000000000000018a       0x34 ./Core/Src/stm32g4xx_hal_msp.o
 .ARM.attributes
                0x00000000000001be       0x34 ./Core/Src/stm32g4xx_it.o
 .ARM.attributes
                0x00000000000001f2       0x34 ./Core/Src/system_stm32g4xx.o
 .ARM.attributes
                0x0000000000000226       0x34 ./Core/Src/tim.o
 .ARM.attributes
                0x000000000000025a       0x21 ./Core/Startup/startup_stm32g431k8tx.o
 .ARM.attributes
                0x000000000000027b       0x34 ./Drivers/STM32G4xx_HAL_Driver/Src/stm32g4xx_hal.o
 .ARM.attributes
                0x00000000000002af       0x34 ./Drivers/STM32G4xx_HAL_Driver/Src/stm32g4xx_hal_adc.o
 .ARM.attributes
                0x00000000000002e3       0x34 ./Drivers/STM32G4xx_HAL_Driver/Src/stm32g4xx_hal_adc_ex.o
 .ARM.attributes
                0x0000000000000317       0x34 ./Drivers/STM32G4xx_HAL_Driver/Src/stm32g4xx_hal_cortex.o
 .ARM.attributes
                0x000000000000034b       0x34 ./Drivers/STM32G4xx_HAL_Driver/Src/stm32g4xx_hal_dac.o
 .ARM.attributes
                0x000000000000037f       0x34 ./Drivers/STM32G4xx_HAL_Driver/Src/stm32g4xx_hal_flash.o
 .ARM.attributes
                0x00000000000003b3       0x34 ./Drivers/STM32G4xx_HAL_Driver/Src/stm32g4xx_hal_flash_ex.o
 .ARM.attributes
                0x00000000000003e7       0x34 ./Drivers/STM32G4xx_HAL_Driver/Src/stm32g4xx_hal_gpio.o
 .ARM.attributes
                0x000000000000041b       0x34 ./Drivers/STM32G4xx_HAL_Driver/Src/stm32g4xx_hal_pcd.o
 .ARM.attributes
                0x000000000000044f       0x34 ./Drivers/STM32G4xx_HAL_Driver/Src/stm32g4xx_hal_pcd_ex.o
 .ARM.attributes
                0x0000000000000483       0x34 ./Drivers/STM32G4xx_HAL_Driver/Src/stm32g4xx_hal_pwr_ex.o
 .ARM.attributes
                0x00000000000004b7       0x34 ./Drivers/STM32G4xx_HAL_Driver/Src/stm32g4xx_hal_rcc.o
 .ARM.attributes
                0x00000000000004eb       0x34 ./Drivers/STM32G4xx_HAL_Driver/Src/stm32g4xx_hal_rcc_ex.o
 .ARM.attributes
                0x000000000000051f       0x34 ./Drivers/STM32G4xx_HAL_Driver/Src/stm32g4xx_hal_tim.o
 .ARM.attributes
                0x0000000000000553       0x34 ./Drivers/STM32G4xx_HAL_Driver/Src/stm32g4xx_hal_tim_ex.o
 .ARM.attributes
                0x0000000000000587       0x34 ./Drivers/STM32G4xx_HAL_Driver/Src/stm32g4xx_ll_usb.o
 .ARM.attributes
                0x00000000000005bb       0x34 ./Middlewares/ST/STM32_USB_Device_Library/Class/CDC/Src/usbd_cdc.o
 .ARM.attributes
                0x00000000000005ef       0x34 ./Middlewares/ST/STM32_USB_Device_Library/Core/Src/usbd_core.o
 .ARM.attributes
                0x0000000000000623       0x34 ./Middlewares/ST/STM32_USB_Device_Library/Core/Src/usbd_ctlreq.o
 .ARM.attributes
                0x0000000000000657       0x34 ./Middlewares/ST/STM32_USB_Device_Library/Core/Src/usbd_ioreq.o
 .ARM.attributes
                0x000000000000068b       0x34 ./USB_Device/App/usb_device.o
 .ARM.attributes
                0x00000000000006bf       0x34 ./USB_Device/App/usbd_cdc_if.o
 .ARM.attributes
                0x00000000000006f3       0x34 ./USB_Device/App/usbd_desc.o
 .ARM.attributes
                0x0000000000000727       0x34 ./USB_Device/Target/usbd_conf.o
 .ARM.attributes
                0x000000000000075b       0x34 C:/ST/STM32CubeIDE_1.12.1/STM32CubeIDE/plugins/com.st.stm32cube.ide.mcu.externaltools.gnu-tools-for-stm32.11.3.rel1.win32_1.1.100.202309141235/tools/bin/../lib/gcc/arm-none-eabi/11.3.1/../../../../arm-none-eabi/lib/thumb/v7e-m+fp/hard\libc_nano.a(libc_a-memset.o)
 .ARM.attributes
                0x000000000000078f       0x34 C:/ST/STM32CubeIDE_1.12.1/STM32CubeIDE/plugins/com.st.stm32cube.ide.mcu.externaltools.gnu-tools-for-stm32.11.3.rel1.win32_1.1.100.202309141235/tools/bin/../lib/gcc/arm-none-eabi/11.3.1/../../../../arm-none-eabi/lib/thumb/v7e-m+fp/hard\libc_nano.a(libc_a-init.o)
 .ARM.attributes
                0x00000000000007c3       0x1e C:/ST/STM32CubeIDE_1.12.1/STM32CubeIDE/plugins/com.st.stm32cube.ide.mcu.externaltools.gnu-tools-for-stm32.11.3.rel1.win32_1.1.100.202309141235/tools/bin/../lib/gcc/arm-none-eabi/11.3.1/thumb/v7e-m+fp/hard/crtn.o
OUTPUT(Ignition.elf elf32-littlearm)
LOAD linker stubs
LOAD C:/ST/STM32CubeIDE_1.12.1/STM32CubeIDE/plugins/com.st.stm32cube.ide.mcu.externaltools.gnu-tools-for-stm32.11.3.rel1.win32_1.1.100.202309141235/tools/bin/../lib/gcc/arm-none-eabi/11.3.1/../../../../arm-none-eabi/lib/thumb/v7e-m+fp/hard\libc.a
LOAD C:/ST/STM32CubeIDE_1.12.1/STM32CubeIDE/plugins/com.st.stm32cube.ide.mcu.externaltools.gnu-tools-for-stm32.11.3.rel1.win32_1.1.100.202309141235/tools/bin/../lib/gcc/arm-none-eabi/11.3.1/../../../../arm-none-eabi/lib/thumb/v7e-m+fp/hard\libm.a
LOAD C:/ST/STM32CubeIDE_1.12.1/STM32CubeIDE/plugins/com.st.stm32cube.ide.mcu.externaltools.gnu-tools-for-stm32.11.3.rel1.win32_1.1.100.202309141235/tools/bin/../lib/gcc/arm-none-eabi/11.3.1/thumb/v7e-m+fp/hard\libgcc.a

.comment        0x0000000000000000       0x43
 .comment       0x0000000000000000       0x43 C:/ST/STM32CubeIDE_1.12.1/STM32CubeIDE/plugins/com.st.stm32cube.ide.mcu.externaltools.gnu-tools-for-stm32.11.3.rel1.win32_1.1.100.202309141235/tools/bin/../lib/gcc/arm-none-eabi/11.3.1/thumb/v7e-m+fp/hard/crtbegin.o
                                         0x44 (size before relaxing)
 .comment       0x0000000000000043       0x44 ./Core/Src/Flash/Flash.o
 .comment       0x0000000000000043       0x44 ./Core/Src/USB/USBCom.o
 .comment       0x0000000000000043       0x44 ./Core/Src/adc.o
 .comment       0x0000000000000043       0x44 ./Core/Src/dac.o
 .comment       0x0000000000000043       0x44 ./Core/Src/gpio.o
 .comment       0x0000000000000043       0x44 ./Core/Src/main.o
 .comment       0x0000000000000043       0x44 ./Core/Src/stm32g4xx_hal_msp.o
 .comment       0x0000000000000043       0x44 ./Core/Src/stm32g4xx_it.o
 .comment       0x0000000000000043       0x44 ./Core/Src/system_stm32g4xx.o
 .comment       0x0000000000000043       0x44 ./Core/Src/tim.o
 .comment       0x0000000000000043       0x44 ./Drivers/STM32G4xx_HAL_Driver/Src/stm32g4xx_hal.o
 .comment       0x0000000000000043       0x44 ./Drivers/STM32G4xx_HAL_Driver/Src/stm32g4xx_hal_adc.o
 .comment       0x0000000000000043       0x44 ./Drivers/STM32G4xx_HAL_Driver/Src/stm32g4xx_hal_adc_ex.o
 .comment       0x0000000000000043       0x44 ./Drivers/STM32G4xx_HAL_Driver/Src/stm32g4xx_hal_cortex.o
 .comment       0x0000000000000043       0x44 ./Drivers/STM32G4xx_HAL_Driver/Src/stm32g4xx_hal_dac.o
 .comment       0x0000000000000043       0x44 ./Drivers/STM32G4xx_HAL_Driver/Src/stm32g4xx_hal_flash.o
 .comment       0x0000000000000043       0x44 ./Drivers/STM32G4xx_HAL_Driver/Src/stm32g4xx_hal_flash_ex.o
 .comment       0x0000000000000043       0x44 ./Drivers/STM32G4xx_HAL_Driver/Src/stm32g4xx_hal_gpio.o
 .comment       0x0000000000000043       0x44 ./Drivers/STM32G4xx_HAL_Driver/Src/stm32g4xx_hal_pcd.o
 .comment       0x0000000000000043       0x44 ./Drivers/STM32G4xx_HAL_Driver/Src/stm32g4xx_hal_pcd_ex.o
 .comment       0x0000000000000043       0x44 ./Drivers/STM32G4xx_HAL_Driver/Src/stm32g4xx_hal_pwr_ex.o
 .comment       0x0000000000000043       0x44 ./Drivers/STM32G4xx_HAL_Driver/Src/stm32g4xx_hal_rcc.o
 .comment       0x0000000000000043       0x44 ./Drivers/STM32G4xx_HAL_Driver/Src/stm32g4xx_hal_rcc_ex.o
 .comment       0x0000000000000043       0x44 ./Drivers/STM32G4xx_HAL_Driver/Src/stm32g4xx_hal_tim.o
 .comment       0x0000000000000043       0x44 ./Drivers/STM32G4xx_HAL_Driver/Src/stm32g4xx_hal_tim_ex.o
 .comment       0x0000000000000043       0x44 ./Drivers/STM32G4xx_HAL_Driver/Src/stm32g4xx_ll_usb.o
 .comment       0x0000000000000043       0x44 ./Middlewares/ST/STM32_USB_Device_Library/Class/CDC/Src/usbd_cdc.o
 .comment       0x0000000000000043       0x44 ./Middlewares/ST/STM32_USB_Device_Library/Core/Src/usbd_core.o
 .comment       0x0000000000000043       0x44 ./Middlewares/ST/STM32_USB_Device_Library/Core/Src/usbd_ctlreq.o
 .comment       0x0000000000000043       0x44 ./Middlewares/ST/STM32_USB_Device_Library/Core/Src/usbd_ioreq.o
 .comment       0x0000000000000043       0x44 ./USB_Device/App/usb_device.o
 .comment       0x0000000000000043       0x44 ./USB_Device/App/usbd_cdc_if.o
 .comment       0x0000000000000043       0x44 ./USB_Device/App/usbd_desc.o
 .comment       0x0000000000000043       0x44 ./USB_Device/Target/usbd_conf.o

.debug_info     0x0000000000000000    0x1efef
 .debug_info    0x0000000000000000      0x691 ./Core/Src/Flash/Flash.o
 .debug_info    0x0000000000000691      0xc28 ./Core/Src/USB/USBCom.o
 .debug_info    0x00000000000012b9     0x10d2 ./Core/Src/adc.o
 .debug_info    0x000000000000238b      0xb5a ./Core/Src/dac.o
 .debug_info    0x0000000000002ee5      0x47f ./Core/Src/gpio.o
 .debug_info    0x0000000000003364     0x1de4 ./Core/Src/main.o
 .debug_info    0x0000000000005148      0x2da ./Core/Src/stm32g4xx_hal_msp.o
 .debug_info    0x0000000000005422     0x1232 ./Core/Src/stm32g4xx_it.o
 .debug_info    0x0000000000006654      0x58e ./Core/Src/system_stm32g4xx.o
 .debug_info    0x0000000000006be2      0xff8 ./Core/Src/tim.o
 .debug_info    0x0000000000007bda       0x23 ./Core/Startup/startup_stm32g431k8tx.o
 .debug_info    0x0000000000007bfd      0xa99 ./Drivers/STM32G4xx_HAL_Driver/Src/stm32g4xx_hal.o
 .debug_info    0x0000000000008696     0x203d ./Drivers/STM32G4xx_HAL_Driver/Src/stm32g4xx_hal_adc.o
 .debug_info    0x000000000000a6d3     0x1d67 ./Drivers/STM32G4xx_HAL_Driver/Src/stm32g4xx_hal_adc_ex.o
 .debug_info    0x000000000000c43a      0xcf3 ./Drivers/STM32G4xx_HAL_Driver/Src/stm32g4xx_hal_cortex.o
 .debug_info    0x000000000000d12d      0xc65 ./Drivers/STM32G4xx_HAL_Driver/Src/stm32g4xx_hal_dac.o
 .debug_info    0x000000000000dd92      0x6c1 ./Drivers/STM32G4xx_HAL_Driver/Src/stm32g4xx_hal_flash.o
 .debug_info    0x000000000000e453      0x8a7 ./Drivers/STM32G4xx_HAL_Driver/Src/stm32g4xx_hal_flash_ex.o
 .debug_info    0x000000000000ecfa      0x763 ./Drivers/STM32G4xx_HAL_Driver/Src/stm32g4xx_hal_gpio.o
 .debug_info    0x000000000000f45d     0x1578 ./Drivers/STM32G4xx_HAL_Driver/Src/stm32g4xx_hal_pcd.o
 .debug_info    0x00000000000109d5      0x815 ./Drivers/STM32G4xx_HAL_Driver/Src/stm32g4xx_hal_pcd_ex.o
 .debug_info    0x00000000000111ea      0x93f ./Drivers/STM32G4xx_HAL_Driver/Src/stm32g4xx_hal_pwr_ex.o
 .debug_info    0x0000000000011b29      0xb82 ./Drivers/STM32G4xx_HAL_Driver/Src/stm32g4xx_hal_rcc.o
 .debug_info    0x00000000000126ab      0xc15 ./Drivers/STM32G4xx_HAL_Driver/Src/stm32g4xx_hal_rcc_ex.o
 .debug_info    0x00000000000132c0     0x2bfd ./Drivers/STM32G4xx_HAL_Driver/Src/stm32g4xx_hal_tim.o
 .debug_info    0x0000000000015ebd     0x1d63 ./Drivers/STM32G4xx_HAL_Driver/Src/stm32g4xx_hal_tim_ex.o
 .debug_info    0x0000000000017c20     0x1548 ./Drivers/STM32G4xx_HAL_Driver/Src/stm32g4xx_ll_usb.o
 .debug_info    0x0000000000019168     0x1131 ./Middlewares/ST/STM32_USB_Device_Library/Class/CDC/Src/usbd_cdc.o
 .debug_info    0x000000000001a299      0xb1b ./Middlewares/ST/STM32_USB_Device_Library/Core/Src/usbd_core.o
 .debug_info    0x000000000001adb4      0xa57 ./Middlewares/ST/STM32_USB_Device_Library/Core/Src/usbd_ctlreq.o
 .debug_info    0x000000000001b80b      0x720 ./Middlewares/ST/STM32_USB_Device_Library/Core/Src/usbd_ioreq.o
 .debug_info    0x000000000001bf2b      0x6d7 ./USB_Device/App/usb_device.o
 .debug_info    0x000000000001c602      0x8d5 ./USB_Device/App/usbd_cdc_if.o
 .debug_info    0x000000000001ced7      0x45f ./USB_Device/App/usbd_desc.o
 .debug_info    0x000000000001d336     0x1cb9 ./USB_Device/Target/usbd_conf.o

.debug_abbrev   0x0000000000000000     0x4fe4
 .debug_abbrev  0x0000000000000000      0x21e ./Core/Src/Flash/Flash.o
 .debug_abbrev  0x000000000000021e      0x2aa ./Core/Src/USB/USBCom.o
 .debug_abbrev  0x00000000000004c8      0x1f0 ./Core/Src/adc.o
 .debug_abbrev  0x00000000000006b8      0x1ef ./Core/Src/dac.o
 .debug_abbrev  0x00000000000008a7      0x152 ./Core/Src/gpio.o
 .debug_abbrev  0x00000000000009f9      0x448 ./Core/Src/main.o
 .debug_abbrev  0x0000000000000e41       0xd9 ./Core/Src/stm32g4xx_hal_msp.o
 .debug_abbrev  0x0000000000000f1a      0x1f5 ./Core/Src/stm32g4xx_it.o
 .debug_abbrev  0x000000000000110f      0x11a ./Core/Src/system_stm32g4xx.o
 .debug_abbrev  0x0000000000001229      0x22e ./Core/Src/tim.o
 .debug_abbrev  0x0000000000001457       0x12 ./Core/Startup/startup_stm32g431k8tx.o
 .debug_abbrev  0x0000000000001469      0x271 ./Drivers/STM32G4xx_HAL_Driver/Src/stm32g4xx_hal.o
 .debug_abbrev  0x00000000000016da      0x2d3 ./Drivers/STM32G4xx_HAL_Driver/Src/stm32g4xx_hal_adc.o
 .debug_abbrev  0x00000000000019ad      0x2ee ./Drivers/STM32G4xx_HAL_Driver/Src/stm32g4xx_hal_adc_ex.o
 .debug_abbrev  0x0000000000001c9b      0x31c ./Drivers/STM32G4xx_HAL_Driver/Src/stm32g4xx_hal_cortex.o
 .debug_abbrev  0x0000000000001fb7      0x216 ./Drivers/STM32G4xx_HAL_Driver/Src/stm32g4xx_hal_dac.o
 .debug_abbrev  0x00000000000021cd      0x325 ./Drivers/STM32G4xx_HAL_Driver/Src/stm32g4xx_hal_flash.o
 .debug_abbrev  0x00000000000024f2      0x290 ./Drivers/STM32G4xx_HAL_Driver/Src/stm32g4xx_hal_flash_ex.o
 .debug_abbrev  0x0000000000002782      0x1cb ./Drivers/STM32G4xx_HAL_Driver/Src/stm32g4xx_hal_gpio.o
 .debug_abbrev  0x000000000000294d      0x2b2 ./Drivers/STM32G4xx_HAL_Driver/Src/stm32g4xx_hal_pcd.o
 .debug_abbrev  0x0000000000002bff      0x22a ./Drivers/STM32G4xx_HAL_Driver/Src/stm32g4xx_hal_pcd_ex.o
 .debug_abbrev  0x0000000000002e29      0x22c ./Drivers/STM32G4xx_HAL_Driver/Src/stm32g4xx_hal_pwr_ex.o
 .debug_abbrev  0x0000000000003055      0x2c9 ./Drivers/STM32G4xx_HAL_Driver/Src/stm32g4xx_hal_rcc.o
 .debug_abbrev  0x000000000000331e      0x258 ./Drivers/STM32G4xx_HAL_Driver/Src/stm32g4xx_hal_rcc_ex.o
 .debug_abbrev  0x0000000000003576      0x2a0 ./Drivers/STM32G4xx_HAL_Driver/Src/stm32g4xx_hal_tim.o
 .debug_abbrev  0x0000000000003816      0x2be ./Drivers/STM32G4xx_HAL_Driver/Src/stm32g4xx_hal_tim_ex.o
 .debug_abbrev  0x0000000000003ad4      0x23f ./Drivers/STM32G4xx_HAL_Driver/Src/stm32g4xx_ll_usb.o
 .debug_abbrev  0x0000000000003d13      0x2bc ./Middlewares/ST/STM32_USB_Device_Library/Class/CDC/Src/usbd_cdc.o
 .debug_abbrev  0x0000000000003fcf      0x24f ./Middlewares/ST/STM32_USB_Device_Library/Core/Src/usbd_core.o
 .debug_abbrev  0x000000000000421e      0x27e ./Middlewares/ST/STM32_USB_Device_Library/Core/Src/usbd_ctlreq.o
 .debug_abbrev  0x000000000000449c      0x1a9 ./Middlewares/ST/STM32_USB_Device_Library/Core/Src/usbd_ioreq.o
 .debug_abbrev  0x0000000000004645      0x1a4 ./USB_Device/App/usb_device.o
 .debug_abbrev  0x00000000000047e9      0x2c2 ./USB_Device/App/usbd_cdc_if.o
 .debug_abbrev  0x0000000000004aab      0x20e ./USB_Device/App/usbd_desc.o
 .debug_abbrev  0x0000000000004cb9      0x32b ./USB_Device/Target/usbd_conf.o

.debug_aranges  0x0000000000000000     0x1a50
 .debug_aranges
                0x0000000000000000       0x78 ./Core/Src/Flash/Flash.o
 .debug_aranges
                0x0000000000000078       0x30 ./Core/Src/USB/USBCom.o
 .debug_aranges
                0x00000000000000a8       0x30 ./Core/Src/adc.o
 .debug_aranges
                0x00000000000000d8       0x30 ./Core/Src/dac.o
 .debug_aranges
                0x0000000000000108       0x20 ./Core/Src/gpio.o
 .debug_aranges
                0x0000000000000128       0x58 ./Core/Src/main.o
 .debug_aranges
                0x0000000000000180       0x20 ./Core/Src/stm32g4xx_hal_msp.o
 .debug_aranges
                0x00000000000001a0       0x80 ./Core/Src/stm32g4xx_it.o
 .debug_aranges
                0x0000000000000220       0x28 ./Core/Src/system_stm32g4xx.o
 .debug_aranges
                0x0000000000000248       0x38 ./Core/Src/tim.o
 .debug_aranges
                0x0000000000000280       0x28 ./Core/Startup/startup_stm32g431k8tx.o
 .debug_aranges
                0x00000000000002a8      0x130 ./Drivers/STM32G4xx_HAL_Driver/Src/stm32g4xx_hal.o
 .debug_aranges
                0x00000000000003d8      0x248 ./Drivers/STM32G4xx_HAL_Driver/Src/stm32g4xx_hal_adc.o
 .debug_aranges
                0x0000000000000620      0x1c0 ./Drivers/STM32G4xx_HAL_Driver/Src/stm32g4xx_hal_adc_ex.o
 .debug_aranges
                0x00000000000007e0      0x118 ./Drivers/STM32G4xx_HAL_Driver/Src/stm32g4xx_hal_cortex.o
 .debug_aranges
                0x00000000000008f8       0xc0 ./Drivers/STM32G4xx_HAL_Driver/Src/stm32g4xx_hal_dac.o
 .debug_aranges
                0x00000000000009b8       0x88 ./Drivers/STM32G4xx_HAL_Driver/Src/stm32g4xx_hal_flash.o
 .debug_aranges
                0x0000000000000a40       0xc8 ./Drivers/STM32G4xx_HAL_Driver/Src/stm32g4xx_hal_flash_ex.o
 .debug_aranges
                0x0000000000000b08       0x58 ./Drivers/STM32G4xx_HAL_Driver/Src/stm32g4xx_hal_gpio.o
 .debug_aranges
                0x0000000000000b60      0x130 ./Drivers/STM32G4xx_HAL_Driver/Src/stm32g4xx_hal_pcd.o
 .debug_aranges
                0x0000000000000c90       0x58 ./Drivers/STM32G4xx_HAL_Driver/Src/stm32g4xx_hal_pcd_ex.o
 .debug_aranges
                0x0000000000000ce8      0x140 ./Drivers/STM32G4xx_HAL_Driver/Src/stm32g4xx_hal_pwr_ex.o
 .debug_aranges
                0x0000000000000e28       0x98 ./Drivers/STM32G4xx_HAL_Driver/Src/stm32g4xx_hal_rcc.o
 .debug_aranges
                0x0000000000000ec0       0xb0 ./Drivers/STM32G4xx_HAL_Driver/Src/stm32g4xx_hal_rcc_ex.o
 .debug_aranges
                0x0000000000000f70      0x3e0 ./Drivers/STM32G4xx_HAL_Driver/Src/stm32g4xx_hal_tim.o
 .debug_aranges
                0x0000000000001350      0x240 ./Drivers/STM32G4xx_HAL_Driver/Src/stm32g4xx_hal_tim_ex.o
 .debug_aranges
                0x0000000000001590       0xb0 ./Drivers/STM32G4xx_HAL_Driver/Src/stm32g4xx_ll_usb.o
 .debug_aranges
                0x0000000000001640       0x90 ./Middlewares/ST/STM32_USB_Device_Library/Class/CDC/Src/usbd_cdc.o
 .debug_aranges
                0x00000000000016d0       0xb8 ./Middlewares/ST/STM32_USB_Device_Library/Core/Src/usbd_core.o
 .debug_aranges
                0x0000000000001788       0x90 ./Middlewares/ST/STM32_USB_Device_Library/Core/Src/usbd_ctlreq.o
 .debug_aranges
                0x0000000000001818       0x50 ./Middlewares/ST/STM32_USB_Device_Library/Core/Src/usbd_ioreq.o
 .debug_aranges
                0x0000000000001868       0x20 ./USB_Device/App/usb_device.o
 .debug_aranges
                0x0000000000001888       0x48 ./USB_Device/App/usbd_cdc_if.o
 .debug_aranges
                0x00000000000018d0       0x60 ./USB_Device/App/usbd_desc.o
 .debug_aranges
                0x0000000000001930      0x120 ./USB_Device/Target/usbd_conf.o

.debug_rnglists
                0x0000000000000000     0x13e7
 .debug_rnglists
                0x0000000000000000       0x57 ./Core/Src/Flash/Flash.o
 .debug_rnglists
                0x0000000000000057       0x20 ./Core/Src/USB/USBCom.o
 .debug_rnglists
                0x0000000000000077       0x21 ./Core/Src/adc.o
 .debug_rnglists
                0x0000000000000098       0x1f ./Core/Src/dac.o
 .debug_rnglists
                0x00000000000000b7       0x14 ./Core/Src/gpio.o
 .debug_rnglists
                0x00000000000000cb       0x3f ./Core/Src/main.o
 .debug_rnglists
                0x000000000000010a       0x13 ./Core/Src/stm32g4xx_hal_msp.o
 .debug_rnglists
                0x000000000000011d       0x5b ./Core/Src/stm32g4xx_it.o
 .debug_rnglists
                0x0000000000000178       0x1a ./Core/Src/system_stm32g4xx.o
 .debug_rnglists
                0x0000000000000192       0x28 ./Core/Src/tim.o
 .debug_rnglists
                0x00000000000001ba       0x19 ./Core/Startup/startup_stm32g431k8tx.o
 .debug_rnglists
                0x00000000000001d3       0xdf ./Drivers/STM32G4xx_HAL_Driver/Src/stm32g4xx_hal.o
 .debug_rnglists
                0x00000000000002b2      0x1c0 ./Drivers/STM32G4xx_HAL_Driver/Src/stm32g4xx_hal_adc.o