Archive member included to satisfy reference by file (symbol)

C:/ST/STM32CubeIDE_1.10.1/STM32CubeIDE/plugins/com.st.stm32cube.ide.mcu.externaltools.gnu-tools-for-stm32.12.3.rel1.win32_1.0.100.202403111256/tools/bin/../lib/gcc/arm-none-eabi/12.3.1/../../../../arm-none-eabi/lib/thumb/v7e-m+fp/hard\libc_nano.a(libc_a-exit.o)
                              C:/ST/STM32CubeIDE_1.10.1/STM32CubeIDE/plugins/com.st.stm32cube.ide.mcu.externaltools.gnu-tools-for-stm32.12.3.rel1.win32_1.0.100.202403111256/tools/bin/../lib/gcc/arm-none-eabi/12.3.1/../../../../arm-none-eabi/lib/thumb/v7e-m+fp/hard/crt0.o (exit)
C:/ST/STM32CubeIDE_1.10.1/STM32CubeIDE/plugins/com.st.stm32cube.ide.mcu.externaltools.gnu-tools-for-stm32.12.3.rel1.win32_1.0.100.202403111256/tools/bin/../lib/gcc/arm-none-eabi/12.3.1/../../../../arm-none-eabi/lib/thumb/v7e-m+fp/hard\libc_nano.a(libc_a-findfp.o)
                              C:/ST/STM32CubeIDE_1.10.1/STM32CubeIDE/plugins/com.st.stm32cube.ide.mcu.externaltools.gnu-tools-for-stm32.12.3.rel1.win32_1.0.100.202403111256/tools/bin/../lib/gcc/arm-none-eabi/12.3.1/../../../../arm-none-eabi/lib/thumb/v7e-m+fp/hard\libc_nano.a(libc_a-exit.o) (__stdio_exit_handler)
C:/ST/STM32CubeIDE_1.10.1/STM32CubeIDE/plugins/com.st.stm32cube.ide.mcu.externaltools.gnu-tools-for-stm32.12.3.rel1.win32_1.0.100.202403111256/tools/bin/../lib/gcc/arm-none-eabi/12.3.1/../../../../arm-none-eabi/lib/thumb/v7e-m+fp/hard\libc_nano.a(libc_a-fwalk.o)
                              C:/ST/STM32CubeIDE_1.10.1/STM32CubeIDE/plugins/com.st.stm32cube.ide.mcu.externaltools.gnu-tools-for-stm32.12.3.rel1.win32_1.0.100.202403111256/tools/bin/../lib/gcc/arm-none-eabi/12.3.1/../../../../arm-none-eabi/lib/thumb/v7e-m+fp/hard\libc_nano.a(libc_a-findfp.o) (_fwalk_sglue)
C:/ST/STM32CubeIDE_1.10.1/STM32CubeIDE/plugins/com.st.stm32cube.ide.mcu.externaltools.gnu-tools-for-stm32.12.3.rel1.win32_1.0.100.202403111256/tools/bin/../lib/gcc/arm-none-eabi/12.3.1/../../../../arm-none-eabi/lib/thumb/v7e-m+fp/hard\libc_nano.a(libc_a-stdio.o)
                              C:/ST/STM32CubeIDE_1.10.1/STM32CubeIDE/plugins/com.st.stm32cube.ide.mcu.externaltools.gnu-tools-for-stm32.12.3.rel1.win32_1.0.100.202403111256/tools/bin/../lib/gcc/arm-none-eabi/12.3.1/../../../../arm-none-eabi/lib/thumb/v7e-m+fp/hard\libc_nano.a(libc_a-findfp.o) (__sread)
C:/ST/STM32CubeIDE_1.10.1/STM32CubeIDE/plugins/com.st.stm32cube.ide.mcu.externaltools.gnu-tools-for-stm32.12.3.rel1.win32_1.0.100.202403111256/tools/bin/../lib/gcc/arm-none-eabi/12.3.1/../../../../arm-none-eabi/lib/thumb/v7e-m+fp/hard\libc_nano.a(libc_a-memset.o)
                              C:/ST/STM32CubeIDE_1.10.1/STM32CubeIDE/plugins/com.st.stm32cube.ide.mcu.externaltools.gnu-tools-for-stm32.12.3.rel1.win32_1.0.100.202403111256/tools/bin/../lib/gcc/arm-none-eabi/12.3.1/../../../../arm-none-eabi/lib/thumb/v7e-m+fp/hard/crt0.o (memset)
C:/ST/STM32CubeIDE_1.10.1/STM32CubeIDE/plugins/com.st.stm32cube.ide.mcu.externaltools.gnu-tools-for-stm32.12.3.rel1.win32_1.0.100.202403111256/tools/bin/../lib/gcc/arm-none-eabi/12.3.1/../../../../arm-none-eabi/lib/thumb/v7e-m+fp/hard\libc_nano.a(libc_a-closer.o)
                              C:/ST/STM32CubeIDE_1.10.1/STM32CubeIDE/plugins/com.st.stm32cube.ide.mcu.externaltools.gnu-tools-for-stm32.12.3.rel1.win32_1.0.100.202403111256/tools/bin/../lib/gcc/arm-none-eabi/12.3.1/../../../../arm-none-eabi/lib/thumb/v7e-m+fp/hard\libc_nano.a(libc_a-stdio.o) (_close_r)
C:/ST/STM32CubeIDE_1.10.1/STM32CubeIDE/plugins/com.st.stm32cube.ide.mcu.externaltools.gnu-tools-for-stm32.12.3.rel1.win32_1.0.100.202403111256/tools/bin/../lib/gcc/arm-none-eabi/12.3.1/../../../../arm-none-eabi/lib/thumb/v7e-m+fp/hard\libc_nano.a(libc_a-reent.o)
                              C:/ST/STM32CubeIDE_1.10.1/STM32CubeIDE/plugins/com.st.stm32cube.ide.mcu.externaltools.gnu-tools-for-stm32.12.3.rel1.win32_1.0.100.202403111256/tools/bin/../lib/gcc/arm-none-eabi/12.3.1/../../../../arm-none-eabi/lib/thumb/v7e-m+fp/hard\libc_nano.a(libc_a-closer.o) (errno)
C:/ST/STM32CubeIDE_1.10.1/STM32CubeIDE/plugins/com.st.stm32cube.ide.mcu.externaltools.gnu-tools-for-stm32.12.3.rel1.win32_1.0.100.202403111256/tools/bin/../lib/gcc/arm-none-eabi/12.3.1/../../../../arm-none-eabi/lib/thumb/v7e-m+fp/hard\libc_nano.a(libc_a-impure.o)
                              C:/ST/STM32CubeIDE_1.10.1/STM32CubeIDE/plugins/com.st.stm32cube.ide.mcu.externaltools.gnu-tools-for-stm32.12.3.rel1.win32_1.0.100.202403111256/tools/bin/../lib/gcc/arm-none-eabi/12.3.1/../../../../arm-none-eabi/lib/thumb/v7e-m+fp/hard\libc_nano.a(libc_a-reent.o) (_impure_ptr)
C:/ST/STM32CubeIDE_1.10.1/STM32CubeIDE/plugins/com.st.stm32cube.ide.mcu.externaltools.gnu-tools-for-stm32.12.3.rel1.win32_1.0.100.202403111256/tools/bin/../lib/gcc/arm-none-eabi/12.3.1/../../../../arm-none-eabi/lib/thumb/v7e-m+fp/hard\libc_nano.a(libc_a-lseekr.o)
[...]
Memory Configuration

Name             Origin             Length             Attributes
RAM              0x20000000         0x00008000         xrw
FLASH            0x08000000         0x00010000         xr
*default*        0x00000000         0xffffffff

Linker script and memory map

LOAD C:/ST/STM32CubeIDE_1.10.1/STM32CubeIDE/plugins/com.st.stm32cube.ide.mcu.externaltools.gnu-tools-for-stm32.12.3.rel1.win32_1.0.100.202403111256/tools/bin/../lib/gcc/arm-none-eabi/12.3.1/thumb/v7e-m+fp/hard/crti.o
LOAD C:/ST/STM32CubeIDE_1.10.1/STM32CubeIDE/plugins/com.st.stm32cube.ide.mcu.externaltools.gnu-tools-for-stm32.12.3.rel1.win32_1.0.100.202403111256/tools/bin/../lib/gcc/arm-none-eabi/12.3.1/thumb/v7e-m+fp/hard/crtbegin.o
LOAD C:/ST/STM32CubeIDE_1.10.1/STM32CubeIDE/plugins/com.st.stm32cube.ide.mcu.externaltools.gnu-tools-for-stm32.12.3.rel1.win32_1.0.100.202403111256/tools/bin/../lib/gcc/arm-none-eabi/12.3.1/../../../../arm-none-eabi/lib/thumb/v7e-m+fp/hard/crt0.o
LOAD ./Core/Src/Flash/Flash.o
LOAD ./Core/Src/USB/USBCom.o
LOAD ./Core/Src/adc.o
LOAD ./Core/Src/dac.o
LOAD ./Core/Src/gpio.o
LOAD ./Core/Src/main.o
LOAD ./Core/Src/stm32g4xx_hal_msp.o
LOAD ./Core/Src/stm32g4xx_it.o
LOAD ./Core/Src/syscalls.o
LOAD ./Core/Src/sysmem.o
LOAD ./Core/Src/system_stm32g4xx.o
LOAD ./Core/Src/tim.o
LOAD ./Core/Startup/startup_stm32g431k8tx.o
LOAD ./Drivers/STM32G4xx_HAL_Driver/Src/stm32g4xx_hal.o
LOAD ./Drivers/STM32G4xx_HAL_Driver/Src/stm32g4xx_hal_adc.o
LOAD ./Drivers/STM32G4xx_HAL_Driver/Src/stm32g4xx_hal_adc_ex.o
LOAD ./Drivers/STM32G4xx_HAL_Driver/Src/stm32g4xx_hal_cortex.o
LOAD ./Drivers/STM32G4xx_HAL_Driver/Src/stm32g4xx_hal_dac.o
LOAD ./Drivers/STM32G4xx_HAL_Driver/Src/stm32g4xx_hal_dac_ex.o
LOAD ./Drivers/STM32G4xx_HAL_Driver/Src/stm32g4xx_hal_dma.o
LOAD ./Drivers/STM32G4xx_HAL_Driver/Src/stm32g4xx_hal_dma_ex.o
LOAD ./Drivers/STM32G4xx_HAL_Driver/Src/stm32g4xx_hal_exti.o
LOAD ./Drivers/STM32G4xx_HAL_Driver/Src/stm32g4xx_hal_flash.o
LOAD ./Drivers/STM32G4xx_HAL_Driver/Src/stm32g4xx_hal_flash_ex.o
LOAD ./Drivers/STM32G4xx_HAL_Driver/Src/stm32g4xx_hal_flash_ramfunc.o
LOAD ./Drivers/STM32G4xx_HAL_Driver/Src/stm32g4xx_hal_gpio.o
LOAD ./Drivers/STM32G4xx_HAL_Driver/Src/stm32g4xx_hal_pcd.o
LOAD ./Drivers/STM32G4xx_HAL_Driver/Src/stm32g4xx_hal_pcd_ex.o
LOAD ./Drivers/STM32G4xx_HAL_Driver/Src/stm32g4xx_hal_pwr.o
LOAD ./Drivers/STM32G4xx_HAL_Driver/Src/stm32g4xx_hal_pwr_ex.o
LOAD ./Drivers/STM32G4xx_HAL_Driver/Src/stm32g4xx_hal_rcc.o
LOAD ./Drivers/STM32G4xx_HAL_Driver/Src/stm32g4xx_hal_rcc_ex.o
LOAD ./Drivers/STM32G4xx_HAL_Driver/Src/stm32g4xx_hal_tim.o
LOAD ./Drivers/STM32G4xx_HAL_Driver/Src/stm32g4xx_hal_tim_ex.o
LOAD ./Drivers/STM32G4xx_HAL_Driver/Src/stm32g4xx_ll_adc.o
LOAD ./Drivers/STM32G4xx_HAL_Driver/Src/stm32g4xx_ll_usb.o
LOAD ./Middlewares/ST/STM32_USB_Device_Library/Class/CDC/Src/usbd_cdc.o
LOAD ./Middlewares/ST/STM32_USB_Device_Library/Core/Src/usbd_core.o
LOAD ./Middlewares/ST/STM32_USB_Device_Library/Core/Src/usbd_ctlreq.o
LOAD ./Middlewares/ST/STM32_USB_Device_Library/Core/Src/usbd_ioreq.o
LOAD ./USB_Device/App/usb_device.o
LOAD ./USB_Device/App/usbd_cdc_if.o
LOAD ./USB_Device/App/usbd_desc.o
LOAD ./USB_Device/Target/usbd_conf.o
START GROUP
LOAD C:/ST/STM32CubeIDE_1.10.1/STM32CubeIDE/plugins/com.st.stm32cube.ide.mcu.externaltools.gnu-tools-for-stm32.12.3.rel1.win32_1.0.100.202403111256/tools/bin/../lib/gcc/arm-none-eabi/12.3.1/../../../../arm-none-eabi/lib/thumb/v7e-m+fp/hard\libstdc++_nano.a
LOAD C:/ST/STM32CubeIDE_1.10.1/STM32CubeIDE/plugins/com.st.stm32cube.ide.mcu.externaltools.gnu-tools-for-stm32.12.3.rel1.win32_1.0.100.202403111256/tools/bin/../lib/gcc/arm-none-eabi/12.3.1/../../../../arm-none-eabi/lib/thumb/v7e-m+fp/hard\libsupc++_nano.a
END GROUP
LOAD C:/ST/STM32CubeIDE_1.10.1/STM32CubeIDE/plugins/com.st.stm32cube.ide.mcu.externaltools.gnu-tools-for-stm32.12.3.rel1.win32_1.0.100.202403111256/tools/bin/../lib/gcc/arm-none-eabi/12.3.1/../../../../arm-none-eabi/lib/thumb/v7e-m+fp/hard\libstdc++_nano.a
LOAD C:/ST/STM32CubeIDE_1.10.1/STM32CubeIDE/plugins/com.st.stm32cube.ide.mcu.externaltools.gnu-tools-for-stm32.12.3.rel1.win32_1.0.100.202403111256/tools/bin/../lib/gcc/arm-none-eabi/12.3.1/../../../../arm-none-eabi/lib/thumb/v7e-m+fp/hard\libm.a
LOAD C:/ST/STM32CubeIDE_1.10.1/STM32CubeIDE/plugins/com.st.stm32cube.ide.mcu.externaltools.gnu-tools-for-stm32.12.3.rel1.win32_1.0.100.202403111256/tools/bin/../lib/gcc/arm-none-eabi/12.3.1/../../../../arm-none-eabi/lib/thumb/v7e-m+fp/hard\libc_nano.a
START GROUP
LOAD C:/ST/STM32CubeIDE_1.10.1/STM32CubeIDE/plugins/com.st.stm32cube.ide.mcu.externaltools.gnu-tools-for-stm32.12.3.rel1.win32_1.0.100.202403111256/tools/bin/../lib/gcc/arm-none-eabi/12.3.1/thumb/v7e-m+fp/hard\libgcc.a
LOAD C:/ST/STM32CubeIDE_1.10.1/STM32CubeIDE/plugins/com.st.stm32cube.ide.mcu.externaltools.gnu-tools-for-stm32.12.3.rel1.win32_1.0.100.202403111256/tools/bin/../lib/gcc/arm-none-eabi/12.3.1/../../../../arm-none-eabi/lib/thumb/v7e-m+fp/hard\libc_nano.a
END GROUP
START GROUP
LOAD C:/ST/STM32CubeIDE_1.10.1/STM32CubeIDE/plugins/com.st.stm32cube.ide.mcu.externaltools.gnu-tools-for-stm32.12.3.rel1.win32_1.0.100.202403111256/tools/bin/../lib/gcc/arm-none-eabi/12.3.1/thumb/v7e-m+fp/hard\libgcc.a
LOAD C:/ST/STM32CubeIDE_1.10.1/STM32CubeIDE/plugins/com.st.stm32cube.ide.mcu.externaltools.gnu-tools-for-stm32.12.3.rel1.win32_1.0.100.202403111256/tools/bin/../lib/gcc/arm-none-eabi/12.3.1/../../../../arm-none-eabi/lib/thumb/v7e-m+fp/hard\libc_nano.a
LOAD C:/ST/STM32CubeIDE_1.10.1/STM32CubeIDE/plugins/com.st.stm32cube.ide.mcu.externaltools.gnu-tools-for-stm32.12.3.rel1.win32_1.0.100.202403111256/tools/bin/../lib/gcc/arm-none-eabi/12.3.1/../../../../arm-none-eabi/lib/thumb/v7e-m+fp/hard\libnosys.a
END GROUP
START GROUP
LOAD C:/ST/STM32CubeIDE_1.10.1/STM32CubeIDE/plugins/com.st.stm32cube.ide.mcu.externaltools.gnu-tools-for-stm32.12.3.rel1.win32_1.0.100.202403111256/tools/bin/../lib/gcc/arm-none-eabi/12.3.1/thumb/v7e-m+fp/hard\libgcc.a
LOAD C:/ST/STM32CubeIDE_1.10.1/STM32CubeIDE/plugins/com.st.stm32cube.ide.mcu.externaltools.gnu-tools-for-stm32.12.3.rel1.win32_1.0.100.202403111256/tools/bin/../lib/gcc/arm-none-eabi/12.3.1/../../../../arm-none-eabi/lib/thumb/v7e-m+fp/hard\libc_nano.a
LOAD C:/ST/STM32CubeIDE_1.10.1/STM32CubeIDE/plugins/com.st.stm32cube.ide.mcu.externaltools.gnu-tools-for-stm32.12.3.rel1.win32_1.0.100.202403111256/tools/bin/../lib/gcc/arm-none-eabi/12.3.1/../../../../arm-none-eabi/lib/thumb/v7e-m+fp/hard\libnosys.a
END GROUP
LOAD C:/ST/STM32CubeIDE_1.10.1/STM32CubeIDE/plugins/com.st.stm32cube.ide.mcu.externaltools.gnu-tools-for-stm32.12.3.rel1.win32_1.0.100.202403111256/tools/bin/../lib/gcc/arm-none-eabi/12.3.1/thumb/v7e-m+fp/hard/crtend.o
LOAD C:/ST/STM32CubeIDE_1.10.1/STM32CubeIDE/plugins/com.st.stm32cube.ide.mcu.externaltools.gnu-tools-for-stm32.12.3.rel1.win32_1.0.100.202403111256/tools/bin/../lib/gcc/arm-none-eabi/12.3.1/thumb/v7e-m+fp/hard/crtn.o
                0x20008000                        _estack = (ORIGIN (RAM) + LENGTH (RAM))
                0x00000200                        _Min_Heap_Size = 0x200
                0x00000400                        _Min_Stack_Size = 0x400

.isr_vector     0x08000000      0x1d8
                0x08000000                        . = ALIGN (0x4)
 *(.isr_vector)
 .isr_vector    0x08000000      0x1d8 ./Core/Startup/startup_stm32g431k8tx.o
                0x08000000                g_pfnVectors
                0x080001d8                        . = ALIGN (0x4)

.text           0x080001d8     0xbf3c
                0x080001d8                        . = ALIGN (0x4)
 *(.text)
 .text          0x080001d8       0x40 C:/ST/STM32CubeIDE_1.10.1/STM32CubeIDE/plugins/com.st.stm32cube.ide.mcu.externaltools.gnu-tools-for-stm32.12.3.rel1.win32_1.0.100.202403111256/tools/bin/../lib/gcc/arm-none-eabi/12.3.1/thumb/v7e-m+fp/hard/crtbegin.o
 *(.text*)
 .text._ZN5FlashC2Ev
                0x08000218       0x4e ./Core/Src/Flash/Flash.o
                0x08000218                Flash::Flash()
                0x08000218                Flash::Flash()
 .text._ZN5Flash9ReadFlashEv
                0x08000266       0x84 ./Core/Src/Flash/Flash.o
                0x08000266                Flash::ReadFlash()
 .text._ZN5Flash11SaveDefaultEv
                0x080002ea       0x14 ./Core/Src/Flash/Flash.o
                0x080002ea                Flash::SaveDefault()
 .text._ZN5Flash4SaveEv
                0x080002fe      0x106 ./Core/Src/Flash/Flash.o
                0x080002fe                Flash::Save()
 .text._ZN5Flash12GetDacOutputEv
                0x08000404       0x1c ./Core/Src/Flash/Flash.o
                0x08000404                Flash::GetDacOutput()
 .text._ZN5Flash12SetDacOutputEy
                0x08000420       0x22 ./Core/Src/Flash/Flash.o
                0x08000420                Flash::SetDacOutput(unsigned long long)
 .text._ZN5Flash14GetFetOffValueEv
                0x08000442       0x1c ./Core/Src/Flash/Flash.o
                0x08000442                Flash::GetFetOffValue()
 .text._ZN5Flash14SetFetOffValueEy
                0x0800045e       0x22 ./Core/Src/Flash/Flash.o
                0x0800045e                Flash::SetFetOffValue(unsigned long long)
 .text._ZN5Flash13GetFetOnValueEv
                0x08000480       0x1c ./Core/Src/Flash/Flash.o
                0x08000480                Flash::GetFetOnValue()
 .text._ZN5Flash13SetFetOnValueEy
                0x0800049c       0x22 ./Core/Src/Flash/Flash.o
                0x0800049c                Flash::SetFetOnValue(unsigned long long)
 .text._ZN5Flash15IsRelayInvertedEv
                0x080004be       0x1c ./Core/Src/Flash/Flash.o
                0x080004be                Flash::IsRelayInverted()
 .text._ZN5Flash16SetRelayInvertedEy
                0x080004da       0x22 ./Core/Src/Flash/Flash.o
                0x080004da                Flash::SetRelayInverted(unsigned long long)
 .text._ZN7USB_ComC2EP5Flash
                0x080004fc       0x1e ./Core/Src/USB/USBCom.o
                0x080004fc                USB_Com::USB_Com(Flash*)
                0x080004fc                USB_Com::USB_Com(Flash*)
 .text._ZN7USB_Com8TransmitEPhh
                0x0800051a       0x36 ./Core/Src/USB/USBCom.o
                0x0800051a                USB_Com::Transmit(unsigned char*, unsigned char)
 .text._ZN7USB_Com7ReceiveEPhh
                0x08000550      0x1e8 ./Core/Src/USB/USBCom.o
                0x08000550                USB_Com::Receive(unsigned char*, unsigned char)
 .text.MX_ADC2_Init
                0x08000738       0xd0 ./Core/Src/adc.o
                0x08000738                MX_ADC2_Init
 .text.HAL_ADC_MspInit
                0x08000808       0xbc ./Core/Src/adc.o
                0x08000808                HAL_ADC_MspInit
 .text.MX_DAC1_Init
                0x080008c4       0x74 ./Core/Src/dac.o
                0x080008c4                MX_DAC1_Init
 .text.HAL_DAC_MspInit
                0x08000938       0x7c ./Core/Src/dac.o
                0x08000938                HAL_DAC_MspInit
 .text.MX_GPIO_Init
                0x080009b4      0x120 ./Core/Src/gpio.o
                0x080009b4                MX_GPIO_Init
 .text.main     0x08000ad4      0x158 ./Core/Src/main.o
                0x08000ad4                main
 .text._Z18SystemClock_Configv
                0x08000c2c       0xb0 ./Core/Src/main.o
                0x08000c2c                SystemClock_Config()
 .text.HAL_ADC_ConvCpltCallback
                0x08000cdc       0xec ./Core/Src/main.o
                0x08000cdc                HAL_ADC_ConvCpltCallback
 .text.HAL_TIM_PeriodElapsedCallback
                0x08000dc8       0x58 ./Core/Src/main.o
                0x08000dc8                HAL_TIM_PeriodElapsedCallback
 .text.USB_CDC_RX_Interrupt
                0x08000e20       0x30 ./Core/Src/main.o
                0x08000e20                USB_CDC_RX_Interrupt
 .text.Error_Handler
                0x08000e50        0xc ./Core/Src/main.o
                0x08000e50                Error_Handler
 .text._Z41__static_initialization_and_destruction_0ii
                0x08000e5c       0x38 ./Core/Src/main.o
 .text._GLOBAL__sub_I_flash
                0x08000e94       0x10 ./Core/Src/main.o
 .text.HAL_MspInit
                0x08000ea4       0x48 ./Core/Src/stm32g4xx_hal_msp.o
                0x08000ea4                HAL_MspInit
 .text.NMI_Handler
                0x08000eec        0x8 ./Core/Src/stm32g4xx_it.o
                0x08000eec                NMI_Handler
 .text.HardFault_Handler
                0x08000ef4        0x8 ./Core/Src/stm32g4xx_it.o
                0x08000ef4                HardFault_Handler
 .text.MemManage_Handler
                0x08000efc        0x8 ./Core/Src/stm32g4xx_it.o
                0x08000efc                MemManage_Handler
 .text.BusFault_Handler
                0x08000f04        0x8 ./Core/Src/stm32g4xx_it.o
                0x08000f04                BusFault_Handler
 .text.UsageFault_Handler
                0x08000f0c        0x8 ./Core/Src/stm32g4xx_it.o
                0x08000f0c                UsageFault_Handler
 .text.SVC_Handler
                0x08000f14        0xe ./Core/Src/stm32g4xx_it.o
                0x08000f14                SVC_Handler
 .text.DebugMon_Handler
                0x08000f22        0xe ./Core/Src/stm32g4xx_it.o
                0x08000f22                DebugMon_Handler
 .text.PendSV_Handler
                0x08000f30        0xe ./Core/Src/stm32g4xx_it.o
                0x08000f30                PendSV_Handler
 .text.SysTick_Handler
                0x08000f3e        0xc ./Core/Src/stm32g4xx_it.o
                0x08000f3e                SysTick_Handler
 *fill*         0x08000f4a        0x2 
 .text.ADC1_2_IRQHandler
                0x08000f4c       0x14 ./Core/Src/stm32g4xx_it.o
                0x08000f4c                ADC1_2_IRQHandler
 .text.USB_LP_IRQHandler
                0x08000f60       0x14 ./Core/Src/stm32g4xx_it.o
                0x08000f60                USB_LP_IRQHandler
 .text.TIM1_TRG_COM_TIM17_IRQHandler
                0x08000f74       0x14 ./Core/Src/stm32g4xx_it.o
                0x08000f74                TIM1_TRG_COM_TIM17_IRQHandler
 .text.TIM2_IRQHandler
                0x08000f88       0x14 ./Core/Src/stm32g4xx_it.o
                0x08000f88                TIM2_IRQHandler
 .text.SystemInit
                0x08000f9c       0x24 ./Core/Src/system_stm32g4xx.o
                0x08000f9c                SystemInit
 .text.MX_TIM1_Init
                0x08000fc0      0x15c ./Core/Src/tim.o
                0x08000fc0                MX_TIM1_Init
 .text.MX_TIM2_Init
                0x0800111c       0x9c ./Core/Src/tim.o
                0x0800111c                MX_TIM2_Init
 .text.HAL_TIM_Base_MspInit
                0x080011b8       0x80 ./Core/Src/tim.o
                0x080011b8                HAL_TIM_Base_MspInit
 .text.Reset_Handler
                0x08001238       0x50 ./Core/Startup/startup_stm32g431k8tx.o
                0x08001238                Reset_Handler
 .text.Default_Handler
                0x08001288        0x2 ./Core/Startup/startup_stm32g431k8tx.o
                0x08001288                RTC_Alarm_IRQHandler
                0x08001288                EXTI2_IRQHandler
                0x08001288                TIM8_TRG_COM_IRQHandler
                0x08001288                TIM8_CC_IRQHandler
                0x08001288                TIM1_CC_IRQHandler
                0x08001288                USB_HP_IRQHandler
                0x08001288                CORDIC_IRQHandler
                0x08001288                EXTI3_IRQHandler
                0x08001288                I2C3_ER_IRQHandler
                0x08001288                EXTI0_IRQHandler
                0x08001288                I2C2_EV_IRQHandler
                0x08001288                FPU_IRQHandler
                0x08001288                FDCAN1_IT1_IRQHandler
                0x08001288                TIM1_UP_TIM16_IRQHandler
                0x08001288                SPI1_IRQHandler
                0x08001288                TIM6_DAC_IRQHandler
                0x08001288                TIM8_UP_IRQHandler
                0x08001288                DMA2_Channel2_IRQHandler
                0x08001288                DMA1_Channel4_IRQHandler
                0x08001288                USART3_IRQHandler
                0x08001288                TIM4_IRQHandler
                0x08001288                DMA2_Channel1_IRQHandler
                0x08001288                I2C1_EV_IRQHandler
                0x08001288                DMA1_Channel6_IRQHandler
                0x08001288                UART4_IRQHandler
                0x08001288                DMA2_Channel4_IRQHandler
                0x08001288                TIM3_IRQHandler
                0x08001288                RCC_IRQHandler
                0x08001288                DMA1_Channel1_IRQHandler
                0x08001288                Default_Handler
                0x08001288                RTC_TAMP_LSECSS_IRQHandler
                0x08001288                FMAC_IRQHandler
                0x08001288                EXTI15_10_IRQHandler
                0x08001288                TIM7_IRQHandler
                0x08001288                UCPD1_IRQHandler
                0x08001288                I2C3_EV_IRQHandler
                0x08001288                EXTI9_5_IRQHandler
                0x08001288                RTC_WKUP_IRQHandler
                0x08001288                PVD_PVM_IRQHandler
                0x08001288                SPI2_IRQHandler
                0x08001288                DMA2_Channel5_IRQHandler
                0x08001288                CRS_IRQHandler
                0x08001288                DMA1_Channel5_IRQHandler
                0x08001288                EXTI4_IRQHandler
                0x08001288                RNG_IRQHandler
                0x08001288                DMA1_Channel3_IRQHandler
                0x08001288                WWDG_IRQHandler
                0x08001288                LPUART1_IRQHandler
                0x08001288                DMA2_Channel6_IRQHandler
                0x08001288                FDCAN1_IT0_IRQHandler
                0x08001288                COMP1_2_3_IRQHandler
                0x08001288                EXTI1_IRQHandler
                0x08001288                USART2_IRQHandler
                0x08001288                I2C2_ER_IRQHandler
                0x08001288                DMA1_Channel2_IRQHandler
                0x08001288                TIM8_BRK_IRQHandler
                0x08001288                FLASH_IRQHandler
                0x08001288                USART1_IRQHandler
                0x08001288                SPI3_IRQHandler
                0x08001288                I2C1_ER_IRQHandler
                0x08001288                LPTIM1_IRQHandler
                0x08001288                DMAMUX_OVR_IRQHandler
                0x08001288                USBWakeUp_IRQHandler
                0x08001288                SAI1_IRQHandler
                0x08001288                DMA2_Channel3_IRQHandler
                0x08001288                COMP4_IRQHandler
                0x08001288                TIM1_BRK_TIM15_IRQHandler
 .text.HAL_Init
                0x0800128a       0x30 ./Drivers/STM32G4xx_HAL_Driver/Src/stm32g4xx_hal.o
                0x0800128a                HAL_Init
 *fill*         0x080012ba        0x2 
 .text.HAL_InitTick
                0x080012bc       0x74 ./Drivers/STM32G4xx_HAL_Driver/Src/stm32g4xx_hal.o
                0x080012bc                HAL_InitTick
 .text.HAL_IncTick
                0x08001330       0x24 ./Drivers/STM32G4xx_HAL_Driver/Src/stm32g4xx_hal.o
                0x08001330                HAL_IncTick
 .text.HAL_GetTick
                0x08001354       0x18 ./Drivers/STM32G4xx_HAL_Driver/Src/stm32g4xx_hal.o
                0x08001354                HAL_GetTick
 .text.HAL_Delay
                0x0800136c       0x44 ./Drivers/STM32G4xx_HAL_Driver/Src/stm32g4xx_hal.o
                0x0800136c                HAL_Delay
 .text.LL_ADC_SetCommonClock
                0x080013b0       0x26 ./Drivers/STM32G4xx_HAL_Driver/Src/stm32g4xx_hal_adc.o
 .text.LL_ADC_SetCommonPathInternalCh
                0x080013d6       0x26 ./Drivers/STM32G4xx_HAL_Driver/Src/stm32g4xx_hal_adc.o
 .text.LL_ADC_GetCommonPathInternalCh
                0x080013fc       0x1c ./Drivers/STM32G4xx_HAL_Driver/Src/stm32g4xx_hal_adc.o
 .text.LL_ADC_SetOffset
                0x08001418       0x48 ./Drivers/STM32G4xx_HAL_Driver/Src/stm32g4xx_hal_adc.o
 .text.LL_ADC_GetOffsetChannel
                0x08001460       0x2c ./Drivers/STM32G4xx_HAL_Driver/Src/stm32g4xx_hal_adc.o
 .text.LL_ADC_SetOffsetState
                0x0800148c       0x36 ./Drivers/STM32G4xx_HAL_Driver/Src/stm32g4xx_hal_adc.o
 .text.LL_ADC_SetOffsetSign
                0x080014c2       0x36 ./Drivers/STM32G4xx_HAL_Driver/Src/stm32g4xx_hal_adc.o
 .text.LL_ADC_SetOffsetSaturation
                0x080014f8       0x36 ./Drivers/STM32G4xx_HAL_Driver/Src/stm32g4xx_hal_adc.o
 .text.LL_ADC_SetSamplingTimeCommonConfig
                0x0800152e       0x26 ./Drivers/STM32G4xx_HAL_Driver/Src/stm32g4xx_hal_adc.o
 .text.LL_ADC_REG_IsTriggerSourceSWStart
                0x08001554       0x26 ./Drivers/STM32G4xx_HAL_Driver/Src/stm32g4xx_hal_adc.o
 .text.LL_ADC_REG_SetSequencerRanks
                0x0800157a       0x58 ./Drivers/STM32G4xx_HAL_Driver/Src/stm32g4xx_hal_adc.o
 .text.LL_ADC_INJ_IsTriggerSourceSWStart
                0x080015d2       0x26 ./Drivers/STM32G4xx_HAL_Driver/Src/stm32g4xx_hal_adc.o
 .text.LL_ADC_SetChannelSamplingTime
                0x080015f8       0x56 ./Drivers/STM32G4xx_HAL_Driver/Src/stm32g4xx_hal_adc.o
 *fill*         0x0800164e        0x2 
 .text.LL_ADC_SetChannelSingleDiff
                0x08001650       0x50 ./Drivers/STM32G4xx_HAL_Driver/Src/stm32g4xx_hal_adc.o
 .text.LL_ADC_GetMultimode
                0x080016a0       0x1c ./Drivers/STM32G4xx_HAL_Driver/Src/stm32g4xx_hal_adc.o
 .text.LL_ADC_GetMultiDMATransfer
                0x080016bc       0x1c ./Drivers/STM32G4xx_HAL_Driver/Src/stm32g4xx_hal_adc.o
 .text.LL_ADC_DisableDeepPowerDown
                0x080016d8       0x24 ./Drivers/STM32G4xx_HAL_Driver/Src/stm32g4xx_hal_adc.o
 .text.LL_ADC_IsDeepPowerDownEnabled
                0x080016fc       0x28 ./Drivers/STM32G4xx_HAL_Driver/Src/stm32g4xx_hal_adc.o
 .text.LL_ADC_EnableInternalRegulator
                0x08001724       0x28 ./Drivers/STM32G4xx_HAL_Driver/Src/stm32g4xx_hal_adc.o
 .text.LL_ADC_IsInternalRegulatorEnabled
                0x0800174c       0x28 ./Drivers/STM32G4xx_HAL_Driver/Src/stm32g4xx_hal_adc.o
 .text.LL_ADC_Enable
                0x08001774       0x28 ./Drivers/STM32G4xx_HAL_Driver/Src/stm32g4xx_hal_adc.o
 .text.LL_ADC_IsEnabled
                0x0800179c       0x26 ./Drivers/STM32G4xx_HAL_Driver/Src/stm32g4xx_hal_adc.o
 .text.LL_ADC_REG_StartConversion
                0x080017c2       0x28 ./Drivers/STM32G4xx_HAL_Driver/Src/stm32g4xx_hal_adc.o
 .text.LL_ADC_REG_IsConversionOngoing
                0x080017ea       0x26 ./Drivers/STM32G4xx_HAL_Driver/Src/stm32g4xx_hal_adc.o
 .text.LL_ADC_INJ_IsConversionOngoing
                0x08001810       0x26 ./Drivers/STM32G4xx_HAL_Driver/Src/stm32g4xx_hal_adc.o
 *fill*         0x08001836        0x2 
 .text.HAL_ADC_Init
                0x08001838      0x314 ./Drivers/STM32G4xx_HAL_Driver/Src/stm32g4xx_hal_adc.o
                0x08001838                HAL_ADC_Init
 .text.HAL_ADC_Start_IT
                0x08001b4c      0x260 ./Drivers/STM32G4xx_HAL_Driver/Src/stm32g4xx_hal_adc.o
                0x08001b4c                HAL_ADC_Start_IT
 .text.HAL_ADC_GetValue
                0x08001dac       0x1a ./Drivers/STM32G4xx_HAL_Driver/Src/stm32g4xx_hal_adc.o
                0x08001dac                HAL_ADC_GetValue
 *fill*         0x08001dc6        0x2 
 .text.HAL_ADC_IRQHandler
                0x08001dc8      0x434 ./Drivers/STM32G4xx_HAL_Driver/Src/stm32g4xx_hal_adc.o
                0x08001dc8                HAL_ADC_IRQHandler
 .text.HAL_ADC_LevelOutOfWindowCallback
                0x080021fc       0x14 ./Drivers/STM32G4xx_HAL_Driver/Src/stm32g4xx_hal_adc.o
                0x080021fc                HAL_ADC_LevelOutOfWindowCallback
 .text.HAL_ADC_ErrorCallback
                0x08002210       0x14 ./Drivers/STM32G4xx_HAL_Driver/Src/stm32g4xx_hal_adc.o
                0x08002210                HAL_ADC_ErrorCallback
 .text.HAL_ADC_ConfigChannel
                0x08002224      0x7e0 ./Drivers/STM32G4xx_HAL_Driver/Src/stm32g4xx_hal_adc.o
                0x08002224                HAL_ADC_ConfigChannel
 .text.ADC_Enable
                0x08002a04       0xc4 ./Drivers/STM32G4xx_HAL_Driver/Src/stm32g4xx_hal_adc.o
                0x08002a04                ADC_Enable
 .text.HAL_ADCEx_InjectedConvCpltCallback
                0x08002ac8       0x14 ./Drivers/STM32G4xx_HAL_Driver/Src/stm32g4xx_hal_adc_ex.o
                0x08002ac8                HAL_ADCEx_InjectedConvCpltCallback
 .text.HAL_ADCEx_InjectedQueueOverflowCallback
                0x08002adc       0x14 ./Drivers/STM32G4xx_HAL_Driver/Src/stm32g4xx_hal_adc_ex.o
                0x08002adc                HAL_ADCEx_InjectedQueueOverflowCallback
 .text.HAL_ADCEx_LevelOutOfWindow2Callback
                0x08002af0       0x14 ./Drivers/STM32G4xx_HAL_Driver/Src/stm32g4xx_hal_adc_ex.o
                0x08002af0                HAL_ADCEx_LevelOutOfWindow2Callback
 .text.HAL_ADCEx_LevelOutOfWindow3Callback
                0x08002b04       0x14 ./Drivers/STM32G4xx_HAL_Driver/Src/stm32g4xx_hal_adc_ex.o
                0x08002b04                HAL_ADCEx_LevelOutOfWindow3Callback
 .text.HAL_ADCEx_EndOfSamplingCallback
                0x08002b18       0x14 ./Drivers/STM32G4xx_HAL_Driver/Src/stm32g4xx_hal_adc_ex.o
                0x08002b18                HAL_ADCEx_EndOfSamplingCallback
 .text.__NVIC_SetPriorityGrouping
                0x08002b2c       0x48 ./Drivers/STM32G4xx_HAL_Driver/Src/stm32g4xx_hal_cortex.o
 .text.__NVIC_GetPriorityGrouping
                0x08002b74       0x1c ./Drivers/STM32G4xx_HAL_Driver/Src/stm32g4xx_hal_cortex.o
 .text.__NVIC_EnableIRQ
                0x08002b90       0x3c ./Drivers/STM32G4xx_HAL_Driver/Src/stm32g4xx_hal_cortex.o
 .text.__NVIC_SetPriority
                0x08002bcc       0x54 ./Drivers/STM32G4xx_HAL_Driver/Src/stm32g4xx_hal_cortex.o
 .text.NVIC_EncodePriority
                0x08002c20       0x66 ./Drivers/STM32G4xx_HAL_Driver/Src/stm32g4xx_hal_cortex.o
 *fill*         0x08002c86        0x2 
 .text.SysTick_Config
                0x08002c88       0x44 ./Drivers/STM32G4xx_HAL_Driver/Src/stm32g4xx_hal_cortex.o
 .text.HAL_NVIC_SetPriorityGrouping
                0x08002ccc       0x16 ./Drivers/STM32G4xx_HAL_Driver/Src/stm32g4xx_hal_cortex.o
                0x08002ccc                HAL_NVIC_SetPriorityGrouping
 .text.HAL_NVIC_SetPriority
                0x08002ce2       0x34 ./Drivers/STM32G4xx_HAL_Driver/Src/stm32g4xx_hal_cortex.o
                0x08002ce2                HAL_NVIC_SetPriority
 .text.HAL_NVIC_EnableIRQ
                0x08002d16       0x1c ./Drivers/STM32G4xx_HAL_Driver/Src/stm32g4xx_hal_cortex.o
                0x08002d16                HAL_NVIC_EnableIRQ
 .text.HAL_SYSTICK_Config
                0x08002d32       0x18 ./Drivers/STM32G4xx_HAL_Driver/Src/stm32g4xx_hal_cortex.o
                0x08002d32                HAL_SYSTICK_Config
 .text.HAL_DAC_Init
                0x08002d4a       0x44 ./Drivers/STM32G4xx_HAL_Driver/Src/stm32g4xx_hal_dac.o
                0x08002d4a                HAL_DAC_Init
 .text.HAL_DAC_Start
                0x08002d8e       0xa6 ./Drivers/STM32G4xx_HAL_Driver/Src/stm32g4xx_hal_dac.o
                0x08002d8e                HAL_DAC_Start
 .text.HAL_DAC_SetValue
                0x08002e34       0x50 ./Drivers/STM32G4xx_HAL_Driver/Src/stm32g4xx_hal_dac.o
                0x08002e34                HAL_DAC_SetValue
 .text.HAL_DAC_ConfigChannel
                0x08002e84      0x350 ./Drivers/STM32G4xx_HAL_Driver/Src/stm32g4xx_hal_dac.o
                0x08002e84                HAL_DAC_ConfigChannel
 .text.HAL_FLASH_Program
                0x080031d4       0xac ./Drivers/STM32G4xx_HAL_Driver/Src/stm32g4xx_hal_flash.o
                0x080031d4                HAL_FLASH_Program
 .text.HAL_FLASH_Unlock
                0x08003280       0x44 ./Drivers/STM32G4xx_HAL_Driver/Src/stm32g4xx_hal_flash.o
                0x08003280                HAL_FLASH_Unlock
 .text.HAL_FLASH_Lock
                0x080032c4       0x34 ./Drivers/STM32G4xx_HAL_Driver/Src/stm32g4xx_hal_flash.o
                0x080032c4                HAL_FLASH_Lock
 .text.FLASH_WaitForLastOperation
                0x080032f8       0xa4 ./Drivers/STM32G4xx_HAL_Driver/Src/stm32g4xx_hal_flash.o
                0x080032f8                FLASH_WaitForLastOperation
 .text.FLASH_Program_DoubleWord
                0x0800339c       0x4c ./Drivers/STM32G4xx_HAL_Driver/Src/stm32g4xx_hal_flash.o
 .text.FLASH_Program_Fast
                0x080033e8       0x6c ./Drivers/STM32G4xx_HAL_Driver/Src/stm32g4xx_hal_flash.o
 .text.HAL_FLASHEx_Erase
                0x08003454      0x130 ./Drivers/STM32G4xx_HAL_Driver/Src/stm32g4xx_hal_flash_ex.o
                0x08003454                HAL_FLASHEx_Erase
 .text.FLASH_MassErase
                0x08003584       0x3c ./Drivers/STM32G4xx_HAL_Driver/Src/stm32g4xx_hal_flash_ex.o
 .text.FLASH_PageErase
                0x080035c0       0x48 ./Drivers/STM32G4xx_HAL_Driver/Src/stm32g4xx_hal_flash_ex.o
                0x080035c0                FLASH_PageErase
 .text.FLASH_FlushCaches
                0x08003608       0x94 ./Drivers/STM32G4xx_HAL_Driver/Src/stm32g4xx_hal_flash_ex.o
                0x08003608                FLASH_FlushCaches
 .text.HAL_GPIO_Init
                0x0800369c      0x304 ./Drivers/STM32G4xx_HAL_Driver/Src/stm32g4xx_hal_gpio.o
                0x0800369c                HAL_GPIO_Init
 .text.HAL_GPIO_WritePin
                0x080039a0       0x30 ./Drivers/STM32G4xx_HAL_Driver/Src/stm32g4xx_hal_gpio.o
                0x080039a0                HAL_GPIO_WritePin
 .text.HAL_PCD_Init
                0x080039d0      0x1ca ./Drivers/STM32G4xx_HAL_Driver/Src/stm32g4xx_hal_pcd.o
                0x080039d0                HAL_PCD_Init
 .text.HAL_PCD_Start
                0x08003b9a       0x44 ./Drivers/STM32G4xx_HAL_Driver/Src/stm32g4xx_hal_pcd.o
                0x08003b9a                HAL_PCD_Start
 .text.HAL_PCD_IRQHandler
                0x08003bde      0x24e ./Drivers/STM32G4xx_HAL_Driver/Src/stm32g4xx_hal_pcd.o
                0x08003bde                HAL_PCD_IRQHandler
 .text.HAL_PCD_SetAddress
                0x08003e2c       0x4a ./Drivers/STM32G4xx_HAL_Driver/Src/stm32g4xx_hal_pcd.o
                0x08003e2c                HAL_PCD_SetAddress
 .text.HAL_PCD_EP_Open
                0x08003e76       0xcc ./Drivers/STM32G4xx_HAL_Driver/Src/stm32g4xx_hal_pcd.o
                0x08003e76                HAL_PCD_EP_Open
 .text.HAL_PCD_EP_Close
                0x08003f42       0x90 ./Drivers/STM32G4xx_HAL_Driver/Src/stm32g4xx_hal_pcd.o
                0x08003f42                HAL_PCD_EP_Close
 .text.HAL_PCD_EP_Receive
                0x08003fd2       0x7a ./Drivers/STM32G4xx_HAL_Driver/Src/stm32g4xx_hal_pcd.o
                0x08003fd2                HAL_PCD_EP_Receive
 .text.HAL_PCD_EP_GetRxCount
                0x0800404c       0x30 ./Drivers/STM32G4xx_HAL_Driver/Src/stm32g4xx_hal_pcd.o
                0x0800404c                HAL_PCD_EP_GetRxCount
 .text.HAL_PCD_EP_Transmit
                0x0800407c       0x86 ./Drivers/STM32G4xx_HAL_Driver/Src/stm32g4xx_hal_pcd.o
                0x0800407c                HAL_PCD_EP_Transmit
 .text.HAL_PCD_EP_SetStall
                0x08004102       0xa4 ./Drivers/STM32G4xx_HAL_Driver/Src/stm32g4xx_hal_pcd.o
                0x08004102                HAL_PCD_EP_SetStall
 .text.HAL_PCD_EP_ClrStall
                0x080041a6       0xa8 ./Drivers/STM32G4xx_HAL_Driver/Src/stm32g4xx_hal_pcd.o
                0x080041a6                HAL_PCD_EP_ClrStall
 .text.PCD_EP_ISR_Handler
                0x0800424e      0x75e ./Drivers/STM32G4xx_HAL_Driver/Src/stm32g4xx_hal_pcd.o
 .text.HAL_PCD_EP_DB_Receive
                0x080049ac      0x212 ./Drivers/STM32G4xx_HAL_Driver/Src/stm32g4xx_hal_pcd.o
 .text.HAL_PCD_EP_DB_Transmit
                0x08004bbe      0x79c ./Drivers/STM32G4xx_HAL_Driver/Src/stm32g4xx_hal_pcd.o
 .text.HAL_PCDEx_PMAConfig
                0x0800535a       0x86 ./Drivers/STM32G4xx_HAL_Driver/Src/stm32g4xx_hal_pcd_ex.o
                0x0800535a                HAL_PCDEx_PMAConfig
 .text.HAL_PCDEx_ActivateLPM
                0x080053e0       0x54 ./Drivers/STM32G4xx_HAL_Driver/Src/stm32g4xx_hal_pcd_ex.o
                0x080053e0                HAL_PCDEx_ActivateLPM
 .text.HAL_PWREx_ControlVoltageScaling
                0x08005434      0x148 ./Drivers/STM32G4xx_HAL_Driver/Src/stm32g4xx_hal_pwr_ex.o
                0x08005434                HAL_PWREx_ControlVoltageScaling
 .text.HAL_PWREx_DisableUCPDDeadBattery
                0x0800557c       0x20 ./Drivers/STM32G4xx_HAL_Driver/Src/stm32g4xx_hal_pwr_ex.o
                0x0800557c                HAL_PWREx_DisableUCPDDeadBattery
 .text.HAL_RCC_OscConfig
                0x0800559c      0x630 ./Drivers/STM32G4xx_HAL_Driver/Src/stm32g4xx_hal_rcc.o
                0x0800559c                HAL_RCC_OscConfig
 .text.HAL_RCC_ClockConfig
                0x08005bcc      0x278 ./Drivers/STM32G4xx_HAL_Driver/Src/stm32g4xx_hal_rcc.o
                0x08005bcc                HAL_RCC_ClockConfig
 .text.HAL_RCC_GetSysClockFreq
                0x08005e44       0xc4 ./Drivers/STM32G4xx_HAL_Driver/Src/stm32g4xx_hal_rcc.o
                0x08005e44                HAL_RCC_GetSysClockFreq
 .text.HAL_RCC_GetHCLKFreq
                0x08005f08       0x18 ./Drivers/STM32G4xx_HAL_Driver/Src/stm32g4xx_hal_rcc.o
                0x08005f08                HAL_RCC_GetHCLKFreq
 .text.RCC_GetSysClockFreqFromPLLSource
                0x08005f20       0x8c ./Drivers/STM32G4xx_HAL_Driver/Src/stm32g4xx_hal_rcc.o
 .text.HAL_RCCEx_PeriphCLKConfig
                0x08005fac      0x3e0 ./Drivers/STM32G4xx_HAL_Driver/Src/stm32g4xx_hal_rcc_ex.o
                0x08005fac                HAL_RCCEx_PeriphCLKConfig
 .text.HAL_TIM_Base_Init
                0x0800638c       0xae ./Drivers/STM32G4xx_HAL_Driver/Src/stm32g4xx_hal_tim.o
                0x0800638c                HAL_TIM_Base_Init
 *fill*         0x0800643a        0x2 
 .text.HAL_TIM_Base_Start_IT
                0x0800643c       0xd4 ./Drivers/STM32G4xx_HAL_Driver/Src/stm32g4xx_hal_tim.o
                0x0800643c                HAL_TIM_Base_Start_IT
 .text.HAL_TIM_PWM_Init
                0x08006510       0xae ./Drivers/STM32G4xx_HAL_Driver/Src/stm32g4xx_hal_tim.o
                0x08006510                HAL_TIM_PWM_Init
 .text.HAL_TIM_PWM_MspInit
                0x080065be       0x14 ./Drivers/STM32G4xx_HAL_Driver/Src/stm32g4xx_hal_tim.o
                0x080065be                HAL_TIM_PWM_MspInit
 .text.HAL_TIM_IRQHandler
                0x080065d2      0x2fe ./Drivers/STM32G4xx_HAL_Driver/Src/stm32g4xx_hal_tim.o
                0x080065d2                HAL_TIM_IRQHandler
 .text.HAL_TIM_PWM_ConfigChannel
                0x080068d0      0x228 ./Drivers/STM32G4xx_HAL_Driver/Src/stm32g4xx_hal_tim.o
                0x080068d0                HAL_TIM_PWM_ConfigChannel
 .text.HAL_TIM_ConfigClockSource
                0x08006af8      0x1f4 ./Drivers/STM32G4xx_HAL_Driver/Src/stm32g4xx_hal_tim.o
                0x08006af8                HAL_TIM_ConfigClockSource
 .text.HAL_TIM_OC_DelayElapsedCallback
                0x08006cec       0x14 ./Drivers/STM32G4xx_HAL_Driver/Src/stm32g4xx_hal_tim.o
                0x08006cec                HAL_TIM_OC_DelayElapsedCallback
 .text.HAL_TIM_IC_CaptureCallback
                0x08006d00       0x14 ./Drivers/STM32G4xx_HAL_Driver/Src/stm32g4xx_hal_tim.o
                0x08006d00                HAL_TIM_IC_CaptureCallback
 .text.HAL_TIM_PWM_PulseFinishedCallback
                0x08006d14       0x14 ./Drivers/STM32G4xx_HAL_Driver/Src/stm32g4xx_hal_tim.o
                0x08006d14                HAL_TIM_PWM_PulseFinishedCallback
 .text.HAL_TIM_TriggerCallback
                0x08006d28       0x14 ./Drivers/STM32G4xx_HAL_Driver/Src/stm32g4xx_hal_tim.o
                0x08006d28                HAL_TIM_TriggerCallback
 .text.TIM_Base_SetConfig
                0x08006d3c      0x120 ./Drivers/STM32G4xx_HAL_Driver/Src/stm32g4xx_hal_tim.o
                0x08006d3c                TIM_Base_SetConfig
 .text.TIM_OC1_SetConfig
                0x08006e5c      0x120 ./Drivers/STM32G4xx_HAL_Driver/Src/stm32g4xx_hal_tim.o
 .text.TIM_OC2_SetConfig
                0x08006f7c      0x114 ./Drivers/STM32G4xx_HAL_Driver/Src/stm32g4xx_hal_tim.o
                0x08006f7c                TIM_OC2_SetConfig
 .text.TIM_OC3_SetConfig
                0x08007090      0x110 ./Drivers/STM32G4xx_HAL_Driver/Src/stm32g4xx_hal_tim.o
 .text.TIM_OC4_SetConfig
                0x080071a0      0x114 ./Drivers/STM32G4xx_HAL_Driver/Src/stm32g4xx_hal_tim.o
 .text.TIM_OC5_SetConfig
                0x080072b4       0xc8 ./Drivers/STM32G4xx_HAL_Driver/Src/stm32g4xx_hal_tim.o
 .text.TIM_OC6_SetConfig
                0x0800737c       0xcc ./Drivers/STM32G4xx_HAL_Driver/Src/stm32g4xx_hal_tim.o
 .text.TIM_TI1_ConfigInputStage
                0x08007448       0x5e ./Drivers/STM32G4xx_HAL_Driver/Src/stm32g4xx_hal_tim.o
 .text.TIM_TI2_ConfigInputStage
                0x080074a6       0x60 ./Drivers/STM32G4xx_HAL_Driver/Src/stm32g4xx_hal_tim.o
 .text.TIM_ITRx_SetConfig
                0x08007506       0x3a ./Drivers/STM32G4xx_HAL_Driver/Src/stm32g4xx_hal_tim.o
 .text.TIM_ETR_SetConfig
                0x08007540       0x40 ./Drivers/STM32G4xx_HAL_Driver/Src/stm32g4xx_hal_tim.o
                0x08007540                TIM_ETR_SetConfig
 .text.HAL_TIMEx_MasterConfigSynchronization
                0x08007580      0x104 ./Drivers/STM32G4xx_HAL_Driver/Src/stm32g4xx_hal_tim_ex.o
                0x08007580                HAL_TIMEx_MasterConfigSynchronization
 .text.HAL_TIMEx_ConfigBreakDeadTime
                0x08007684      0x140 ./Drivers/STM32G4xx_HAL_Driver/Src/stm32g4xx_hal_tim_ex.o
                0x08007684                HAL_TIMEx_ConfigBreakDeadTime
 .text.HAL_TIMEx_CommutCallback
                0x080077c4       0x14 ./Drivers/STM32G4xx_HAL_Driver/Src/stm32g4xx_hal_tim_ex.o
                0x080077c4                HAL_TIMEx_CommutCallback
 .text.HAL_TIMEx_BreakCallback
                0x080077d8       0x14 ./Drivers/STM32G4xx_HAL_Driver/Src/stm32g4xx_hal_tim_ex.o
                0x080077d8                HAL_TIMEx_BreakCallback
 .text.HAL_TIMEx_Break2Callback
                0x080077ec       0x14 ./Drivers/STM32G4xx_HAL_Driver/Src/stm32g4xx_hal_tim_ex.o
                0x080077ec                HAL_TIMEx_Break2Callback
 .text.HAL_TIMEx_EncoderIndexCallback
                0x08007800       0x14 ./Drivers/STM32G4xx_HAL_Driver/Src/stm32g4xx_hal_tim_ex.o
                0x08007800                HAL_TIMEx_EncoderIndexCallback
 .text.HAL_TIMEx_DirectionChangeCallback
                0x08007814       0x14 ./Drivers/STM32G4xx_HAL_Driver/Src/stm32g4xx_hal_tim_ex.o
                0x08007814                HAL_TIMEx_DirectionChangeCallback
 .text.HAL_TIMEx_IndexErrorCallback
                0x08007828       0x14 ./Drivers/STM32G4xx_HAL_Driver/Src/stm32g4xx_hal_tim_ex.o
                0x08007828                HAL_TIMEx_IndexErrorCallback
 .text.HAL_TIMEx_TransitionErrorCallback
                0x0800783c       0x14 ./Drivers/STM32G4xx_HAL_Driver/Src/stm32g4xx_hal_tim_ex.o
                0x0800783c                HAL_TIMEx_TransitionErrorCallback
 .text.USB_EnableGlobalInt
                0x08007850       0x2e ./Drivers/STM32G4xx_HAL_Driver/Src/stm32g4xx_ll_usb.o
                0x08007850                USB_EnableGlobalInt
 .text.USB_DisableGlobalInt
                0x0800787e       0x36 ./Drivers/STM32G4xx_HAL_Driver/Src/stm32g4xx_ll_usb.o
                0x0800787e                USB_DisableGlobalInt
 .text.USB_DevInit
                0x080078b4       0x42 ./Drivers/STM32G4xx_HAL_Driver/Src/stm32g4xx_ll_usb.o
                0x080078b4                USB_DevInit
 *fill*         0x080078f6        0x2 
 .text.USB_ActivateEndpoint
                0x080078f8      0x728 ./Drivers/STM32G4xx_HAL_Driver/Src/stm32g4xx_ll_usb.o
                0x080078f8                USB_ActivateEndpoint
 .text.USB_DeactivateEndpoint
                0x08008020      0x3da ./Drivers/STM32G4xx_HAL_Driver/Src/stm32g4xx_ll_usb.o
                0x08008020                USB_DeactivateEndpoint
 .text.USB_EPStartXfer
                0x080083fa     0x166c ./Drivers/STM32G4xx_HAL_Driver/Src/stm32g4xx_ll_usb.o
                0x080083fa                USB_EPStartXfer
 .text.USB_EPSetStall
                0x08009a66       0xa2 ./Drivers/STM32G4xx_HAL_Driver/Src/stm32g4xx_ll_usb.o
                0x08009a66                USB_EPSetStall
 .text.USB_EPClearStall
                0x08009b08      0x15c ./Drivers/STM32G4xx_HAL_Driver/Src/stm32g4xx_ll_usb.o
                0x08009b08                USB_EPClearStall
 .text.USB_SetDevAddress
                0x08009c64       0x28 ./Drivers/STM32G4xx_HAL_Driver/Src/stm32g4xx_ll_usb.o
                0x08009c64                USB_SetDevAddress
 .text.USB_DevConnect
                0x08009c8c       0x2e ./Drivers/STM32G4xx_HAL_Driver/Src/stm32g4xx_ll_usb.o
                0x08009c8c                USB_DevConnect
 .text.USB_ReadInterrupts
                0x08009cba       0x20 ./Drivers/STM32G4xx_HAL_Driver/Src/stm32g4xx_ll_usb.o
                0x08009cba                USB_ReadInterrupts
 .text.USB_WritePMA
                0x08009cda       0x82 ./Drivers/STM32G4xx_HAL_Driver/Src/stm32g4xx_ll_usb.o
                0x08009cda                USB_WritePMA
 .text.USB_ReadPMA
                0x08009d5c       0x98 ./Drivers/STM32G4xx_HAL_Driver/Src/stm32g4xx_ll_usb.o
                0x08009d5c                USB_ReadPMA
 .text.USBD_CDC_Init
                0x08009df4       0xfe ./Middlewares/ST/STM32_USB_Device_Library/Class/CDC/Src/usbd_cdc.o
 .text.USBD_CDC_DeInit
                0x08009ef2       0x74 ./Middlewares/ST/STM32_USB_Device_Library/Class/CDC/Src/usbd_cdc.o
 *fill*         0x08009f66        0x2 
 .text.USBD_CDC_Setup
                0x08009f68      0x190 ./Middlewares/ST/STM32_USB_Device_Library/Class/CDC/Src/usbd_cdc.o
 .text.USBD_CDC_DataIn
                0x0800a0f8       0xca ./Middlewares/ST/STM32_USB_Device_Library/Class/CDC/Src/usbd_cdc.o
 .text.USBD_CDC_DataOut
                0x0800a1c2       0x56 ./Middlewares/ST/STM32_USB_Device_Library/Class/CDC/Src/usbd_cdc.o
 .text.USBD_CDC_EP0_RxReady
                0x0800a218       0x58 ./Middlewares/ST/STM32_USB_Device_Library/Class/CDC/Src/usbd_cdc.o
 .text.USBD_CDC_GetFSCfgDesc
                0x0800a270       0x20 ./Middlewares/ST/STM32_USB_Device_Library/Class/CDC/Src/usbd_cdc.o
 .text.USBD_CDC_GetHSCfgDesc
                0x0800a290       0x20 ./Middlewares/ST/STM32_USB_Device_Library/Class/CDC/Src/usbd_cdc.o
 .text.USBD_CDC_GetOtherSpeedCfgDesc
                0x0800a2b0       0x20 ./Middlewares/ST/STM32_USB_Device_Library/Class/CDC/Src/usbd_cdc.o
 .text.USBD_CDC_GetDeviceQualifierDescriptor
                0x0800a2d0       0x20 ./Middlewares/ST/STM32_USB_Device_Library/Class/CDC/Src/usbd_cdc.o
                0x0800a2d0                USBD_CDC_GetDeviceQualifierDescriptor
 .text.USBD_CDC_RegisterInterface
                0x0800a2f0       0x2a ./Middlewares/ST/STM32_USB_Device_Library/Class/CDC/Src/usbd_cdc.o
                0x0800a2f0                USBD_CDC_RegisterInterface
 .text.USBD_CDC_SetTxBuffer
                0x0800a31a       0x3c ./Middlewares/ST/STM32_USB_Device_Library/Class/CDC/Src/usbd_cdc.o
                0x0800a31a                USBD_CDC_SetTxBuffer
 .text.USBD_CDC_SetRxBuffer
                0x0800a356       0x32 ./Middlewares/ST/STM32_USB_Device_Library/Class/CDC/Src/usbd_cdc.o
                0x0800a356                USBD_CDC_SetRxBuffer
 .text.USBD_CDC_TransmitPacket
                0x0800a388       0x60 ./Middlewares/ST/STM32_USB_Device_Library/Class/CDC/Src/usbd_cdc.o
                0x0800a388                USBD_CDC_TransmitPacket
 .text.USBD_CDC_ReceivePacket
                0x0800a3e8       0x54 ./Middlewares/ST/STM32_USB_Device_Library/Class/CDC/Src/usbd_cdc.o
                0x0800a3e8                USBD_CDC_ReceivePacket
 .text.USBD_Init
                0x0800a43c       0x60 ./Middlewares/ST/STM32_USB_Device_Library/Core/Src/usbd_core.o
                0x0800a43c                USBD_Init
 .text.USBD_RegisterClass
                0x0800a49c       0x4e ./Middlewares/ST/STM32_USB_Device_Library/Core/Src/usbd_core.o
                0x0800a49c                USBD_RegisterClass
 .text.USBD_Start
                0x0800a4ea       0x18 ./Middlewares/ST/STM32_USB_Device_Library/Core/Src/usbd_core.o
                0x0800a4ea                USBD_Start
 .text.USBD_RunTestMode
                0x0800a502       0x16 ./Middlewares/ST/STM32_USB_Device_Library/Core/Src/usbd_core.o
                0x0800a502                USBD_RunTestMode
 .text.USBD_SetClassConfig
                0x0800a518       0x38 ./Middlewares/ST/STM32_USB_Device_Library/Core/Src/usbd_core.o
                0x0800a518                USBD_SetClassConfig
 .text.USBD_ClrClassConfig
                0x0800a550       0x30 ./Middlewares/ST/STM32_USB_Device_Library/Core/Src/usbd_core.o
                0x0800a550                USBD_ClrClassConfig
 .text.USBD_LL_SetupStage
                0x0800a580       0xaa ./Middlewares/ST/STM32_USB_Device_Library/Core/Src/usbd_core.o
                0x0800a580                USBD_LL_SetupStage
 .text.USBD_LL_DataOutStage
                0x0800a62a       0xc6 ./Middlewares/ST/STM32_USB_Device_Library/Core/Src/usbd_core.o
                0x0800a62a                USBD_LL_DataOutStage
 .text.USBD_LL_DataInStage
                0x0800a6f0      0x12c ./Middlewares/ST/STM32_USB_Device_Library/Core/Src/usbd_core.o
                0x0800a6f0                USBD_LL_DataInStage
 .text.USBD_LL_Reset
                0x0800a81c       0x9c ./Middlewares/ST/STM32_USB_Device_Library/Core/Src/usbd_core.o
                0x0800a81c                USBD_LL_Reset
 .text.USBD_LL_SetSpeed
                0x0800a8b8       0x20 ./Middlewares/ST/STM32_USB_Device_Library/Core/Src/usbd_core.o
                0x0800a8b8                USBD_LL_SetSpeed
 .text.USBD_LL_Suspend
                0x0800a8d8       0x2c ./Middlewares/ST/STM32_USB_Device_Library/Core/Src/usbd_core.o
                0x0800a8d8                USBD_LL_Suspend
 .text.USBD_LL_Resume
                0x0800a904       0x30 ./Middlewares/ST/STM32_USB_Device_Library/Core/Src/usbd_core.o
                0x0800a904                USBD_LL_Resume
 .text.USBD_LL_SOF
                0x0800a934       0x44 ./Middlewares/ST/STM32_USB_Device_Library/Core/Src/usbd_core.o
                0x0800a934                USBD_LL_SOF
 .text.SWAPBYTE
                0x0800a978       0x3c ./Middlewares/ST/STM32_USB_Device_Library/Core/Src/usbd_ctlreq.o
 .text.USBD_StdDevReq
                0x0800a9b4       0xdc ./Middlewares/ST/STM32_USB_Device_Library/Core/Src/usbd_ctlreq.o
                0x0800a9b4                USBD_StdDevReq
 .text.USBD_StdItfReq
                0x0800aa90       0x92 ./Middlewares/ST/STM32_USB_Device_Library/Core/Src/usbd_ctlreq.o
                0x0800aa90                USBD_StdItfReq
 .text.USBD_StdEPReq
                0x0800ab22      0x2c4 ./Middlewares/ST/STM32_USB_Device_Library/Core/Src/usbd_ctlreq.o
                0x0800ab22                USBD_StdEPReq
 *fill*         0x0800ade6        0x2 
 .text.USBD_GetDescriptor
                0x0800ade8      0x328 ./Middlewares/ST/STM32_USB_Device_Library/Core/Src/usbd_ctlreq.o
 .text.USBD_SetAddress
                0x0800b110       0x88 ./Middlewares/ST/STM32_USB_Device_Library/Core/Src/usbd_ctlreq.o
 .text.USBD_SetConfig
                0x0800b198      0x14c ./Middlewares/ST/STM32_USB_Device_Library/Core/Src/usbd_ctlreq.o
 .text.USBD_GetConfig
                0x0800b2e4       0x6c ./Middlewares/ST/STM32_USB_Device_Library/Core/Src/usbd_ctlreq.o
 .text.USBD_GetStatus
                0x0800b350       0x68 ./Middlewares/ST/STM32_USB_Device_Library/Core/Src/usbd_ctlreq.o
 .text.USBD_SetFeature
                0x0800b3b8       0x28 ./Middlewares/ST/STM32_USB_Device_Library/Core/Src/usbd_ctlreq.o
 .text.USBD_ClrFeature
                0x0800b3e0       0x44 ./Middlewares/ST/STM32_USB_Device_Library/Core/Src/usbd_ctlreq.o
 .text.USBD_ParseSetupRequest
                0x0800b424       0x74 ./Middlewares/ST/STM32_USB_Device_Library/Core/Src/usbd_ctlreq.o
                0x0800b424                USBD_ParseSetupRequest
 .text.USBD_CtlError
                0x0800b498       0x22 ./Middlewares/ST/STM32_USB_Device_Library/Core/Src/usbd_ctlreq.o
                0x0800b498                USBD_CtlError
 .text.USBD_GetString
                0x0800b4ba       0x8c ./Middlewares/ST/STM32_USB_Device_Library/Core/Src/usbd_ctlreq.o
                0x0800b4ba                USBD_GetString
 .text.USBD_GetLen
                0x0800b546       0x34 ./Middlewares/ST/STM32_USB_Device_Library/Core/Src/usbd_ctlreq.o
 .text.USBD_CtlSendData
                0x0800b57a       0x36 ./Middlewares/ST/STM32_USB_Device_Library/Core/Src/usbd_ioreq.o
                0x0800b57a                USBD_CtlSendData
 .text.USBD_CtlContinueSendData
                0x0800b5b0       0x22 ./Middlewares/ST/STM32_USB_Device_Library/Core/Src/usbd_ioreq.o
                0x0800b5b0                USBD_CtlContinueSendData
 .text.USBD_CtlPrepareRx
                0x0800b5d2       0x3a ./Middlewares/ST/STM32_USB_Device_Library/Core/Src/usbd_ioreq.o
                0x0800b5d2                USBD_CtlPrepareRx
 .text.USBD_CtlContinueRx
                0x0800b60c       0x22 ./Middlewares/ST/STM32_USB_Device_Library/Core/Src/usbd_ioreq.o
                0x0800b60c                USBD_CtlContinueRx
 .text.USBD_CtlSendStatus
                0x0800b62e       0x26 ./Middlewares/ST/STM32_USB_Device_Library/Core/Src/usbd_ioreq.o
                0x0800b62e                USBD_CtlSendStatus
 .text.USBD_CtlReceiveStatus
                0x0800b654       0x26 ./Middlewares/ST/STM32_USB_Device_Library/Core/Src/usbd_ioreq.o
                0x0800b654                USBD_CtlReceiveStatus
 *fill*         0x0800b67a        0x2 
 .text.MX_USB_Device_Init
                0x0800b67c       0x60 ./USB_Device/App/usb_device.o
                0x0800b67c                MX_USB_Device_Init
 .text.CDC_Init_FS
                0x0800b6dc       0x28 ./USB_Device/App/usbd_cdc_if.o
 .text.CDC_DeInit_FS
                0x0800b704       0x10 ./USB_Device/App/usbd_cdc_if.o
 .text.CDC_Control_FS
                0x0800b714       0xbc ./USB_Device/App/usbd_cdc_if.o
 .text.CDC_Receive_FS
                0x0800b7d0       0x34 ./USB_Device/App/usbd_cdc_if.o
 .text.CDC_Transmit_FS
                0x0800b804       0x4c ./USB_Device/App/usbd_cdc_if.o
                0x0800b804                CDC_Transmit_FS
 .text.CDC_TransmitCplt_FS
                0x0800b850       0x22 ./USB_Device/App/usbd_cdc_if.o
 *fill*         0x0800b872        0x2 
 .text.USBD_CDC_DeviceDescriptor
                0x0800b874       0x24 ./USB_Device/App/usbd_desc.o
                0x0800b874                USBD_CDC_DeviceDescriptor
 .text.USBD_CDC_LangIDStrDescriptor
                0x0800b898       0x24 ./USB_Device/App/usbd_desc.o
                0x0800b898                USBD_CDC_LangIDStrDescriptor
 .text.USBD_CDC_ProductStrDescriptor
                0x0800b8bc       0x3c ./USB_Device/App/usbd_desc.o
                0x0800b8bc                USBD_CDC_ProductStrDescriptor
 .text.USBD_CDC_ManufacturerStrDescriptor
                0x0800b8f8       0x28 ./USB_Device/App/usbd_desc.o
                0x0800b8f8                USBD_CDC_ManufacturerStrDescriptor
 .text.USBD_CDC_SerialStrDescriptor
                0x0800b920       0x24 ./USB_Device/App/usbd_desc.o
                0x0800b920                USBD_CDC_SerialStrDescriptor
 .text.USBD_CDC_ConfigStrDescriptor
                0x0800b944       0x3c ./USB_Device/App/usbd_desc.o
                0x0800b944                USBD_CDC_ConfigStrDescriptor
 .text.USBD_CDC_InterfaceStrDescriptor
                0x0800b980       0x3c ./USB_Device/App/usbd_desc.o
                0x0800b980                USBD_CDC_InterfaceStrDescriptor
 .text.Get_SerialNum
                0x0800b9bc       0x58 ./USB_Device/App/usbd_desc.o
 .text.IntToUnicode
                0x0800ba14       0x7e ./USB_Device/App/usbd_desc.o
 *fill*         0x0800ba92        0x2 
 .text.HAL_PCD_MspInit
                0x0800ba94       0x78 ./USB_Device/Target/usbd_conf.o
                0x0800ba94                HAL_PCD_MspInit
 .text.HAL_PCD_SetupStageCallback
                0x0800bb0c       0x24 ./USB_Device/Target/usbd_conf.o
                0x0800bb0c                HAL_PCD_SetupStageCallback
 .text.HAL_PCD_DataOutStageCallback
                0x0800bb30       0x36 ./USB_Device/Target/usbd_conf.o
                0x0800bb30                HAL_PCD_DataOutStageCallback
 .text.HAL_PCD_DataInStageCallback
                0x0800bb66       0x34 ./USB_Device/Target/usbd_conf.o
                0x0800bb66                HAL_PCD_DataInStageCallback
 .text.HAL_PCD_SOFCallback
                0x0800bb9a       0x1c ./USB_Device/Target/usbd_conf.o
                0x0800bb9a                HAL_PCD_SOFCallback
 .text.HAL_PCD_ResetCallback
                0x0800bbb6       0x3c ./USB_Device/Target/usbd_conf.o
                0x0800bbb6                HAL_PCD_ResetCallback
 *fill*         0x0800bbf2        0x2 
 .text.HAL_PCD_SuspendCallback
                0x0800bbf4       0x34 ./USB_Device/Target/usbd_conf.o
                0x0800bbf4                HAL_PCD_SuspendCallback
 .text.HAL_PCD_ResumeCallback
                0x0800bc28       0x38 ./USB_Device/Target/usbd_conf.o
                0x0800bc28                HAL_PCD_ResumeCallback
 .text.USBD_LL_Init
                0x0800bc60       0xc0 ./USB_Device/Target/usbd_conf.o
                0x0800bc60                USBD_LL_Init
 .text.USBD_LL_Start
                0x0800bd20       0x36 ./USB_Device/Target/usbd_conf.o
                0x0800bd20                USBD_LL_Start
 .text.USBD_LL_OpenEP
                0x0800bd56       0x4c ./USB_Device/Target/usbd_conf.o
                0x0800bd56                USBD_LL_OpenEP
 .text.USBD_LL_CloseEP
                0x0800bda2       0x3e ./USB_Device/Target/usbd_conf.o
                0x0800bda2                USBD_LL_CloseEP
 .text.USBD_LL_StallEP
                0x0800bde0       0x3e ./USB_Device/Target/usbd_conf.o
                0x0800bde0                USBD_LL_StallEP
 .text.USBD_LL_ClearStallEP
                0x0800be1e       0x3e ./USB_Device/Target/usbd_conf.o
                0x0800be1e                USBD_LL_ClearStallEP
 .text.USBD_LL_IsStallEP
                0x0800be5c       0x5a ./USB_Device/Target/usbd_conf.o
                0x0800be5c                USBD_LL_IsStallEP
 .text.USBD_LL_SetUSBAddress
                0x0800beb6       0x3e ./USB_Device/Target/usbd_conf.o
                0x0800beb6                USBD_LL_SetUSBAddress
 .text.USBD_LL_Transmit
                0x0800bef4       0x42 ./USB_Device/Target/usbd_conf.o
                0x0800bef4                USBD_LL_Transmit
 .text.USBD_LL_PrepareReceive
                0x0800bf36       0x42 ./USB_Device/Target/usbd_conf.o
                0x0800bf36                USBD_LL_PrepareReceive
 .text.USBD_LL_GetRxDataSize
                0x0800bf78       0x26 ./USB_Device/Target/usbd_conf.o
                0x0800bf78                USBD_LL_GetRxDataSize
 *fill*         0x0800bf9e        0x2 
 .text.HAL_PCDEx_LPM_Callback
                0x0800bfa0       0x6c ./USB_Device/Target/usbd_conf.o
                0x0800bfa0                HAL_PCDEx_LPM_Callback
 .text.USBD_static_malloc
                0x0800c00c       0x1c ./USB_Device/Target/usbd_conf.o
                0x0800c00c                USBD_static_malloc
 .text.USBD_static_free
                0x0800c028       0x14 ./USB_Device/Target/usbd_conf.o
                0x0800c028                USBD_static_free
 .text.SystemClockConfig_Resume
                0x0800c03c        0xe ./USB_Device/Target/usbd_conf.o
 *fill*         0x0800c04a        0x2 
 .text.USBD_Get_USB_Status
                0x0800c04c       0x58 ./USB_Device/Target/usbd_conf.o
 .text.memset   0x0800c0a4       0x10 C:/ST/STM32CubeIDE_1.10.1/STM32CubeIDE/plugins/com.st.stm32cube.ide.mcu.externaltools.gnu-tools-for-stm32.12.3.rel1.win32_1.0.100.202403111256/tools/bin/../lib/gcc/arm-none-eabi/12.3.1/../../../../arm-none-eabi/lib/thumb/v7e-m+fp/hard\libc_nano.a(libc_a-memset.o)
                0x0800c0a4                memset
 .text.__libc_init_array
                0x0800c0b4       0x48 C:/ST/STM32CubeIDE_1.10.1/STM32CubeIDE/plugins/com.st.stm32cube.ide.mcu.externaltools.gnu-tools-for-stm32.12.3.rel1.win32_1.0.100.202403111256/tools/bin/../lib/gcc/arm-none-eabi/12.3.1/../../../../arm-none-eabi/lib/thumb/v7e-m+fp/hard\libc_nano.a(libc_a-init.o)
                0x0800c0b4                __libc_init_array
 *(.glue_7)
 .glue_7        0x0800c0fc        0x0 linker stubs
 *(.glue_7t)
 .glue_7t       0x0800c0fc        0x0 linker stubs
 *(.eh_frame)
 .eh_frame      0x0800c0fc        0x0 C:/ST/STM32CubeIDE_1.10.1/STM32CubeIDE/plugins/com.st.stm32cube.ide.mcu.externaltools.gnu-tools-for-stm32.12.3.rel1.win32_1.0.100.202403111256/tools/bin/../lib/gcc/arm-none-eabi/12.3.1/thumb/v7e-m+fp/hard/crtbegin.o
 *(.init)
 .init          0x0800c0fc        0x4 C:/ST/STM32CubeIDE_1.10.1/STM32CubeIDE/plugins/com.st.stm32cube.ide.mcu.externaltools.gnu-tools-for-stm32.12.3.rel1.win32_1.0.100.202403111256/tools/bin/../lib/gcc/arm-none-eabi/12.3.1/thumb/v7e-m+fp/hard/crti.o
                0x0800c0fc                _init
 .init          0x0800c100        0x8 C:/ST/STM32CubeIDE_1.10.1/STM32CubeIDE/plugins/com.st.stm32cube.ide.mcu.externaltools.gnu-tools-for-stm32.12.3.rel1.win32_1.0.100.202403111256/tools/bin/../lib/gcc/arm-none-eabi/12.3.1/thumb/v7e-m+fp/hard/crtn.o
 *(.fini)
 .fini          0x0800c108        0x4 C:/ST/STM32CubeIDE_1.10.1/STM32CubeIDE/plugins/com.st.stm32cube.ide.mcu.externaltools.gnu-tools-for-stm32.12.3.rel1.win32_1.0.100.202403111256/tools/bin/../lib/gcc/arm-none-eabi/12.3.1/thumb/v7e-m+fp/hard/crti.o
                0x0800c108                _fini
 .fini          0x0800c10c        0x8 C:/ST/STM32CubeIDE_1.10.1/STM32CubeIDE/plugins/com.st.stm32cube.ide.mcu.externaltools.gnu-tools-for-stm32.12.3.rel1.win32_1.0.100.202403111256/tools/bin/../lib/gcc/arm-none-eabi/12.3.1/thumb/v7e-m+fp/hard/crtn.o
                0x0800c114                        . = ALIGN (0x4)
                0x0800c114                        _etext = .

.vfp11_veneer   0x0800c114        0x0
 .vfp11_veneer  0x0800c114        0x0 linker stubs

.v4_bx          0x0800c114        0x0
 .v4_bx         0x0800c114        0x0 linker stubs

.iplt           0x0800c114        0x0
 .iplt          0x0800c114        0x0 C:/ST/STM32CubeIDE_1.10.1/STM32CubeIDE/plugins/com.st.stm32cube.ide.mcu.externaltools.gnu-tools-for-stm32.12.3.rel1.win32_1.0.100.202403111256/tools/bin/../lib/gcc/arm-none-eabi/12.3.1/thumb/v7e-m+fp/hard/crtbegin.o

.rodata         0x0800c114       0x58
                0x0800c114                        . = ALIGN (0x4)
 *(.rodata)
 .rodata        0x0800c114       0x46 ./USB_Device/App/usbd_desc.o
 *(.rodata*)
 *fill*         0x0800c15a        0x2 
 .rodata.AHBPrescTable
                0x0800c15c       0x10 ./Core/Src/system_stm32g4xx.o
                0x0800c15c                AHBPrescTable
                0x0800c16c                        . = ALIGN (0x4)

.rel.dyn        0x0800c16c        0x0
 .rel.iplt      0x0800c16c        0x0 C:/ST/STM32CubeIDE_1.10.1/STM32CubeIDE/plugins/com.st.stm32cube.ide.mcu.externaltools.gnu-tools-for-stm32.12.3.rel1.win32_1.0.100.202403111256/tools/bin/../lib/gcc/arm-none-eabi/12.3.1/thumb/v7e-m+fp/hard/crtbegin.o

.ARM.extab      0x0800c16c        0x0
                0x0800c16c                        . = ALIGN (0x4)
 *(.ARM.extab* .gnu.linkonce.armextab.*)
                0x0800c16c                        . = ALIGN (0x4)

.ARM            0x0800c16c        0x0
                0x0800c16c                        . = ALIGN (0x4)
                0x0800c16c                        __exidx_start = .
 *(.ARM.exidx*)
                0x0800c16c                        __exidx_end = .
                0x0800c16c                        . = ALIGN (0x4)

.preinit_array  0x0800c16c        0x0
                0x0800c16c                        . = ALIGN (0x4)
                0x0800c16c                        PROVIDE (__preinit_array_start = .)
 *(.preinit_array*)
                0x0800c16c                        PROVIDE (__preinit_array_end = .)
                0x0800c16c                        . = ALIGN (0x4)

.init_array     0x0800c16c        0x8
                0x0800c16c                        . = ALIGN (0x4)
                0x0800c16c                        PROVIDE (__init_array_start = .)
 *(SORT_BY_NAME(.init_array.*))
 *(.init_array*)
 .init_array    0x0800c16c        0x4 C:/ST/STM32CubeIDE_1.10.1/STM32CubeIDE/plugins/com.st.stm32cube.ide.mcu.externaltools.gnu-tools-for-stm32.12.3.rel1.win32_1.0.100.202403111256/tools/bin/../lib/gcc/arm-none-eabi/12.3.1/thumb/v7e-m+fp/hard/crtbegin.o
 .init_array    0x0800c170        0x4 ./Core/Src/main.o
                0x0800c174                        PROVIDE (__init_array_end = .)
                0x0800c174                        . = ALIGN (0x4)

.fini_array     0x0800c174        0x4
                0x0800c174                        . = ALIGN (0x4)
                [!provide]                        PROVIDE (__fini_array_start = .)
 *(SORT_BY_NAME(.fini_array.*))
 *(.fini_array*)
 .fini_array    0x0800c174        0x4 C:/ST/STM32CubeIDE_1.10.1/STM32CubeIDE/plugins/com.st.stm32cube.ide.mcu.externaltools.gnu-tools-for-stm32.12.3.rel1.win32_1.0.100.202403111256/tools/bin/../lib/gcc/arm-none-eabi/12.3.1/thumb/v7e-m+fp/hard/crtbegin.o
                [!provide]                        PROVIDE (__fini_array_end = .)
                0x0800c178                        . = ALIGN (0x4)
                0x0800c178                        _sidata = LOADADDR (.data)

.data           0x20000000      0x1b0 load address 0x0800c178
                0x20000000                        . = ALIGN (0x4)
                0x20000000                        _sdata = .
 *(.data)
 *(.data*)
 .data._adcSum  0x20000000        0x4 ./Core/Src/main.o
                0x20000000                _adcSum
 .data._nextValueIndex
                0x20000004        0x2 ./Core/Src/main.o
                0x20000004                _nextValueIndex
 *fill*         0x20000006        0x2 
 .data._adcMeanValue
                0x20000008        0x4 ./Core/Src/main.o
                0x20000008                _adcMeanValue
 .data.SystemCoreClock
                0x2000000c        0x4 ./Core/Src/system_stm32g4xx.o
                0x2000000c                SystemCoreClock
 .data.uwTickPrio
                0x20000010        0x4 ./Drivers/STM32G4xx_HAL_Driver/Src/stm32g4xx_hal.o
                0x20000010                uwTickPrio
 .data.uwTickFreq
                0x20000014        0x4 ./Drivers/STM32G4xx_HAL_Driver/Src/stm32g4xx_hal.o
                0x20000014                uwTickFreq
 .data.pFlash   0x20000018       0x20 ./Drivers/STM32G4xx_HAL_Driver/Src/stm32g4xx_hal_flash.o
                0x20000018                pFlash
 .data.USBD_CDC_DeviceQualifierDesc
                0x20000038        0xa ./Middlewares/ST/STM32_USB_Device_Library/Class/CDC/Src/usbd_cdc.o
 *fill*         0x20000042        0x2 
 .data.USBD_CDC
                0x20000044       0x38 ./Middlewares/ST/STM32_USB_Device_Library/Class/CDC/Src/usbd_cdc.o
                0x20000044                USBD_CDC
 .data.USBD_CDC_CfgHSDesc
                0x2000007c       0x43 ./Middlewares/ST/STM32_USB_Device_Library/Class/CDC/Src/usbd_cdc.o
 *fill*         0x200000bf        0x1 
 .data.USBD_CDC_CfgFSDesc
                0x200000c0       0x43 ./Middlewares/ST/STM32_USB_Device_Library/Class/CDC/Src/usbd_cdc.o
 *fill*         0x20000103        0x1 
 .data.USBD_CDC_OtherSpeedCfgDesc
                0x20000104       0x43 ./Middlewares/ST/STM32_USB_Device_Library/Class/CDC/Src/usbd_cdc.o
 *fill*         0x20000147        0x1 
 .data.USBD_Interface_fops_FS
                0x20000148       0x14 ./USB_Device/App/usbd_cdc_if.o
                0x20000148                USBD_Interface_fops_FS
 .data.CDC_Desc
                0x2000015c       0x20 ./USB_Device/App/usbd_desc.o
                0x2000015c                CDC_Desc
 .data.USBD_CDC_DeviceDesc
                0x2000017c       0x12 ./USB_Device/App/usbd_desc.o
                0x2000017c                USBD_CDC_DeviceDesc
 *fill*         0x2000018e        0x2 
 .data.USBD_LangIDDesc
                0x20000190        0x4 ./USB_Device/App/usbd_desc.o
                0x20000190                USBD_LangIDDesc
 .data.USBD_StringSerial
                0x20000194       0x1a ./USB_Device/App/usbd_desc.o
                0x20000194                USBD_StringSerial
 *(.RamFunc)
 *(.RamFunc*)
                0x200001b0                        . = ALIGN (0x4)
 *fill*         0x200001ae        0x2 
                0x200001b0                        _edata = .

.igot.plt       0x200001b0        0x0 load address 0x0800c328
 .igot.plt      0x200001b0        0x0 C:/ST/STM32CubeIDE_1.10.1/STM32CubeIDE/plugins/com.st.stm32cube.ide.mcu.externaltools.gnu-tools-for-stm32.12.3.rel1.win32_1.0.100.202403111256/tools/bin/../lib/gcc/arm-none-eabi/12.3.1/thumb/v7e-m+fp/hard/crtbegin.o
                0x200001b0                        . = ALIGN (0x4)

.bss            0x200001b0     0x713c load address 0x0800c328
                0x200001b0                        _sbss = .
                0x200001b0                        __bss_start__ = _sbss
 *(.bss)
 .bss           0x200001b0       0x1c C:/ST/STM32CubeIDE_1.10.1/STM32CubeIDE/plugins/com.st.stm32cube.ide.mcu.externaltools.gnu-tools-for-stm32.12.3.rel1.win32_1.0.100.202403111256/tools/bin/../lib/gcc/arm-none-eabi/12.3.1/thumb/v7e-m+fp/hard/crtbegin.o
 *(.bss*)
 .bss.hadc2     0x200001cc       0x6c ./Core/Src/adc.o
                0x200001cc                hadc2
 .bss.hdac1     0x20000238       0x14 ./Core/Src/dac.o
                0x20000238                hdac1
 *fill*         0x2000024c        0x4 
 .bss.flash     0x20000250       0x48 ./Core/Src/main.o
                0x20000250                flash
 .bss.Usb       0x20000298        0x4 ./Core/Src/main.o
                0x20000298                Usb
 .bss._adcValue
                0x2000029c        0x4 ./Core/Src/main.o
                0x2000029c                _adcValue
 .bss.hasChanged
                0x200002a0        0x1 ./Core/Src/main.o
                0x200002a0                hasChanged
 .bss.isOn      0x200002a1        0x1 ./Core/Src/main.o
                0x200002a1                isOn
 *fill*         0x200002a2        0x2 
 .bss._adcArray
                0x200002a4     0x5dc0 ./Core/Src/main.o
                0x200002a4                _adcArray
 .bss._lastValueIndex
                0x20006064        0x2 ./Core/Src/main.o
                0x20006064                _lastValueIndex
 .bss.usbTransmitEnable
                0x20006066        0x1 ./Core/Src/main.o
                0x20006066                usbTransmitEnable
 *fill*         0x20006067        0x1 
 .bss.htim1     0x20006068       0x4c ./Core/Src/tim.o
                0x20006068                htim1
 .bss.htim2     0x200060b4       0x4c ./Core/Src/tim.o
                0x200060b4                htim2
 .bss.uwTick    0x20006100        0x4 ./Drivers/STM32G4xx_HAL_Driver/Src/stm32g4xx_hal.o
                0x20006100                uwTick
 .bss.cfgidx.0  0x20006104        0x1 ./Middlewares/ST/STM32_USB_Device_Library/Core/Src/usbd_ctlreq.o
 *fill*         0x20006105        0x3 
 .bss.hUsbDeviceFS
                0x20006108      0x2d0 ./USB_Device/App/usb_device.o
                0x20006108                hUsbDeviceFS
 .bss.UserRxBufferFS
                0x200063d8      0x400 ./USB_Device/App/usbd_cdc_if.o
                0x200063d8                UserRxBufferFS
 .bss.UserTxBufferFS
                0x200067d8      0x400 ./USB_Device/App/usbd_cdc_if.o
                0x200067d8                UserTxBufferFS
 .bss.USBD_StrDesc
                0x20006bd8      0x200 ./USB_Device/App/usbd_desc.o
                0x20006bd8                USBD_StrDesc
 .bss.hpcd_USB_FS
                0x20006dd8      0x2f4 ./USB_Device/Target/usbd_conf.o
                0x20006dd8                hpcd_USB_FS
 .bss.mem.0     0x200070cc      0x220 ./USB_Device/Target/usbd_conf.o
 *(COMMON)
                0x200072ec                        . = ALIGN (0x4)
                0x200072ec                        _ebss = .
                0x200072ec                        __bss_end__ = _ebss

._user_heap_stack
                0x200072ec      0x604 load address 0x0800c328
                0x200072f0                        . = ALIGN (0x8)
 *fill*         0x200072ec        0x4 
                [!provide]                        PROVIDE (end = .)
                0x200072f0                        PROVIDE (_end = .)
                0x200074f0                        . = (. + _Min_Heap_Size)
 *fill*         0x200072f0      0x200 
                0x200078f0                        . = (. + _Min_Stack_Size)
 *fill*         0x200074f0      0x400 
                0x200078f0                        . = ALIGN (0x8)

/DISCARD/
 libc.a(*)
 libm.a(*)
 libgcc.a(*)

.ARM.attributes
                0x00000000       0x30
 *(.ARM.attributes)
 .ARM.attributes
                0x00000000       0x22 C:/ST/STM32CubeIDE_1.10.1/STM32CubeIDE/plugins/com.st.stm32cube.ide.mcu.externaltools.gnu-tools-for-stm32.12.3.rel1.win32_1.0.100.202403111256/tools/bin/../lib/gcc/arm-none-eabi/12.3.1/thumb/v7e-m+fp/hard/crti.o
 .ARM.attributes
                0x00000022       0x34 C:/ST/STM32CubeIDE_1.10.1/STM32CubeIDE/plugins/com.st.stm32cube.ide.mcu.externaltools.gnu-tools-for-stm32.12.3.rel1.win32_1.0.100.202403111256/tools/bin/../lib/gcc/arm-none-eabi/12.3.1/thumb/v7e-m+fp/hard/crtbegin.o
 .ARM.attributes
                0x00000056       0x34 ./Core/Src/Flash/Flash.o
 .ARM.attributes
                0x0000008a       0x34 ./Core/Src/USB/USBCom.o
 .ARM.attributes
                0x000000be       0x34 ./Core/Src/adc.o
 .ARM.attributes
                0x000000f2       0x34 ./Core/Src/dac.o
 .ARM.attributes
                0x00000126       0x34 ./Core/Src/gpio.o
 .ARM.attributes
                0x0000015a       0x34 ./Core/Src/main.o
 .ARM.attributes
                0x0000018e       0x34 ./Core/Src/stm32g4xx_hal_msp.o
 .ARM.attributes
                0x000001c2       0x34 ./Core/Src/stm32g4xx_it.o
 .ARM.attributes
                0x000001f6       0x34 ./Core/Src/system_stm32g4xx.o
 .ARM.attributes
                0x0000022a       0x34 ./Core/Src/tim.o
 .ARM.attributes
                0x0000025e       0x21 ./Core/Startup/startup_stm32g431k8tx.o
 .ARM.attributes
                0x0000027f       0x34 ./Drivers/STM32G4xx_HAL_Driver/Src/stm32g4xx_hal.o
 .ARM.attributes
                0x000002b3       0x34 ./Drivers/STM32G4xx_HAL_Driver/Src/stm32g4xx_hal_adc.o
 .ARM.attributes
                0x000002e7       0x34 ./Drivers/STM32G4xx_HAL_Driver/Src/stm32g4xx_hal_adc_ex.o
 .ARM.attributes
                0x0000031b       0x34 ./Drivers/STM32G4xx_HAL_Driver/Src/stm32g4xx_hal_cortex.o
 .ARM.attributes
                0x0000034f       0x34 ./Drivers/STM32G4xx_HAL_Driver/Src/stm32g4xx_hal_dac.o
 .ARM.attributes
                0x00000383       0x34 ./Drivers/STM32G4xx_HAL_Driver/Src/stm32g4xx_hal_flash.o
 .ARM.attributes
                0x000003b7       0x34 ./Drivers/STM32G4xx_HAL_Driver/Src/stm32g4xx_hal_flash_ex.o
 .ARM.attributes
                0x000003eb       0x34 ./Drivers/STM32G4xx_HAL_Driver/Src/stm32g4xx_hal_gpio.o
 .ARM.attributes
                0x0000041f       0x34 ./Drivers/STM32G4xx_HAL_Driver/Src/stm32g4xx_hal_pcd.o
 .ARM.attributes
                0x00000453       0x34 ./Drivers/STM32G4xx_HAL_Driver/Src/stm32g4xx_hal_pcd_ex.o
 .ARM.attributes
                0x00000487       0x34 ./Drivers/STM32G4xx_HAL_Driver/Src/stm32g4xx_hal_pwr_ex.o
 .ARM.attributes
                0x000004bb       0x34 ./Drivers/STM32G4xx_HAL_Driver/Src/stm32g4xx_hal_rcc.o
 .ARM.attributes
                0x000004ef       0x34 ./Drivers/STM32G4xx_HAL_Driver/Src/stm32g4xx_hal_rcc_ex.o
 .ARM.attributes
                0x00000523       0x34 ./Drivers/STM32G4xx_HAL_Driver/Src/stm32g4xx_hal_tim.o
 .ARM.attributes
                0x00000557       0x34 ./Drivers/STM32G4xx_HAL_Driver/Src/stm32g4xx_hal_tim_ex.o
 .ARM.attributes
                0x0000058b       0x34 ./Drivers/STM32G4xx_HAL_Driver/Src/stm32g4xx_ll_usb.o
 .ARM.attributes
                0x000005bf       0x34 ./Middlewares/ST/STM32_USB_Device_Library/Class/CDC/Src/usbd_cdc.o
 .ARM.attributes
                0x000005f3       0x34 ./Middlewares/ST/STM32_USB_Device_Library/Core/Src/usbd_core.o
 .ARM.attributes
                0x00000627       0x34 ./Middlewares/ST/STM32_USB_Device_Library/Core/Src/usbd_ctlreq.o
 .ARM.attributes
                0x0000065b       0x34 ./Middlewares/ST/STM32_USB_Device_Library/Core/Src/usbd_ioreq.o
 .ARM.attributes
                0x0000068f       0x34 ./USB_Device/App/usb_device.o
 .ARM.attributes
                0x000006c3       0x34 ./USB_Device/App/usbd_cdc_if.o
 .ARM.attributes
                0x000006f7       0x34 ./USB_Device/App/usbd_desc.o
 .ARM.attributes
                0x0000072b       0x34 ./USB_Device/Target/usbd_conf.o
 .ARM.attributes
                0x0000075f       0x34 C:/ST/STM32CubeIDE_1.10.1/STM32CubeIDE/plugins/com.st.stm32cube.ide.mcu.externaltools.gnu-tools-for-stm32.12.3.rel1.win32_1.0.100.202403111256/tools/bin/../lib/gcc/arm-none-eabi/12.3.1/../../../../arm-none-eabi/lib/thumb/v7e-m+fp/hard\libc_nano.a(libc_a-memset.o)
 .ARM.attributes
                0x00000793       0x34 C:/ST/STM32CubeIDE_1.10.1/STM32CubeIDE/plugins/com.st.stm32cube.ide.mcu.externaltools.gnu-tools-for-stm32.12.3.rel1.win32_1.0.100.202403111256/tools/bin/../lib/gcc/arm-none-eabi/12.3.1/../../../../arm-none-eabi/lib/thumb/v7e-m+fp/hard\libc_nano.a(libc_a-init.o)
 .ARM.attributes
                0x000007c7       0x22 C:/ST/STM32CubeIDE_1.10.1/STM32CubeIDE/plugins/com.st.stm32cube.ide.mcu.externaltools.gnu-tools-for-stm32.12.3.rel1.win32_1.0.100.202403111256/tools/bin/../lib/gcc/arm-none-eabi/12.3.1/thumb/v7e-m+fp/hard/crtn.o
OUTPUT(Ignition.elf elf32-littlearm)
LOAD linker stubs
LOAD C:/ST/STM32CubeIDE_1.10.1/STM32CubeIDE/plugins/com.st.stm32cube.ide.mcu.externaltools.gnu-tools-for-stm32.12.3.rel1.win32_1.0.100.202403111256/tools/bin/../lib/gcc/arm-none-eabi/12.3.1/../../../../arm-none-eabi/lib/thumb/v7e-m+fp/hard\libc.a
LOAD C:/ST/STM32CubeIDE_1.10.1/STM32CubeIDE/plugins/com.st.stm32cube.ide.mcu.externaltools.gnu-tools-for-stm32.12.3.rel1.win32_1.0.100.202403111256/tools/bin/../lib/gcc/arm-none-eabi/12.3.1/../../../../arm-none-eabi/lib/thumb/v7e-m+fp/hard\libm.a
LOAD C:/ST/STM32CubeIDE_1.10.1/STM32CubeIDE/plugins/com.st.stm32cube.ide.mcu.externaltools.gnu-tools-for-stm32.12.3.rel1.win32_1.0.100.202403111256/tools/bin/../lib/gcc/arm-none-eabi/12.3.1/thumb/v7e-m+fp/hard\libgcc.a

.debug_info     0x00000000    0x1f10e
 .debug_info    0x00000000      0x691 ./Core/Src/Flash/Flash.o
 .debug_info    0x00000691      0xc28 ./Core/Src/USB/USBCom.o
 .debug_info    0x000012b9     0x10d2 ./Core/Src/adc.o
 .debug_info    0x0000238b      0xb5a ./Core/Src/dac.o
 .debug_info    0x00002ee5      0x47f ./Core/Src/gpio.o
 .debug_info    0x00003364     0x1ef6 ./Core/Src/main.o
 .debug_info    0x0000525a      0x2da ./Core/Src/stm32g4xx_hal_msp.o
 .debug_info    0x00005534     0x1232 ./Core/Src/stm32g4xx_it.o
 .debug_info    0x00006766      0x58e ./Core/Src/system_stm32g4xx.o
 .debug_info    0x00006cf4      0xff8 ./Core/Src/tim.o
 .debug_info    0x00007cec       0x30 ./Core/Startup/startup_stm32g431k8tx.o
 .debug_info    0x00007d1c      0xa99 ./Drivers/STM32G4xx_HAL_Driver/Src/stm32g4xx_hal.o
 .debug_info    0x000087b5     0x203d ./Drivers/STM32G4xx_HAL_Driver/Src/stm32g4xx_hal_adc.o
 .debug_info    0x0000a7f2     0x1d67 ./Drivers/STM32G4xx_HAL_Driver/Src/stm32g4xx_hal_adc_ex.o
 .debug_info    0x0000c559      0xcf3 ./Drivers/STM32G4xx_HAL_Driver/Src/stm32g4xx_hal_cortex.o
 .debug_info    0x0000d24c      0xc65 ./Drivers/STM32G4xx_HAL_Driver/Src/stm32g4xx_hal_dac.o
 .debug_info    0x0000deb1      0x6c1 ./Drivers/STM32G4xx_HAL_Driver/Src/stm32g4xx_hal_flash.o
 .debug_info    0x0000e572      0x8a7 ./Drivers/STM32G4xx_HAL_Driver/Src/stm32g4xx_hal_flash_ex.o
 .debug_info    0x0000ee19      0x763 ./Drivers/STM32G4xx_HAL_Driver/Src/stm32g4xx_hal_gpio.o
 .debug_info    0x0000f57c     0x1578 ./Drivers/STM32G4xx_HAL_Driver/Src/stm32g4xx_hal_pcd.o
 .debug_info    0x00010af4      0x815 ./Drivers/STM32G4xx_HAL_Driver/Src/stm32g4xx_hal_pcd_ex.o
 .debug_info    0x00011309      0x93f ./Drivers/STM32G4xx_HAL_Driver/Src/stm32g4xx_hal_pwr_ex.o
 .debug_info    0x00011c48      0xb82 ./Drivers/STM32G4xx_HAL_Driver/Src/stm32g4xx_hal_rcc.o
 .debug_info    0x000127ca      0xc15 ./Drivers/STM32G4xx_HAL_Driver/Src/stm32g4xx_hal_rcc_ex.o
 .debug_info    0x000133df     0x2bfd ./Drivers/STM32G4xx_HAL_Driver/Src/stm32g4xx_hal_tim.o
 .debug_info    0x00015fdc     0x1d63 ./Drivers/STM32G4xx_HAL_Driver/Src/stm32g4xx_hal_tim_ex.o
 .debug_info    0x00017d3f     0x1548 ./Drivers/STM32G4xx_HAL_Driver/Src/stm32g4xx_ll_usb.o
 .debug_info    0x00019287     0x1131 ./Middlewares/ST/STM32_USB_Device_Library/Class/CDC/Src/usbd_cdc.o
 .debug_info    0x0001a3b8      0xb1b ./Middlewares/ST/STM32_USB_Device_Library/Core/Src/usbd_core.o
 .debug_info    0x0001aed3      0xa57 ./Middlewares/ST/STM32_USB_Device_Library/Core/Src/usbd_ctlreq.o
 .debug_info    0x0001b92a      0x720 ./Middlewares/ST/STM32_USB_Device_Library/Core/Src/usbd_ioreq.o
 .debug_info    0x0001c04a      0x6d7 ./USB_Device/App/usb_device.o
 .debug_info    0x0001c721      0x8d5 ./USB_Device/App/usbd_cdc_if.o
 .debug_info    0x0001cff6      0x45f ./USB_Device/App/usbd_desc.o
 .debug_info    0x0001d455     0x1cb9 ./USB_Device/Target/usbd_conf.o

.debug_abbrev   0x00000000     0x502b
 .debug_abbrev  0x00000000      0x21e ./Core/Src/Flash/Flash.o
 .debug_abbrev  0x0000021e      0x2aa ./Core/Src/USB/USBCom.o
 .debug_abbrev  0x000004c8      0x1f0 ./Core/Src/adc.o
 .debug_abbrev  0x000006b8      0x1ef ./Core/Src/dac.o
 .debug_abbrev  0x000008a7      0x152 ./Core/Src/gpio.o
 .debug_abbrev  0x000009f9      0x47d ./Core/Src/main.o
 .debug_abbrev  0x00000e76       0xd9 ./Core/Src/stm32g4xx_hal_msp.o
 .debug_abbrev  0x00000f4f      0x1f5 ./Core/Src/stm32g4xx_it.o
 .debug_abbrev  0x00001144      0x11a ./Core/Src/system_stm32g4xx.o
 .debug_abbrev  0x0000125e      0x22e ./Core/Src/tim.o
 .debug_abbrev  0x0000148c       0x24 ./Core/Startup/startup_stm32g431k8tx.o
 .debug_abbrev  0x000014b0      0x271 ./Drivers/STM32G4xx_HAL_Driver/Src/stm32g4xx_hal.o
 .debug_abbrev  0x00001721      0x2d3 ./Drivers/STM32G4xx_HAL_Driver/Src/stm32g4xx_hal_adc.o
 .debug_abbrev  0x000019f4      0x2ee ./Drivers/STM32G4xx_HAL_Driver/Src/stm32g4xx_hal_adc_ex.o
 .debug_abbrev  0x00001ce2      0x31c ./Drivers/STM32G4xx_HAL_Driver/Src/stm32g4xx_hal_cortex.o
 .debug_abbrev  0x00001ffe      0x216 ./Drivers/STM32G4xx_HAL_Driver/Src/stm32g4xx_hal_dac.o
 .debug_abbrev  0x00002214      0x325 ./Drivers/STM32G4xx_HAL_Driver/Src/stm32g4xx_hal_flash.o
 .debug_abbrev  0x00002539      0x290 ./Drivers/STM32G4xx_HAL_Driver/Src/stm32g4xx_hal_flash_ex.o
 .debug_abbrev  0x000027c9      0x1cb ./Drivers/STM32G4xx_HAL_Driver/Src/stm32g4xx_hal_gpio.o
 .debug_abbrev  0x00002994      0x2b2 ./Drivers/STM32G4xx_HAL_Driver/Src/stm32g4xx_hal_pcd.o
 .debug_abbrev  0x00002c46      0x22a ./Drivers/STM32G4xx_HAL_Driver/Src/stm32g4xx_hal_pcd_ex.o
 .debug_abbrev  0x00002e70      0x22c ./Drivers/STM32G4xx_HAL_Driver/Src/stm32g4xx_hal_pwr_ex.o
 .debug_abbrev  0x0000309c      0x2c9 ./Drivers/STM32G4xx_HAL_Driver/Src/stm32g4xx_hal_rcc.o
 .debug_abbrev  0x00003365      0x258 ./Drivers/STM32G4xx_HAL_Driver/Src/stm32g4xx_hal_rcc_ex.o
 .debug_abbrev  0x000035bd      0x2a0 ./Drivers/STM32G4xx_HAL_Driver/Src/stm32g4xx_hal_tim.o
 .debug_abbrev  0x0000385d      0x2be ./Drivers/STM32G4xx_HAL_Driver/Src/stm32g4xx_hal_tim_ex.o
 .debug_abbrev  0x00003b1b      0x23f ./Drivers/STM32G4xx_HAL_Driver/Src/stm32g4xx_ll_usb.o
 .debug_abbrev  0x00003d5a      0x2bc ./Middlewares/ST/STM32_USB_Device_Library/Class/CDC/Src/usbd_cdc.o
 .debug_abbrev  0x00004016      0x24f ./Middlewares/ST/STM32_USB_Device_Library/Core/Src/usbd_core.o
 .debug_abbrev  0x00004265      0x27e ./Middlewares/ST/STM32_USB_Device_Library/Core/Src/usbd_ctlreq.o
 .debug_abbrev  0x000044e3      0x1a9 ./Middlewares/ST/STM32_USB_Device_Library/Core/Src/usbd_ioreq.o
 .debug_abbrev  0x0000468c      0x1a4 ./USB_Device/App/usb_device.o
 .debug_abbrev  0x00004830      0x2c2 ./USB_Device/App/usbd_cdc_if.o
 .debug_abbrev  0x00004af2      0x20e ./USB_Device/App/usbd_desc.o
 .debug_abbrev  0x00004d00      0x32b ./USB_Device/Target/usbd_conf.o

.debug_aranges  0x00000000     0x1a50
 .debug_aranges
                0x00000000       0x78 ./Core/Src/Flash/Flash.o
 .debug_aranges
                0x00000078       0x30 ./Core/Src/USB/USBCom.o
 .debug_aranges
                0x000000a8       0x30 ./Core/Src/adc.o
 .debug_aranges
                0x000000d8       0x30 ./Core/Src/dac.o
 .debug_aranges
                0x00000108       0x20 ./Core/Src/gpio.o
 .debug_aranges
                0x00000128       0x58 ./Core/Src/main.o
 .debug_aranges
                0x00000180       0x20 ./Core/Src/stm32g4xx_hal_msp.o
 .debug_aranges
                0x000001a0       0x80 ./Core/Src/stm32g4xx_it.o
 .debug_aranges
                0x00000220       0x28 ./Core/Src/system_stm32g4xx.o
 .debug_aranges
                0x00000248       0x38 ./Core/Src/tim.o
 .debug_aranges
                0x00000280       0x28 ./Core/Startup/startup_stm32g431k8tx.o
 .debug_aranges
                0x000002a8      0x130 ./Drivers/STM32G4xx_HAL_Driver/Src/stm32g4xx_hal.o
 .debug_aranges
                0x000003d8      0x248 ./Drivers/STM32G4xx_HAL_Driver/Src/stm32g4xx_hal_adc.o
 .debug_aranges
                0x00000620      0x1c0 ./Drivers/STM32G4xx_HAL_Driver/Src/stm32g4xx_hal_adc_ex.o
 .debug_aranges
                0x000007e0      0x118 ./Drivers/STM32G4xx_HAL_Driver/Src/stm32g4xx_hal_cortex.o
 .debug_aranges
                0x000008f8       0xc0 ./Drivers/STM32G4xx_HAL_Driver/Src/stm32g4xx_hal_dac.o
 .debug_aranges
                0x000009b8       0x88 ./Drivers/STM32G4xx_HAL_Driver/Src/stm32g4xx_hal_flash.o
 .debug_aranges
                0x00000a40       0xc8 ./Drivers/STM32G4xx_HAL_Driver/Src/stm32g4xx_hal_flash_ex.o
 .debug_aranges
                0x00000b08       0x58 ./Drivers/STM32G4xx_HAL_Driver/Src/stm32g4xx_hal_gpio.o
 .debug_aranges
                0x00000b60      0x130 ./Drivers/STM32G4xx_HAL_Driver/Src/stm32g4xx_hal_pcd.o
 .debug_aranges
                0x00000c90       0x58 ./Drivers/STM32G4xx_HAL_Driver/Src/stm32g4xx_hal_pcd_ex.o
 .debug_aranges
                0x00000ce8      0x140 ./Drivers/STM32G4xx_HAL_Driver/Src/stm32g4xx_hal_pwr_ex.o
 .debug_aranges
                0x00000e28       0x98 ./Drivers/STM32G4xx_HAL_Driver/Src/stm32g4xx_hal_rcc.o
 .debug_aranges
                0x00000ec0       0xb0 ./Drivers/STM32G4xx_HAL_Driver/Src/stm32g4xx_hal_rcc_ex.o
 .debug_aranges
                0x00000f70      0x3e0 ./Drivers/STM32G4xx_HAL_Driver/Src/stm32g4xx_hal_tim.o
 .debug_aranges
                0x00001350      0x240 ./Drivers/STM32G4xx_HAL_Driver/Src/stm32g4xx_hal_tim_ex.o
 .debug_aranges
                0x00001590       0xb0 ./Drivers/STM32G4xx_HAL_Driver/Src/stm32g4xx_ll_usb.o
 .debug_aranges
                0x00001640       0x90 ./Middlewares/ST/STM32_USB_Device_Library/Class/CDC/Src/usbd_cdc.o
 .debug_aranges
                0x000016d0       0xb8 ./Middlewares/ST/STM32_USB_Device_Library/Core/Src/usbd_core.o
 .debug_aranges
                0x00001788       0x90 ./Middlewares/ST/STM32_USB_Device_Library/Core/Src/usbd_ctlreq.o
 .debug_aranges
                0x00001818       0x50 ./Middlewares/ST/STM32_USB_Device_Library/Core/Src/usbd_ioreq.o
 .debug_aranges
                0x00001868       0x20 ./USB_Device/App/usb_device.o
 .debug_aranges
                0x00001888       0x48 ./USB_Device/App/usbd_cdc_if.o
 .debug_aranges
                0x000018d0       0x60 ./USB_Device/App/usbd_desc.o
 .debug_aranges
                0x00001930      0x120 ./USB_Device/Target/usbd_conf.o

.debug_rnglists
                0x00000000     0x13e8
 .debug_rnglists
                0x00000000       0x57 ./Core/Src/Flash/Flash.o
 .debug_rnglists
                0x00000057       0x20 ./Core/Src/USB/USBCom.o
 .debug_rnglists
                0x00000077       0x21 ./Core/Src/adc.o
 .debug_rnglists
                0x00000098       0x1f ./Core/Src/dac.o
 .debug_rnglists
                0x000000b7       0x14 ./Core/Src/gpio.o
 .debug_rnglists
                0x000000cb       0x40 ./Core/Src/main.o
 .debug_rnglists
                0x0000010b       0x13 ./Core/Src/stm32g4xx_hal_msp.o
 .debug_rnglists
                0x0000011e       0x5b ./Core/Src/stm32g4xx_it.o
 .debug_rnglists
                0x00000179       0x1a ./Core/Src/system_stm32g4xx.o
 .debug_rnglists
                0x00000193       0x28 ./Core/Src/tim.o
 .debug_rnglists
                0x000001bb       0x19 ./Core/Startup/startup_stm32g431k8tx.o
 .debug_rnglists
                0x000001d4       0xdf ./Drivers/STM32G4xx_HAL_Driver/Src/stm32g4xx_hal.o
 .debug_rnglists
                0x000002b3      0x1c0 ./Drivers/STM32G4xx_HAL_Driver/Src/stm32g4xx_hal_adc.o
 .debug_rnglists
                0x00000473      0x15a ./Drivers/STM32G4xx_HAL_Driver/Src/stm32g4xx_hal_adc_ex.o
 .debug_rnglists
                0x000005cd       0xce ./Drivers/STM32G4xx_HAL_Driver/Src/stm32g4xx_hal_cortex.o
 .debug_rnglists
                0x0000069b       0x90 ./Drivers/STM32G4xx_HAL_Driver/Src/stm32g4xx_hal_dac.o
 .debug_rnglists
                0x0000072b       0x65 ./Drivers/STM32G4xx_HAL_Driver/Src/stm32g4xx_hal_flash.o
 .debug_rnglists
                0x00000790       0x98 ./Drivers/STM32G4xx_HAL_Driver/Src/stm32g4xx_hal_flash_ex.o
 .debug_rnglists
                0x00000828       0x3f ./Drivers/STM32G4xx_HAL_Driver/Src/stm32g4xx_hal_gpio.o
 .debug_rnglists
                0x00000867       0xe9 ./Drivers/STM32G4xx_HAL_Driver/Src/stm32g4xx_hal_pcd.o
 .debug_rnglists
                0x00000950       0x3f ./Drivers/STM32G4xx_HAL_Driver/Src/stm32g4xx_hal_pcd_ex.o
 .debug_rnglists
                0x0000098f       0xf1 ./Drivers/STM32G4xx_HAL_Driver/Src/stm32g4xx_hal_pwr_ex.o
 .debug_rnglists
                0x00000a80       0x74 ./Drivers/STM32G4xx_HAL_Driver/Src/stm32g4xx_hal_rcc.o
 .debug_rnglists
                0x00000af4       0x87 ./Drivers/STM32G4xx_HAL_Driver/Src/stm32g4xx_hal_rcc_ex.o
 .debug_rnglists
                0x00000b7b      0x328 ./Drivers/STM32G4xx_HAL_Driver/Src/stm32g4xx_hal_tim.o
 .debug_rnglists
                0x00000ea3      0x1cb ./Drivers/STM32G4xx_HAL_Driver/Src/stm32g4xx_hal_tim_ex.o
 .debug_rnglists
                0x0000106e       0x86 ./Drivers/STM32G4xx_HAL_Driver/Src/stm32g4xx_ll_usb.o
 .debug_rnglists
                0x000010f4       0x6a ./Middlewares/ST/STM32_USB_Device_Library/Class/CDC/Src/usbd_cdc.o
 .debug_rnglists
                0x0000115e       0x89 ./Middlewares/ST/STM32_USB_Device_Library/Core/Src/usbd_core.o
 .debug_rnglists
                0x000011e7       0x6e ./Middlewares/ST/STM32_USB_Device_Library/Core/Src/usbd_ctlreq.o
 .debug_rnglists
                0x00001255       0x37 ./Middlewares/ST/STM32_USB_Device_Library/Core/Src/usbd_ioreq.o
 .debug_rnglists
                0x0000128c       0x13 ./USB_Device/App/usb_device.o
 .debug_rnglists
                0x0000129f       0x32 ./USB_Device/App/usbd_cdc_if.o
 .debug_rnglists
                0x000012d1       0x43 ./USB_Device/App/usbd_desc.o
 .debug_rnglists
                0x00001314       0xd4 ./USB_Device/Target/usbd_conf.o

.debug_macro    0x00000000    0x264a4
 .debug_macro   0x00000000      0x22a ./Core/Src/Flash/Flash.o
 .debug_macro   0x0000022a      0xb8c ./Core/Src/Flash/Flash.o
 .debug_macro   0x00000db6      0x167 ./Core/Src/Flash/Flash.o
 .debug_macro   0x00000f1d       0x2e ./Core/Src/Flash/Flash.o
 .debug_macro   0x00000f4b       0x28 ./Core/Src/Flash/Flash.o
 .debug_macro   0x00000f73       0x1c ./Core/Src/Flash/Flash.o
 .debug_macro   0x00000f8f       0x22 ./Core/Src/Flash/Flash.o
 .debug_macro   0x00000fb1       0x8e ./Core/Src/Flash/Flash.o
 .debug_macro   0x0000103f       0x51 ./Core/Src/Flash/Flash.o
 .debug_macro   0x00001090      0x103 ./Core/Src/Flash/Flash.o
 .debug_macro   0x00001193       0x6a ./Core/Src/Flash/Flash.o
 .debug_macro   0x000011fd      0x1df ./Core/Src/Flash/Flash.o
 .debug_macro   0x000013dc       0x1c ./Core/Src/Flash/Flash.o
 .debug_macro   0x000013f8       0x22 ./Core/Src/Flash/Flash.o
 .debug_macro   0x0000141a       0xfb ./Core/Src/Flash/Flash.o
 .debug_macro   0x00001515     0x1011 ./Core/Src/Flash/Flash.o
 .debug_macro   0x00002526      0x11f ./Core/Src/Flash/Flash.o
 .debug_macro   0x00002645    0x11396 ./Core/Src/Flash/Flash.o
 .debug_macro   0x000139db       0x6d ./Core/Src/Flash/Flash.o
 .debug_macro   0x00013a48     0x3554 ./Core/Src/Flash/Flash.o
 .debug_macro   0x00016f9c      0x190 ./Core/Src/Flash/Flash.o
 .debug_macro   0x0001712c       0x5c ./Core/Src/Flash/Flash.o
 .debug_macro   0x00017188     0x141d ./Core/Src/Flash/Flash.o
 .debug_macro   0x000185a5      0x535 ./Core/Src/Flash/Flash.o
 .debug_macro   0x00018ada      0x1b6 ./Core/Src/Flash/Flash.o
 .debug_macro   0x00018c90      0x288 ./Core/Src/Flash/Flash.o
 .debug_macro   0x00018f18      0x41d ./Core/Src/Flash/Flash.o
 .debug_macro   0x00019335      0x18b ./Core/Src/Flash/Flash.o
 .debug_macro   0x000194c0       0x43 ./Core/Src/Flash/Flash.o
 .debug_macro   0x00019503      0x23d ./Core/Src/Flash/Flash.o
 .debug_macro   0x00019740     0x10fd ./Core/Src/Flash/Flash.o
 .debug_macro   0x0001a83d      0x72e ./Core/Src/Flash/Flash.o
 .debug_macro   0x0001af6b      0x391 ./Core/Src/Flash/Flash.o
 .debug_macro   0x0001b2fc      0x202 ./Core/Src/Flash/Flash.o
 .debug_macro   0x0001b4fe      0x108 ./Core/Src/Flash/Flash.o
 .debug_macro   0x0001b606      0x211 ./Core/Src/Flash/Flash.o
 .debug_macro   0x0001b817      0x401 ./Core/Src/Flash/Flash.o
 .debug_macro   0x0001bc18      0x107 ./Core/Src/Flash/Flash.o
 .debug_macro   0x0001bd1f       0x6c ./Core/Src/Flash/Flash.o
 .debug_macro   0x0001bd8b      0x234 ./Core/Src/Flash/Flash.o
 .debug_macro   0x0001bfbf      0x122 ./Core/Src/Flash/Flash.o
 .debug_macro   0x0001c0e1      0x3d1 ./Core/Src/Flash/Flash.o
 .debug_macro   0x0001c4b2      0xbbe ./Core/Src/Flash/Flash.o
 .debug_macro   0x0001d070      0x47e ./Core/Src/Flash/Flash.o
 .debug_macro   0x0001d4ee      0x306 ./Core/Src/Flash/Flash.o
 .debug_macro   0x0001d7f4      0x42b ./Core/Src/USB/USBCom.o
 .debug_macro   0x0001dc1f       0x61 ./Core/Src/USB/USBCom.o
 .debug_macro   0x0001dc80       0x2a ./Core/Src/USB/USBCom.o
 .debug_macro   0x0001dcaa       0x43 ./Core/Src/USB/USBCom.o
 .debug_macro   0x0001dced       0x34 ./Core/Src/USB/USBCom.o
 .debug_macro   0x0001dd21       0x16 ./Core/Src/USB/USBCom.o
 .debug_macro   0x0001dd37       0x35 ./Core/Src/USB/USBCom.o
 .debug_macro   0x0001dd6c      0x38c ./Core/Src/USB/USBCom.o
 .debug_macro   0x0001e0f8       0x10 ./Core/Src/USB/USBCom.o
 .debug_macro   0x0001e108       0x16 ./Core/Src/USB/USBCom.o
 .debug_macro   0x0001e11e       0x43 ./Core/Src/USB/USBCom.o
 .debug_macro   0x0001e161       0x34 ./Core/Src/USB/USBCom.o
 .debug_macro   0x0001e195       0x10 ./Core/Src/USB/USBCom.o
 .debug_macro   0x0001e1a5       0x58 ./Core/Src/USB/USBCom.o
 .debug_macro   0x0001e1fd       0x8e ./Core/Src/USB/USBCom.o
 .debug_macro   0x0001e28b       0x16 ./Core/Src/USB/USBCom.o
 .debug_macro   0x0001e2a1      0x177 ./Core/Src/USB/USBCom.o
 .debug_macro   0x0001e418       0x16 ./Core/Src/USB/USBCom.o
 .debug_macro   0x0001e42e       0x16 ./Core/Src/USB/USBCom.o
 .debug_macro   0x0001e444      0x138 ./Core/Src/USB/USBCom.o
 .debug_macro   0x0001e57c      0x1d6 ./Core/Src/USB/USBCom.o
 .debug_macro   0x0001e752       0x10 ./Core/Src/USB/USBCom.o
 .debug_macro   0x0001e762      0x417 ./Core/Src/USB/USBCom.o
 .debug_macro   0x0001eb79       0x10 ./Core/Src/USB/USBCom.o
 .debug_macro   0x0001eb89       0x16 ./Core/Src/USB/USBCom.o
 .debug_macro   0x0001eb9f       0x16 ./Core/Src/USB/USBCom.o
 .debug_macro   0x0001ebb5       0x29 ./Core/Src/USB/USBCom.o
 .debug_macro   0x0001ebde       0x1c ./Core/Src/USB/USBCom.o
 .debug_macro   0x0001ebfa       0xde ./Core/Src/USB/USBCom.o
 .debug_macro   0x0001ecd8       0x16 ./Core/Src/USB/USBCom.o
 .debug_macro   0x0001ecee       0x20 ./Core/Src/USB/USBCom.o
 .debug_macro   0x0001ed0e       0x5f ./Core/Src/USB/USBCom.o
 .debug_macro   0x0001ed6d      0x1ef ./Core/Src/USB/USBCom.o
 .debug_macro   0x0001ef5c       0x95 ./Core/Src/USB/USBCom.o
 .debug_macro   0x0001eff1       0x10 ./Core/Src/USB/USBCom.o
 .debug_macro   0x0001f001       0x10 ./Core/Src/USB/USBCom.o
 .debug_macro   0x0001f011      0x22e ./Core/Src/adc.o
 .debug_macro   0x0001f23f      0xab4 ./Core/Src/adc.o
 .debug_macro   0x0001fcf3     0x1011 ./Core/Src/adc.o
 .debug_macro   0x00020d04      0x189 ./Core/Src/adc.o
 .debug_macro   0x00020e8d       0x34 ./Core/Src/adc.o
 .debug_macro   0x00020ec1      0x22e ./Core/Src/dac.o
 .debug_macro   0x000210ef      0x22e ./Core/Src/gpio.o
 .debug_macro   0x0002131d      0x473 ./Core/Src/main.o
 .debug_macro   0x00021790       0x16 ./Core/Src/main.o
 .debug_macro   0x000217a6      0x224 ./Core/Src/stm32g4xx_hal_msp.o
 .debug_macro   0x000219ca      0x22e ./Core/Src/stm32g4xx_it.o
 .debug_macro   0x00021bf8      0x215 ./Core/Src/system_stm32g4xx.o
 .debug_macro   0x00021e0d      0x22e ./Core/Src/tim.o
 .debug_macro   0x0002203b      0x263 ./Drivers/STM32G4xx_HAL_Driver/Src/stm32g4xx_hal.o
 .debug_macro   0x0002229e      0x232 ./Drivers/STM32G4xx_HAL_Driver/Src/stm32g4xx_hal_adc.o
 .debug_macro   0x000224d0      0x221 ./Drivers/STM32G4xx_HAL_Driver/Src/stm32g4xx_hal_adc_ex.o
 .debug_macro   0x000226f1      0x215 ./Drivers/STM32G4xx_HAL_Driver/Src/stm32g4xx_hal_cortex.o
 .debug_macro   0x00022906      0x22b ./Drivers/STM32G4xx_HAL_Driver/Src/stm32g4xx_hal_dac.o
 .debug_macro   0x00022b31      0x21b ./Drivers/STM32G4xx_HAL_Driver/Src/stm32g4xx_hal_flash.o
 .debug_macro   0x00022d4c      0x215 ./Drivers/STM32G4xx_HAL_Driver/Src/stm32g4xx_hal_flash_ex.o